<!doctype html public "-//w3c//dtd html 4.0 transitional//en">
<html><head>
<title>Static Call Graph - [.\flash\gt1025_V0.axf]</title></head>
<body><HR>
<H1>Static Call Graph for image .\flash\gt1025_V0.axf</H1><HR>
<BR><P>#&#060CALLGRAPH&#062# ARM Linker, 5.03 [Build 76]: Last Updated: Sun Feb 28 23:32:53 2016
<BR><P>
<H3>Maximum Stack Usage =       1828 bytes + Unknown(Cycles, Untraceable Function Pointers)</H3><H3>
Call chain for Maximum Stack Depth:</H3>
Ampm_MainSmsRecvCallback &rArr; CMD_CfgParse &rArr; DB_Print &rArr; DB__Print1 &rArr; f_open &rArr; dir_register &rArr; dir_find &rArr; dir_next &rArr; create_chain &rArr; put_fat &rArr; move_window &rArr; sync_window &rArr; disk_write &rArr; MMC_disk_write &rArr; send_cmd &rArr;  send_cmd (Cycle)
<P>
<H3>
Mutually Recursive functions
</H3> <LI><a href="#[240]">send_cmd</a>&nbsp;&nbsp;&nbsp;&rArr;&nbsp;&nbsp;&nbsp;<a href="#[240]">send_cmd</a><BR>
 <LI><a href="#[241]">MMC_disk_ioctl</a>&nbsp;&nbsp;&nbsp;&rArr;&nbsp;&nbsp;&nbsp;<a href="#[241]">MMC_disk_ioctl</a><BR>
 <LI><a href="#[12f]">scan_files</a>&nbsp;&nbsp;&nbsp;&rArr;&nbsp;&nbsp;&nbsp;<a href="#[12f]">scan_files</a><BR>
 <LI><a href="#[104]">DB_RemoveDir</a>&nbsp;&nbsp;&nbsp;&rArr;&nbsp;&nbsp;&nbsp;<a href="#[104]">DB_RemoveDir</a><BR>
 <LI><a href="#[27c]">PPP__ThisLayerFinished</a>&nbsp;&nbsp;&nbsp;&rArr;&nbsp;&nbsp;&nbsp;<a href="#[275]">PPP__ManageState</a><BR>
 <LI><a href="#[27b]">PPP__ThisLayerUp</a>&nbsp;&nbsp;&nbsp;&rArr;&nbsp;&nbsp;&nbsp;<a href="#[275]">PPP__ManageState</a><BR>
 <LI><a href="#[277]">PPP__SendConfigReq</a>&nbsp;&nbsp;&nbsp;&rArr;&nbsp;&nbsp;&nbsp;<a href="#[275]">PPP__ManageState</a><BR>
 <LI><a href="#[274]">PPP__ThisLayerDown</a>&nbsp;&nbsp;&nbsp;&rArr;&nbsp;&nbsp;&nbsp;<a href="#[275]">PPP__ManageState</a><BR>
 <LI><a href="#[1]">NMI_Handler</a>&nbsp;&nbsp;&nbsp;&rArr;&nbsp;&nbsp;&nbsp;<a href="#[1]">NMI_Handler</a><BR>
 <LI><a href="#[3]">MemManage_Handler</a>&nbsp;&nbsp;&nbsp;&rArr;&nbsp;&nbsp;&nbsp;<a href="#[3]">MemManage_Handler</a><BR>
 <LI><a href="#[4]">BusFault_Handler</a>&nbsp;&nbsp;&nbsp;&rArr;&nbsp;&nbsp;&nbsp;<a href="#[4]">BusFault_Handler</a><BR>
 <LI><a href="#[5]">UsageFault_Handler</a>&nbsp;&nbsp;&nbsp;&rArr;&nbsp;&nbsp;&nbsp;<a href="#[5]">UsageFault_Handler</a><BR>
 <LI><a href="#[6]">SVC_Handler</a>&nbsp;&nbsp;&nbsp;&rArr;&nbsp;&nbsp;&nbsp;<a href="#[6]">SVC_Handler</a><BR>
 <LI><a href="#[7]">DebugMon_Handler</a>&nbsp;&nbsp;&nbsp;&rArr;&nbsp;&nbsp;&nbsp;<a href="#[7]">DebugMon_Handler</a><BR>
 <LI><a href="#[8]">PendSV_Handler</a>&nbsp;&nbsp;&nbsp;&rArr;&nbsp;&nbsp;&nbsp;<a href="#[8]">PendSV_Handler</a><BR>
 <LI><a href="#[1c]">ADC1_2_IRQHandler</a>&nbsp;&nbsp;&nbsp;&rArr;&nbsp;&nbsp;&nbsp;<a href="#[1c]">ADC1_2_IRQHandler</a><BR>
</UL>
<P>
<H3>
Function Pointers
</H3><UL>
 <LI><a href="#[1c]">ADC1_2_IRQHandler</a> from startup_stm32f10x_md.o(.text) referenced from startup_stm32f10x_md.o(RESET)
 <LI><a href="#[3a]">Ampm_GSM_GetATI</a> from ampm_gsm_main_task.o(.text) referenced from ampm_gsm_startup.o(.text)
 <LI><a href="#[1a5]">Ampm_GSM_GetIMEI</a> from ampm_gsm_startup.o(.text) referenced from ampm_gsm_startup.o(.text)
 <LI><a href="#[1a4]">Ampm_GSM_GetSimCID</a> from ampm_gsm_startup.o(.text) referenced from ampm_gsm_startup.o(.text)
 <LI><a href="#[4b]">Ampm_GetServiceCenterNumber</a> from ampm_gsm_sms.o(.text) referenced from ampm_gsm_sms.o(.constdata)
 <LI><a href="#[4e]">Ampm_GsmCREG</a> from ampm_gsm_sms.o(.text) referenced from ampm_gsm_sms.o(.constdata)
 <LI><a href="#[3b]">Ampm_GsmGetCSQ</a> from ampm_gsm_common.o(.text) referenced from ampm_gsm_common.o(.constdata)
 <LI><a href="#[3b]">Ampm_GsmGetCSQ</a> from ampm_gsm_common.o(.text) referenced from ampm_gsm_startup.o(.text)
 <LI><a href="#[45]">Ampm_GsmMainCallPhaseFinished</a> from ampm_gsm_main_task.o(.text) referenced from ampm_gsm_main_task.o(.constdata)
 <LI><a href="#[43]">Ampm_GsmRecvCallback</a> from ampm_gsm_io.o(.text) referenced 22 times from ampm_gsm_common.o(.constdata)
 <LI><a href="#[43]">Ampm_GsmRecvCallback</a> from ampm_gsm_io.o(.text) referenced from ampm_gsm_io.o(.text)
 <LI><a href="#[42]">Ampm_GsmSendCallback</a> from ampm_gsm_io.o(.text) referenced 22 times from ampm_gsm_common.o(.constdata)
 <LI><a href="#[42]">Ampm_GsmSendCallback</a> from ampm_gsm_io.o(.text) referenced from ampm_gsm_io.o(.text)
 <LI><a href="#[4a]">Ampm_GsmSmsRecv0</a> from ampm_gsm_sms.o(.text) referenced from ampm_gsm_sms.o(.constdata)
 <LI><a href="#[48]">Ampm_GsmSmsRecv1</a> from ampm_gsm_sms.o(.text) referenced 2 times from ampm_gsm_sms.o(.constdata)
 <LI><a href="#[49]">Ampm_GsmSmsRecv2</a> from ampm_gsm_sms.o(.text) referenced from ampm_gsm_sms.o(.constdata)
 <LI><a href="#[47]">Ampm_GsmSmsRecvCallback_CMGD</a> from ampm_gsm_sms.o(.text) referenced from ampm_gsm_sms.o(.constdata)
 <LI><a href="#[46]">Ampm_GsmSmsRecvCallback_CMGR</a> from ampm_gsm_sms.o(.text) referenced from ampm_gsm_sms.o(.constdata)
 <LI><a href="#[51]">Ampm_GsmSmsSendCallback_CMGF</a> from ampm_gsm_sms.o(.text) referenced from ampm_gsm_sms.o(.constdata)
 <LI><a href="#[4c]">Ampm_GsmSmsSendCallback_CMGS</a> from ampm_gsm_sms.o(.text) referenced from ampm_gsm_sms.o(.constdata)
 <LI><a href="#[50]">Ampm_GsmSmsSendCallback_CSCA</a> from ampm_gsm_sms.o(.text) referenced 2 times from ampm_gsm_sms.o(.constdata)
 <LI><a href="#[4d]">Ampm_GsmSmsSendMessageCallback</a> from ampm_gsm_sms.o(.text) referenced from ampm_gsm_sms.o(.constdata)
 <LI><a href="#[4f]">Ampm_GsmSmsSent</a> from ampm_gsm_sms.o(.text) referenced from ampm_gsm_sms.o(.constdata)
 <LI><a href="#[39]">Ampm_MainSmsRecvCallback</a> from main.o(.text) referenced from ampm_gsm_main_task.o(.text)
 <LI><a href="#[180]">Ampm_MainSwithToIdle</a> from ampm_gsm_main_task.o(.text) referenced from ampm_gsm_main_task.o(.text)
 <LI><a href="#[56]">Ampm_SMS_Process</a> from ampm_gsm_sms.o(.text) referenced 3 times from at_command_parser.o(.constdata)
 <LI><a href="#[55]">Ampm_SMS_ReadMsg</a> from ampm_gsm_sms.o(.text) referenced from at_command_parser.o(.constdata)
 <LI><a href="#[54]">Ampm_SMS_URC_Incomming</a> from ampm_gsm_sms.o(.text) referenced from at_command_parser.o(.constdata)
 <LI><a href="#[3c]">Ampm_SetCmdOK</a> from ampm_gsm_io.o(.text) referenced from ampm_gsm_startup.o(.text)
 <LI><a href="#[52]">Ampm_URC_CLIP_Process</a> from at_command_parser.o(.text) referenced from at_command_parser.o(.constdata)
 <LI><a href="#[53]">Ampm_URC_RING_Process</a> from at_command_parser.o(.text) referenced from at_command_parser.o(.constdata)
 <LI><a href="#[4]">BusFault_Handler</a> from startup_stm32f10x_md.o(.text) referenced from startup_stm32f10x_md.o(RESET)
 <LI><a href="#[1f]">CAN1_RX1_IRQHandler</a> from startup_stm32f10x_md.o(.text) referenced from startup_stm32f10x_md.o(RESET)
 <LI><a href="#[20]">CAN1_SCE_IRQHandler</a> from startup_stm32f10x_md.o(.text) referenced from startup_stm32f10x_md.o(RESET)
 <LI><a href="#[15]">DMA1_Channel1_IRQHandler</a> from startup_stm32f10x_md.o(.text) referenced from startup_stm32f10x_md.o(RESET)
 <LI><a href="#[16]">DMA1_Channel2_IRQHandler</a> from startup_stm32f10x_md.o(.text) referenced from startup_stm32f10x_md.o(RESET)
 <LI><a href="#[17]">DMA1_Channel3_IRQHandler</a> from startup_stm32f10x_md.o(.text) referenced from startup_stm32f10x_md.o(RESET)
 <LI><a href="#[18]">DMA1_Channel4_IRQHandler</a> from startup_stm32f10x_md.o(.text) referenced from startup_stm32f10x_md.o(RESET)
 <LI><a href="#[19]">DMA1_Channel5_IRQHandler</a> from startup_stm32f10x_md.o(.text) referenced from startup_stm32f10x_md.o(RESET)
 <LI><a href="#[1a]">DMA1_Channel6_IRQHandler</a> from startup_stm32f10x_md.o(.text) referenced from startup_stm32f10x_md.o(RESET)
 <LI><a href="#[1b]">DMA1_Channel7_IRQHandler</a> from startup_stm32f10x_md.o(.text) referenced from startup_stm32f10x_md.o(RESET)
 <LI><a href="#[7]">DebugMon_Handler</a> from startup_stm32f10x_md.o(.text) referenced from startup_stm32f10x_md.o(RESET)
 <LI><a href="#[44]">DialupAtCallback0</a> from ampm_gsm_dial_up.o(.text) referenced from ampm_gsm_dial_up.o(.constdata)
 <LI><a href="#[10]">EXTI0_IRQHandler</a> from exti.o(.text) referenced from startup_stm32f10x_md.o(RESET)
 <LI><a href="#[32]">EXTI15_10_IRQHandler</a> from startup_stm32f10x_md.o(.text) referenced from startup_stm32f10x_md.o(RESET)
 <LI><a href="#[11]">EXTI1_IRQHandler</a> from exti.o(.text) referenced from startup_stm32f10x_md.o(RESET)
 <LI><a href="#[12]">EXTI2_IRQHandler</a> from exti.o(.text) referenced from startup_stm32f10x_md.o(RESET)
 <LI><a href="#[13]">EXTI3_IRQHandler</a> from exti.o(.text) referenced from startup_stm32f10x_md.o(RESET)
 <LI><a href="#[14]">EXTI4_IRQHandler</a> from exti.o(.text) referenced from startup_stm32f10x_md.o(RESET)
 <LI><a href="#[21]">EXTI9_5_IRQHandler</a> from exti.o(.text) referenced from startup_stm32f10x_md.o(RESET)
 <LI><a href="#[118]">FIRMWARE_Callback</a> from firmware_task.o(.text) referenced from firmware_task.o(.text)
 <LI><a href="#[e]">FLASH_IRQHandler</a> from startup_stm32f10x_md.o(.text) referenced from startup_stm32f10x_md.o(RESET)
 <LI><a href="#[28a]">FTPGetFileName</a> from ftp.o(.text) referenced from ftp.o(.text)
 <LI><a href="#[289]">FTPGetPass</a> from ftp.o(.text) referenced from ftp.o(.text)
 <LI><a href="#[288]">FTPGetUser</a> from ftp.o(.text) referenced from ftp.o(.text)
 <LI><a href="#[286]">FTPListFile</a> from ftp.o(.text) referenced from ftp.o(.text)
 <LI><a href="#[58]">GPGGA_Process</a> from gps.o(.text) referenced from gps.o(.constdata)
 <LI><a href="#[59]">GPGSA_Process</a> from gps.o(.text) referenced from gps.o(.constdata)
 <LI><a href="#[5a]">GPGSV_Process</a> from gps.o(.text) referenced from gps.o(.constdata)
 <LI><a href="#[57]">GPRMC_Process</a> from gps.o(.text) referenced from gps.o(.constdata)
 <LI><a href="#[2]">HardFault_Handler</a> from main.o(.text) referenced from startup_stm32f10x_md.o(RESET)
 <LI><a href="#[2a]">I2C1_ER_IRQHandler</a> from startup_stm32f10x_md.o(.text) referenced from startup_stm32f10x_md.o(RESET)
 <LI><a href="#[29]">I2C1_EV_IRQHandler</a> from startup_stm32f10x_md.o(.text) referenced from startup_stm32f10x_md.o(RESET)
 <LI><a href="#[2c]">I2C2_ER_IRQHandler</a> from startup_stm32f10x_md.o(.text) referenced from startup_stm32f10x_md.o(RESET)
 <LI><a href="#[2b]">I2C2_EV_IRQHandler</a> from startup_stm32f10x_md.o(.text) referenced from startup_stm32f10x_md.o(RESET)
 <LI><a href="#[3]">MemManage_Handler</a> from startup_stm32f10x_md.o(.text) referenced from startup_stm32f10x_md.o(RESET)
 <LI><a href="#[1]">NMI_Handler</a> from startup_stm32f10x_md.o(.text) referenced from startup_stm32f10x_md.o(RESET)
 <LI><a href="#[b]">PVD_IRQHandler</a> from startup_stm32f10x_md.o(.text) referenced from startup_stm32f10x_md.o(RESET)
 <LI><a href="#[8]">PendSV_Handler</a> from startup_stm32f10x_md.o(.text) referenced from startup_stm32f10x_md.o(RESET)
 <LI><a href="#[f]">RCC_IRQHandler</a> from startup_stm32f10x_md.o(.text) referenced from startup_stm32f10x_md.o(RESET)
 <LI><a href="#[33]">RTCAlarm_IRQHandler</a> from rtc.o(.text) referenced from startup_stm32f10x_md.o(RESET)
 <LI><a href="#[d]">RTC_IRQHandler</a> from rtc.o(.text) referenced from startup_stm32f10x_md.o(RESET)
 <LI><a href="#[0]">Reset_Handler</a> from startup_stm32f10x_md.o(.text) referenced from startup_stm32f10x_md.o(RESET)
 <LI><a href="#[2d]">SPI1_IRQHandler</a> from startup_stm32f10x_md.o(.text) referenced from startup_stm32f10x_md.o(RESET)
 <LI><a href="#[2e]">SPI2_IRQHandler</a> from startup_stm32f10x_md.o(.text) referenced from startup_stm32f10x_md.o(RESET)
 <LI><a href="#[6]">SVC_Handler</a> from startup_stm32f10x_md.o(.text) referenced from startup_stm32f10x_md.o(RESET)
 <LI><a href="#[9]">SysTick_Handler</a> from tick.o(.text) referenced from startup_stm32f10x_md.o(RESET)
 <LI><a href="#[c]">TAMPER_IRQHandler</a> from startup_stm32f10x_md.o(.text) referenced from startup_stm32f10x_md.o(RESET)
 <LI><a href="#[22]">TIM1_BRK_IRQHandler</a> from startup_stm32f10x_md.o(.text) referenced from startup_stm32f10x_md.o(RESET)
 <LI><a href="#[25]">TIM1_CC_IRQHandler</a> from startup_stm32f10x_md.o(.text) referenced from startup_stm32f10x_md.o(RESET)
 <LI><a href="#[24]">TIM1_TRG_COM_IRQHandler</a> from startup_stm32f10x_md.o(.text) referenced from startup_stm32f10x_md.o(RESET)
 <LI><a href="#[23]">TIM1_UP_IRQHandler</a> from startup_stm32f10x_md.o(.text) referenced from startup_stm32f10x_md.o(RESET)
 <LI><a href="#[26]">TIM2_IRQHandler</a> from main.o(.text) referenced from startup_stm32f10x_md.o(RESET)
 <LI><a href="#[27]">TIM3_IRQHandler</a> from startup_stm32f10x_md.o(.text) referenced from startup_stm32f10x_md.o(RESET)
 <LI><a href="#[28]">TIM4_IRQHandler</a> from buzzer.o(.text) referenced from startup_stm32f10x_md.o(RESET)
 <LI><a href="#[133]">TRACKING_SVR_Callback</a> from tracking_server.o(.text) referenced from tracking_server.o(.text)
 <LI><a href="#[2f]">USART1_IRQHandler</a> from uart1.o(.text) referenced from startup_stm32f10x_md.o(RESET)
 <LI><a href="#[30]">USART2_IRQHandler</a> from uart2.o(.text) referenced from startup_stm32f10x_md.o(RESET)
 <LI><a href="#[31]">USART3_IRQHandler</a> from uart3.o(.text) referenced from startup_stm32f10x_md.o(RESET)
 <LI><a href="#[34]">USBWakeUp_IRQHandler</a> from exti.o(.text) referenced from startup_stm32f10x_md.o(RESET)
 <LI><a href="#[5b]">USB_EndPoint0</a> from usbcore.o(.text) referenced from usbuser.o(.constdata)
 <LI><a href="#[5c]">USB_EndPoint1</a> from usbuser.o(.text) referenced from usbuser.o(.constdata)
 <LI><a href="#[1d]">USB_HP_CAN1_TX_IRQHandler</a> from startup_stm32f10x_md.o(.text) referenced from startup_stm32f10x_md.o(RESET)
 <LI><a href="#[1e]">USB_LP_CAN1_RX0_IRQHandler</a> from usbhw.o(.text) referenced from startup_stm32f10x_md.o(RESET)
 <LI><a href="#[5]">UsageFault_Handler</a> from startup_stm32f10x_md.o(.text) referenced from startup_stm32f10x_md.o(RESET)
 <LI><a href="#[a]">WWDG_IRQHandler</a> from startup_stm32f10x_md.o(.text) referenced from startup_stm32f10x_md.o(RESET)
 <LI><a href="#[38]">__main</a> from entry.o(.ARM.Collect$$$$00000000) referenced from startup_stm32f10x_md.o(.text)
 <LI><a href="#[3e]">_sbackspace</a> from _sgetc.o(.text) referenced 2 times from __0sscanf.o(.text)
 <LI><a href="#[3f]">_scanf_char_input</a> from scanf_char.o(.text) referenced from scanf_char.o(.text)
 <LI><a href="#[3d]">_sgetc</a> from _sgetc.o(.text) referenced 2 times from __0sscanf.o(.text)
 <LI><a href="#[41]">_sputc</a> from printfa.o(i._sputc) referenced from printfa.o(i.__0sprintf)
 <LI><a href="#[41]">_sputc</a> from printfa.o(i._sputc) referenced from printfa.o(i.__0vsprintf)
 <LI><a href="#[295]">ftpc_control_appcall</a> from ftpc.o(.text) referenced from ftpc.o(.text)
 <LI><a href="#[291]">ftpc_data_appcall</a> from ftpc.o(.text) referenced from ftpc.o(.text)
 <LI><a href="#[40]">isspace</a> from isspace_o.o(.text) referenced 2 times from scanf_char.o(.text)
 <LI><a href="#[35]">main</a> from main.o(.text) referenced from entry9a.o(.ARM.Collect$$$$0000000B)
 <LI><a href="#[253]">resolv_appcall</a> from resolv.o(.text) referenced from resolv.o(.text)
 <LI><a href="#[37]">vTcpIpTask</a> from tcp_ip_task.o(.text) referenced from main.o(.text)
 <LI><a href="#[36]">vTcpIpTaskInit</a> from tcp_ip_task.o(.text) referenced from main.o(.text)
</UL>
<P>
<H3>
Global Symbols
</H3>
<P><STRONG><a name="[38]"></a>__main</STRONG> (Thumb, 0 bytes, Stack size unknown bytes, entry.o(.ARM.Collect$$$$00000000))
<BR>[Address Reference Count : 1]<UL><LI> startup_stm32f10x_md.o(.text)
</UL>
<P><STRONG><a name="[2c1]"></a>_main_stk</STRONG> (Thumb, 0 bytes, Stack size unknown bytes, entry2.o(.ARM.Collect$$$$00000001))

<P><STRONG><a name="[5d]"></a>_main_scatterload</STRONG> (Thumb, 0 bytes, Stack size unknown bytes, entry5.o(.ARM.Collect$$$$00000004))
<BR><BR>[Calls]<UL><LI><a href="#[5e]">&gt;&gt;</a>&nbsp;&nbsp;&nbsp;__scatterload
</UL>

<P><STRONG><a name="[2b5]"></a>__main_after_scatterload</STRONG> (Thumb, 0 bytes, Stack size unknown bytes, entry5.o(.ARM.Collect$$$$00000004))
<BR><BR>[Called By]<UL><LI><a href="#[5e]">&gt;&gt;</a>&nbsp;&nbsp;&nbsp;__scatterload
</UL>

<P><STRONG><a name="[2c2]"></a>_main_clock</STRONG> (Thumb, 0 bytes, Stack size unknown bytes, entry7b.o(.ARM.Collect$$$$00000008))

<P><STRONG><a name="[2c3]"></a>_main_cpp_init</STRONG> (Thumb, 0 bytes, Stack size unknown bytes, entry8b.o(.ARM.Collect$$$$0000000A))

<P><STRONG><a name="[2c4]"></a>_main_init</STRONG> (Thumb, 0 bytes, Stack size unknown bytes, entry9a.o(.ARM.Collect$$$$0000000B))

<P><STRONG><a name="[2c5]"></a>__rt_final_cpp</STRONG> (Thumb, 0 bytes, Stack size unknown bytes, entry10a.o(.ARM.Collect$$$$0000000D))

<P><STRONG><a name="[2c6]"></a>__rt_final_exit</STRONG> (Thumb, 0 bytes, Stack size unknown bytes, entry11a.o(.ARM.Collect$$$$0000000F))

<P><STRONG><a name="[2]"></a>HardFault_Handler</STRONG> (Thumb, 30 bytes, Stack size 0 bytes, main.o(.text))
<BR>[Address Reference Count : 1]<UL><LI> startup_stm32f10x_md.o(RESET)
</UL>
<P><STRONG><a name="[39]"></a>Ampm_MainSmsRecvCallback</STRONG> (Thumb, 16 bytes, Stack size 8 bytes, main.o(.text))
<BR><BR>[Stack]<UL><LI>Max Depth = 1828<LI>Call Chain = Ampm_MainSmsRecvCallback &rArr; CMD_CfgParse &rArr; DB_Print &rArr; DB__Print1 &rArr; f_open &rArr; dir_register &rArr; dir_find &rArr; dir_next &rArr; create_chain &rArr; put_fat &rArr; move_window &rArr; sync_window &rArr; disk_write &rArr; MMC_disk_write &rArr; send_cmd &rArr;  send_cmd (Cycle)
</UL>
<BR>[Calls]<UL><LI><a href="#[5f]">&gt;&gt;</a>&nbsp;&nbsp;&nbsp;CMD_CfgParse
</UL>
<BR>[Address Reference Count : 1]<UL><LI> ampm_gsm_main_task.o(.text)
</UL>
<P><STRONG><a name="[78]"></a>SysSleep</STRONG> (Thumb, 2 bytes, Stack size 0 bytes, main.o(.text))
<BR><BR>[Called By]<UL><LI><a href="#[75]">&gt;&gt;</a>&nbsp;&nbsp;&nbsp;AppRun
</UL>

<P><STRONG><a name="[60]"></a>GSM_GPRS_Task</STRONG> (Thumb, 442 bytes, Stack size 48 bytes, main.o(.text))
<BR><BR>[Stack]<UL><LI>Max Depth = 1500<LI>Call Chain = GSM_GPRS_Task &rArr; TrackerTask &rArr; DB_Print &rArr; DB__Print1 &rArr; f_open &rArr; dir_register &rArr; dir_find &rArr; dir_next &rArr; create_chain &rArr; put_fat &rArr; move_window &rArr; sync_window &rArr; disk_write &rArr; MMC_disk_write &rArr; send_cmd &rArr;  send_cmd (Cycle)
</UL>
<BR>[Calls]<UL><LI><a href="#[36]">&gt;&gt;</a>&nbsp;&nbsp;&nbsp;vTcpIpTaskInit
<LI><a href="#[65]">&gt;&gt;</a>&nbsp;&nbsp;&nbsp;UsbConfigTask
<LI><a href="#[72]">&gt;&gt;</a>&nbsp;&nbsp;&nbsp;TrackerTask
<LI><a href="#[6f]">&gt;&gt;</a>&nbsp;&nbsp;&nbsp;TrackerGetNewData
<LI><a href="#[67]">&gt;&gt;</a>&nbsp;&nbsp;&nbsp;ResetMcuTask
<LI><a href="#[69]">&gt;&gt;</a>&nbsp;&nbsp;&nbsp;RINGBUF_Get
<LI><a href="#[62]">&gt;&gt;</a>&nbsp;&nbsp;&nbsp;InitTimeout
<LI><a href="#[71]">&gt;&gt;</a>&nbsp;&nbsp;&nbsp;IO_Control
<LI><a href="#[64]">&gt;&gt;</a>&nbsp;&nbsp;&nbsp;GetDataFromLog
<LI><a href="#[70]">&gt;&gt;</a>&nbsp;&nbsp;&nbsp;CheckTimeout
<LI><a href="#[6e]">&gt;&gt;</a>&nbsp;&nbsp;&nbsp;CFG_Save
<LI><a href="#[73]">&gt;&gt;</a>&nbsp;&nbsp;&nbsp;CFG_ReLoad
<LI><a href="#[6a]">&gt;&gt;</a>&nbsp;&nbsp;&nbsp;CAM_TakeSnapshot
<LI><a href="#[6b]">&gt;&gt;</a>&nbsp;&nbsp;&nbsp;CAM_Manage
<LI><a href="#[68]">&gt;&gt;</a>&nbsp;&nbsp;&nbsp;CAM_Input
<LI><a href="#[74]">&gt;&gt;</a>&nbsp;&nbsp;&nbsp;Accelerometer_Task_MMA7660
<LI><a href="#[63]">&gt;&gt;</a>&nbsp;&nbsp;&nbsp;AMPM_GSM_MainTask
<LI><a href="#[61]">&gt;&gt;</a>&nbsp;&nbsp;&nbsp;AMPM_GSM_Init
<LI><a href="#[66]">&gt;&gt;</a>&nbsp;&nbsp;&nbsp;ADC_Task
<LI><a href="#[6d]">&gt;&gt;</a>&nbsp;&nbsp;&nbsp;strcpy
<LI><a href="#[6c]">&gt;&gt;</a>&nbsp;&nbsp;&nbsp;strstr
</UL>
<BR>[Called By]<UL><LI><a href="#[75]">&gt;&gt;</a>&nbsp;&nbsp;&nbsp;AppRun
</UL>

<P><STRONG><a name="[75]"></a>AppRun</STRONG> (Thumb, 62 bytes, Stack size 8 bytes, main.o(.text))
<BR><BR>[Stack]<UL><LI>Max Depth = 1508<LI>Call Chain = AppRun &rArr; GSM_GPRS_Task &rArr; TrackerTask &rArr; DB_Print &rArr; DB__Print1 &rArr; f_open &rArr; dir_register &rArr; dir_find &rArr; dir_next &rArr; create_chain &rArr; put_fat &rArr; move_window &rArr; sync_window &rArr; disk_write &rArr; MMC_disk_write &rArr; send_cmd &rArr;  send_cmd (Cycle)
</UL>
<BR>[Calls]<UL><LI><a href="#[77]">&gt;&gt;</a>&nbsp;&nbsp;&nbsp;SMS_TaskInit
<LI><a href="#[76]">&gt;&gt;</a>&nbsp;&nbsp;&nbsp;LoadFirmwareFile
<LI><a href="#[62]">&gt;&gt;</a>&nbsp;&nbsp;&nbsp;InitTimeout
<LI><a href="#[70]">&gt;&gt;</a>&nbsp;&nbsp;&nbsp;CheckTimeout
<LI><a href="#[60]">&gt;&gt;</a>&nbsp;&nbsp;&nbsp;GSM_GPRS_Task
<LI><a href="#[78]">&gt;&gt;</a>&nbsp;&nbsp;&nbsp;SysSleep
</UL>
<BR>[Called By]<UL><LI><a href="#[35]">&gt;&gt;</a>&nbsp;&nbsp;&nbsp;main
</UL>

<P><STRONG><a name="[80]"></a>TIMER2_Init</STRONG> (Thumb, 120 bytes, Stack size 12 bytes, main.o(.text))
<BR><BR>[Stack]<UL><LI>Max Depth = 12<LI>Call Chain = TIMER2_Init
</UL>
<BR>[Called By]<UL><LI><a href="#[79]">&gt;&gt;</a>&nbsp;&nbsp;&nbsp;SysInit
</UL>

<P><STRONG><a name="[79]"></a>SysInit</STRONG> (Thumb, 564 bytes, Stack size 8 bytes, main.o(.text))
<BR><BR>[Stack]<UL><LI>Max Depth = 1036<LI>Call Chain = SysInit &rArr; DB_Init &rArr; mscInit &rArr; scan_files &rArr;  scan_files (Cycle)
</UL>
<BR>[Calls]<UL><LI><a href="#[8e]">&gt;&gt;</a>&nbsp;&nbsp;&nbsp;UsbConfigTaskInit
<LI><a href="#[8f]">&gt;&gt;</a>&nbsp;&nbsp;&nbsp;USB_Init
<LI><a href="#[90]">&gt;&gt;</a>&nbsp;&nbsp;&nbsp;USB_Connect
<LI><a href="#[8c]">&gt;&gt;</a>&nbsp;&nbsp;&nbsp;USART3_PutString
<LI><a href="#[8b]">&gt;&gt;</a>&nbsp;&nbsp;&nbsp;USART3_Init
<LI><a href="#[8a]">&gt;&gt;</a>&nbsp;&nbsp;&nbsp;USART2_Init
<LI><a href="#[88]">&gt;&gt;</a>&nbsp;&nbsp;&nbsp;USART1_Init
<LI><a href="#[7b]">&gt;&gt;</a>&nbsp;&nbsp;&nbsp;TICK_Init
<LI><a href="#[7a]">&gt;&gt;</a>&nbsp;&nbsp;&nbsp;SystemInit
<LI><a href="#[85]">&gt;&gt;</a>&nbsp;&nbsp;&nbsp;SST25_Init
<LI><a href="#[7c]">&gt;&gt;</a>&nbsp;&nbsp;&nbsp;RTC_Init
<LI><a href="#[81]">&gt;&gt;</a>&nbsp;&nbsp;&nbsp;IO_ToggleSetStatus
<LI><a href="#[7f]">&gt;&gt;</a>&nbsp;&nbsp;&nbsp;IO_ToggleInit
<LI><a href="#[82]">&gt;&gt;</a>&nbsp;&nbsp;&nbsp;IO_Init
<LI><a href="#[7e]">&gt;&gt;</a>&nbsp;&nbsp;&nbsp;GPS_Enable
<LI><a href="#[89]">&gt;&gt;</a>&nbsp;&nbsp;&nbsp;GPSInit
<LI><a href="#[7d]">&gt;&gt;</a>&nbsp;&nbsp;&nbsp;EXTI_Init
<LI><a href="#[87]">&gt;&gt;</a>&nbsp;&nbsp;&nbsp;DB_Init
<LI><a href="#[86]">&gt;&gt;</a>&nbsp;&nbsp;&nbsp;DB_FlashMemInit
<LI><a href="#[8d]">&gt;&gt;</a>&nbsp;&nbsp;&nbsp;CAM_Init
<LI><a href="#[83]">&gt;&gt;</a>&nbsp;&nbsp;&nbsp;AccelerometerTaskInit
<LI><a href="#[84]">&gt;&gt;</a>&nbsp;&nbsp;&nbsp;ADC_TaskInit
<LI><a href="#[80]">&gt;&gt;</a>&nbsp;&nbsp;&nbsp;TIMER2_Init
</UL>
<BR>[Called By]<UL><LI><a href="#[35]">&gt;&gt;</a>&nbsp;&nbsp;&nbsp;main
</UL>

<P><STRONG><a name="[35]"></a>main</STRONG> (Thumb, 66 bytes, Stack size 0 bytes, main.o(.text))
<BR><BR>[Stack]<UL><LI>Max Depth = 1508<LI>Call Chain = main &rArr; AppRun &rArr; GSM_GPRS_Task &rArr; TrackerTask &rArr; DB_Print &rArr; DB__Print1 &rArr; f_open &rArr; dir_register &rArr; dir_find &rArr; dir_next &rArr; create_chain &rArr; put_fat &rArr; move_window &rArr; sync_window &rArr; disk_write &rArr; MMC_disk_write &rArr; send_cmd &rArr;  send_cmd (Cycle)
</UL>
<BR>[Calls]<UL><LI><a href="#[97]">&gt;&gt;</a>&nbsp;&nbsp;&nbsp;TrackerInit
<LI><a href="#[62]">&gt;&gt;</a>&nbsp;&nbsp;&nbsp;InitTimeout
<LI><a href="#[91]">&gt;&gt;</a>&nbsp;&nbsp;&nbsp;IWDG_WriteAccessCmd
<LI><a href="#[93]">&gt;&gt;</a>&nbsp;&nbsp;&nbsp;IWDG_SetReload
<LI><a href="#[92]">&gt;&gt;</a>&nbsp;&nbsp;&nbsp;IWDG_SetPrescaler
<LI><a href="#[94]">&gt;&gt;</a>&nbsp;&nbsp;&nbsp;IWDG_ReloadCounter
<LI><a href="#[95]">&gt;&gt;</a>&nbsp;&nbsp;&nbsp;IWDG_Enable
<LI><a href="#[96]">&gt;&gt;</a>&nbsp;&nbsp;&nbsp;CFG_Load
<LI><a href="#[79]">&gt;&gt;</a>&nbsp;&nbsp;&nbsp;SysInit
<LI><a href="#[75]">&gt;&gt;</a>&nbsp;&nbsp;&nbsp;AppRun
</UL>
<BR>[Address Reference Count : 1]<UL><LI> entry9a.o(.ARM.Collect$$$$0000000B)
</UL>
<P><STRONG><a name="[2c7]"></a>SysWakeUp</STRONG> (Thumb, 2 bytes, Stack size 0 bytes, main.o(.text), UNUSED)

<P><STRONG><a name="[2c8]"></a>SysDeInit</STRONG> (Thumb, 2 bytes, Stack size 0 bytes, main.o(.text), UNUSED)

<P><STRONG><a name="[26]"></a>TIM2_IRQHandler</STRONG> (Thumb, 60 bytes, Stack size 8 bytes, main.o(.text))
<BR><BR>[Stack]<UL><LI>Max Depth = 24<LI>Call Chain = TIM2_IRQHandler &rArr; IO_ToggleTask &rArr; InitPWM
</UL>
<BR>[Calls]<UL><LI><a href="#[98]">&gt;&gt;</a>&nbsp;&nbsp;&nbsp;IO_ToggleTask
</UL>
<BR>[Address Reference Count : 1]<UL><LI> startup_stm32f10x_md.o(RESET)
</UL>
<P><STRONG><a name="[ee]"></a>ResetMcuSet</STRONG> (Thumb, 6 bytes, Stack size 0 bytes, system_config.o(.text))
<BR><BR>[Called By]<UL><LI><a href="#[f6]">&gt;&gt;</a>&nbsp;&nbsp;&nbsp;CfgProcessData
<LI><a href="#[5f]">&gt;&gt;</a>&nbsp;&nbsp;&nbsp;CMD_CfgParse
</UL>

<P><STRONG><a name="[67]"></a>ResetMcuTask</STRONG> (Thumb, 96 bytes, Stack size 8 bytes, system_config.o(.text))
<BR><BR>[Stack]<UL><LI>Max Depth = 164<LI>Call Chain = ResetMcuTask &rArr; DB_SaveAll &rArr; DB_U32Save &rArr; SST25_Write &rArr; _SST25_Write &rArr; SST25_Erase &rArr; SST25__WriteEnable &rArr; SST25__Status &rArr; halSpiWriteByte
</UL>
<BR>[Calls]<UL><LI><a href="#[99]">&gt;&gt;</a>&nbsp;&nbsp;&nbsp;DB_SaveAll
<LI><a href="#[9a]">&gt;&gt;</a>&nbsp;&nbsp;&nbsp;NVIC_SystemReset
<LI><a href="#[62]">&gt;&gt;</a>&nbsp;&nbsp;&nbsp;InitTimeout
<LI><a href="#[70]">&gt;&gt;</a>&nbsp;&nbsp;&nbsp;CheckTimeout
</UL>
<BR>[Called By]<UL><LI><a href="#[60]">&gt;&gt;</a>&nbsp;&nbsp;&nbsp;GSM_GPRS_Task
</UL>

<P><STRONG><a name="[73]"></a>CFG_ReLoad</STRONG> (Thumb, 16 bytes, Stack size 8 bytes, system_config.o(.text))
<BR><BR>[Stack]<UL><LI>Max Depth = 8<LI>Call Chain = CFG_ReLoad
</UL>
<BR>[Calls]<UL><LI><a href="#[9b]">&gt;&gt;</a>&nbsp;&nbsp;&nbsp;__aeabi_memcpy4
</UL>
<BR>[Called By]<UL><LI><a href="#[60]">&gt;&gt;</a>&nbsp;&nbsp;&nbsp;GSM_GPRS_Task
</UL>

<P><STRONG><a name="[6e]"></a>CFG_Save</STRONG> (Thumb, 192 bytes, Stack size 32 bytes, system_config.o(.text))
<BR><BR>[Stack]<UL><LI>Max Depth = 56<LI>Call Chain = CFG_Save &rArr; FLASH_ProgramWord &rArr; FLASH_WaitForLastOperation
</UL>
<BR>[Calls]<UL><LI><a href="#[a2]">&gt;&gt;</a>&nbsp;&nbsp;&nbsp;RTC_SetAlarm
<LI><a href="#[a1]">&gt;&gt;</a>&nbsp;&nbsp;&nbsp;RTC_GetCounter
<LI><a href="#[9d]">&gt;&gt;</a>&nbsp;&nbsp;&nbsp;FLASH_Unlock
<LI><a href="#[a0]">&gt;&gt;</a>&nbsp;&nbsp;&nbsp;FLASH_ProgramWord
<LI><a href="#[9f]">&gt;&gt;</a>&nbsp;&nbsp;&nbsp;FLASH_Lock
<LI><a href="#[9e]">&gt;&gt;</a>&nbsp;&nbsp;&nbsp;FLASH_ErasePage
<LI><a href="#[9c]">&gt;&gt;</a>&nbsp;&nbsp;&nbsp;memcmp
</UL>
<BR>[Called By]<UL><LI><a href="#[f6]">&gt;&gt;</a>&nbsp;&nbsp;&nbsp;CfgProcessData
<LI><a href="#[5f]">&gt;&gt;</a>&nbsp;&nbsp;&nbsp;CMD_CfgParse
<LI><a href="#[96]">&gt;&gt;</a>&nbsp;&nbsp;&nbsp;CFG_Load
<LI><a href="#[60]">&gt;&gt;</a>&nbsp;&nbsp;&nbsp;GSM_GPRS_Task
</UL>

<P><STRONG><a name="[96]"></a>CFG_Load</STRONG> (Thumb, 2302 bytes, Stack size 24 bytes, system_config.o(.text))
<BR><BR>[Stack]<UL><LI>Max Depth = 80<LI>Call Chain = CFG_Load &rArr; CFG_Save &rArr; FLASH_ProgramWord &rArr; FLASH_WaitForLastOperation
</UL>
<BR>[Calls]<UL><LI><a href="#[6e]">&gt;&gt;</a>&nbsp;&nbsp;&nbsp;CFG_Save
<LI><a href="#[6d]">&gt;&gt;</a>&nbsp;&nbsp;&nbsp;strcpy
<LI><a href="#[a3]">&gt;&gt;</a>&nbsp;&nbsp;&nbsp;__aeabi_memset
<LI><a href="#[9b]">&gt;&gt;</a>&nbsp;&nbsp;&nbsp;__aeabi_memcpy4
</UL>
<BR>[Called By]<UL><LI><a href="#[5f]">&gt;&gt;</a>&nbsp;&nbsp;&nbsp;CMD_CfgParse
<LI><a href="#[35]">&gt;&gt;</a>&nbsp;&nbsp;&nbsp;main
<LI><a href="#[126]">&gt;&gt;</a>&nbsp;&nbsp;&nbsp;FTP_Manage
<LI><a href="#[11c]">&gt;&gt;</a>&nbsp;&nbsp;&nbsp;FIRMWARE_Manage
</UL>

<P><STRONG><a name="[2c9]"></a>CFG_CheckSum</STRONG> (Thumb, 46 bytes, Stack size 8 bytes, system_config.o(.text), UNUSED)

<P><STRONG><a name="[82]"></a>IO_Init</STRONG> (Thumb, 220 bytes, Stack size 0 bytes, hw_config.o(.text))
<BR><BR>[Called By]<UL><LI><a href="#[79]">&gt;&gt;</a>&nbsp;&nbsp;&nbsp;SysInit
</UL>

<P><STRONG><a name="[71]"></a>IO_Control</STRONG> (Thumb, 508 bytes, Stack size 12 bytes, hw_config.o(.text))
<BR><BR>[Stack]<UL><LI>Max Depth = 12<LI>Call Chain = IO_Control
</UL>
<BR>[Called By]<UL><LI><a href="#[60]">&gt;&gt;</a>&nbsp;&nbsp;&nbsp;GSM_GPRS_Task
</UL>

<P><STRONG><a name="[7e]"></a>GPS_Enable</STRONG> (Thumb, 12 bytes, Stack size 0 bytes, hw_config.o(.text))
<BR><BR>[Called By]<UL><LI><a href="#[79]">&gt;&gt;</a>&nbsp;&nbsp;&nbsp;SysInit
</UL>

<P><STRONG><a name="[2ca]"></a>GPS_Disable</STRONG> (Thumb, 12 bytes, Stack size 0 bytes, hw_config.o(.text), UNUSED)

<P><STRONG><a name="[97]"></a>TrackerInit</STRONG> (Thumb, 10 bytes, Stack size 8 bytes, tracker.o(.text))
<BR><BR>[Stack]<UL><LI>Max Depth = 236<LI>Call Chain = TrackerInit &rArr; DB_InitLog &rArr; DB_LoadEndLog &rArr; SST25_Read &rArr; _SST25_Read &rArr; SST25__Status &rArr; halSpiWriteByte
</UL>
<BR>[Calls]<UL><LI><a href="#[a4]">&gt;&gt;</a>&nbsp;&nbsp;&nbsp;DB_InitLog
</UL>
<BR>[Called By]<UL><LI><a href="#[35]">&gt;&gt;</a>&nbsp;&nbsp;&nbsp;main
</UL>

<P><STRONG><a name="[2cb]"></a>TRACKER_Pause</STRONG> (Thumb, 8 bytes, Stack size 0 bytes, tracker.o(.text), UNUSED)

<P><STRONG><a name="[2cc]"></a>TRACKER_Resume</STRONG> (Thumb, 8 bytes, Stack size 0 bytes, tracker.o(.text), UNUSED)

<P><STRONG><a name="[64]"></a>GetDataFromLog</STRONG> (Thumb, 62 bytes, Stack size 8 bytes, tracker.o(.text))
<BR><BR>[Stack]<UL><LI>Max Depth = 228<LI>Call Chain = GetDataFromLog &rArr; DB_LoadNextLog &rArr; DB_LoadLog &rArr; SST25_Read &rArr; _SST25_Read &rArr; SST25__Status &rArr; halSpiWriteByte
</UL>
<BR>[Calls]<UL><LI><a href="#[a5]">&gt;&gt;</a>&nbsp;&nbsp;&nbsp;DB_RingLogNext
<LI><a href="#[a6]">&gt;&gt;</a>&nbsp;&nbsp;&nbsp;DB_LoadNextLog
</UL>
<BR>[Called By]<UL><LI><a href="#[60]">&gt;&gt;</a>&nbsp;&nbsp;&nbsp;GSM_GPRS_Task
</UL>

<P><STRONG><a name="[72]"></a>TrackerTask</STRONG> (Thumb, 2910 bytes, Stack size 48 bytes, tracker.o(.text))
<BR><BR>[Stack]<UL><LI>Max Depth = 1452<LI>Call Chain = TrackerTask &rArr; DB_Print &rArr; DB__Print1 &rArr; f_open &rArr; dir_register &rArr; dir_find &rArr; dir_next &rArr; create_chain &rArr; put_fat &rArr; move_window &rArr; sync_window &rArr; disk_write &rArr; MMC_disk_write &rArr; send_cmd &rArr;  send_cmd (Cycle)
</UL>
<BR>[Calls]<UL><LI><a href="#[a7]">&gt;&gt;</a>&nbsp;&nbsp;&nbsp;mscInit
<LI><a href="#[b7]">&gt;&gt;</a>&nbsp;&nbsp;&nbsp;__aeabi_ui2f
<LI><a href="#[b0]">&gt;&gt;</a>&nbsp;&nbsp;&nbsp;__aeabi_ui2d
<LI><a href="#[bc]">&gt;&gt;</a>&nbsp;&nbsp;&nbsp;__aeabi_fmul
<LI><a href="#[b5]">&gt;&gt;</a>&nbsp;&nbsp;&nbsp;__aeabi_fdiv
<LI><a href="#[b6]">&gt;&gt;</a>&nbsp;&nbsp;&nbsp;__aeabi_fadd
<LI><a href="#[bd]">&gt;&gt;</a>&nbsp;&nbsp;&nbsp;__aeabi_f2uiz
<LI><a href="#[b9]">&gt;&gt;</a>&nbsp;&nbsp;&nbsp;__aeabi_f2d
<LI><a href="#[b2]">&gt;&gt;</a>&nbsp;&nbsp;&nbsp;__aeabi_d2f
<LI><a href="#[bb]">&gt;&gt;</a>&nbsp;&nbsp;&nbsp;__aeabi_cfrcmple
<LI><a href="#[b3]">&gt;&gt;</a>&nbsp;&nbsp;&nbsp;__aeabi_cfcmple
<LI><a href="#[b4]">&gt;&gt;</a>&nbsp;&nbsp;&nbsp;__aeabi_cfcmpeq
<LI><a href="#[af]">&gt;&gt;</a>&nbsp;&nbsp;&nbsp;__aeabi_cdrcmple
<LI><a href="#[ae]">&gt;&gt;</a>&nbsp;&nbsp;&nbsp;__aeabi_cdcmple
<LI><a href="#[ab]">&gt;&gt;</a>&nbsp;&nbsp;&nbsp;__aeabi_cdcmpeq
<LI><a href="#[ac]">&gt;&gt;</a>&nbsp;&nbsp;&nbsp;UpdateRtcTime
<LI><a href="#[aa]">&gt;&gt;</a>&nbsp;&nbsp;&nbsp;TIME_GetSec
<LI><a href="#[ad]">&gt;&gt;</a>&nbsp;&nbsp;&nbsp;TIME_FromSec
<LI><a href="#[a9]">&gt;&gt;</a>&nbsp;&nbsp;&nbsp;TIME_FromGps
<LI><a href="#[a8]">&gt;&gt;</a>&nbsp;&nbsp;&nbsp;GPS_GetInfo
<LI><a href="#[b8]">&gt;&gt;</a>&nbsp;&nbsp;&nbsp;DB_U32Save
<LI><a href="#[ba]">&gt;&gt;</a>&nbsp;&nbsp;&nbsp;DB_SaveSpeed
<LI><a href="#[be]">&gt;&gt;</a>&nbsp;&nbsp;&nbsp;DB_SaveLog
<LI><a href="#[b1]">&gt;&gt;</a>&nbsp;&nbsp;&nbsp;DB_Print
<LI><a href="#[99]">&gt;&gt;</a>&nbsp;&nbsp;&nbsp;DB_SaveAll
<LI><a href="#[62]">&gt;&gt;</a>&nbsp;&nbsp;&nbsp;InitTimeout
<LI><a href="#[81]">&gt;&gt;</a>&nbsp;&nbsp;&nbsp;IO_ToggleSetStatus
<LI><a href="#[70]">&gt;&gt;</a>&nbsp;&nbsp;&nbsp;CheckTimeout
<LI><a href="#[9b]">&gt;&gt;</a>&nbsp;&nbsp;&nbsp;__aeabi_memcpy4
</UL>
<BR>[Called By]<UL><LI><a href="#[60]">&gt;&gt;</a>&nbsp;&nbsp;&nbsp;GSM_GPRS_Task
</UL>

<P><STRONG><a name="[6f]"></a>TrackerGetNewData</STRONG> (Thumb, 8 bytes, Stack size 0 bytes, tracker.o(.text))
<BR><BR>[Called By]<UL><LI><a href="#[60]">&gt;&gt;</a>&nbsp;&nbsp;&nbsp;GSM_GPRS_Task
<LI><a href="#[133]">&gt;&gt;</a>&nbsp;&nbsp;&nbsp;TRACKING_SVR_Callback
</UL>

<P><STRONG><a name="[2cd]"></a>TrackerCrc</STRONG> (Thumb, 26 bytes, Stack size 8 bytes, tracker.o(.text), UNUSED)

<P><STRONG><a name="[bf]"></a>AddTrackerPacket</STRONG> (Thumb, 988 bytes, Stack size 96 bytes, tracker.o(.text))
<BR><BR>[Stack]<UL><LI>Max Depth = 180<LI>Call Chain = AddTrackerPacket &rArr; TIME_FromSec &rArr; gmtime_r
</UL>
<BR>[Calls]<UL><LI><a href="#[b7]">&gt;&gt;</a>&nbsp;&nbsp;&nbsp;__aeabi_ui2f
<LI><a href="#[b5]">&gt;&gt;</a>&nbsp;&nbsp;&nbsp;__aeabi_fdiv
<LI><a href="#[b9]">&gt;&gt;</a>&nbsp;&nbsp;&nbsp;__aeabi_f2d
<LI><a href="#[bb]">&gt;&gt;</a>&nbsp;&nbsp;&nbsp;__aeabi_cfrcmple
<LI><a href="#[b4]">&gt;&gt;</a>&nbsp;&nbsp;&nbsp;__aeabi_cfcmpeq
<LI><a href="#[ab]">&gt;&gt;</a>&nbsp;&nbsp;&nbsp;__aeabi_cdcmpeq
<LI><a href="#[ad]">&gt;&gt;</a>&nbsp;&nbsp;&nbsp;TIME_FromSec
<LI><a href="#[c0]">&gt;&gt;</a>&nbsp;&nbsp;&nbsp;__2sprintf
<LI><a href="#[c2]">&gt;&gt;</a>&nbsp;&nbsp;&nbsp;strlen
<LI><a href="#[c1]">&gt;&gt;</a>&nbsp;&nbsp;&nbsp;strcat
</UL>
<BR>[Called By]<UL><LI><a href="#[133]">&gt;&gt;</a>&nbsp;&nbsp;&nbsp;TRACKING_SVR_Callback
</UL>

<P><STRONG><a name="[2ce]"></a>PrintTrackerInfo</STRONG> (Thumb, 2 bytes, Stack size 0 bytes, tracker.o(.text), UNUSED)

<P><STRONG><a name="[66]"></a>ADC_Task</STRONG> (Thumb, 510 bytes, Stack size 64 bytes, adc_task.o(.text))
<BR><BR>[Stack]<UL><LI>Max Depth = 152<LI>Call Chain = ADC_Task &rArr; __aeabi_drsub &rArr; __aeabi_dadd &rArr; _double_epilogue &rArr; _double_round
</UL>
<BR>[Calls]<UL><LI><a href="#[c3]">&gt;&gt;</a>&nbsp;&nbsp;&nbsp;__aeabi_i2f
<LI><a href="#[c7]">&gt;&gt;</a>&nbsp;&nbsp;&nbsp;__aeabi_drsub
<LI><a href="#[c4]">&gt;&gt;</a>&nbsp;&nbsp;&nbsp;__aeabi_dmul
<LI><a href="#[c6]">&gt;&gt;</a>&nbsp;&nbsp;&nbsp;__aeabi_ddiv
<LI><a href="#[c5]">&gt;&gt;</a>&nbsp;&nbsp;&nbsp;__aeabi_dadd
<LI><a href="#[b9]">&gt;&gt;</a>&nbsp;&nbsp;&nbsp;__aeabi_f2d
<LI><a href="#[b2]">&gt;&gt;</a>&nbsp;&nbsp;&nbsp;__aeabi_d2f
</UL>
<BR>[Called By]<UL><LI><a href="#[60]">&gt;&gt;</a>&nbsp;&nbsp;&nbsp;GSM_GPRS_Task
</UL>

<P><STRONG><a name="[c8]"></a>ADC_TaskDeInit</STRONG> (Thumb, 24 bytes, Stack size 8 bytes, adc_task.o(.text))
<BR><BR>[Stack]<UL><LI>Max Depth = 16<LI>Call Chain = ADC_TaskDeInit &rArr; ADC_DeInit
</UL>
<BR>[Calls]<UL><LI><a href="#[c9]">&gt;&gt;</a>&nbsp;&nbsp;&nbsp;RCC_AHBPeriphClockCmd
<LI><a href="#[ca]">&gt;&gt;</a>&nbsp;&nbsp;&nbsp;ADC_DeInit
</UL>
<BR>[Called By]<UL><LI><a href="#[84]">&gt;&gt;</a>&nbsp;&nbsp;&nbsp;ADC_TaskInit
</UL>

<P><STRONG><a name="[84]"></a>ADC_TaskInit</STRONG> (Thumb, 294 bytes, Stack size 72 bytes, adc_task.o(.text))
<BR><BR>[Stack]<UL><LI>Max Depth = 96<LI>Call Chain = ADC_TaskInit &rArr; GPIO_Init
</UL>
<BR>[Calls]<UL><LI><a href="#[cc]">&gt;&gt;</a>&nbsp;&nbsp;&nbsp;RCC_APB2PeriphClockCmd
<LI><a href="#[c9]">&gt;&gt;</a>&nbsp;&nbsp;&nbsp;RCC_AHBPeriphClockCmd
<LI><a href="#[cb]">&gt;&gt;</a>&nbsp;&nbsp;&nbsp;GPIO_Init
<LI><a href="#[ce]">&gt;&gt;</a>&nbsp;&nbsp;&nbsp;DMA_Init
<LI><a href="#[da]">&gt;&gt;</a>&nbsp;&nbsp;&nbsp;DMA_GetFlagStatus
<LI><a href="#[cd]">&gt;&gt;</a>&nbsp;&nbsp;&nbsp;DMA_DeInit
<LI><a href="#[d1]">&gt;&gt;</a>&nbsp;&nbsp;&nbsp;DMA_Cmd
<LI><a href="#[db]">&gt;&gt;</a>&nbsp;&nbsp;&nbsp;DMA_ClearFlag
<LI><a href="#[d4]">&gt;&gt;</a>&nbsp;&nbsp;&nbsp;ADC_TempSensorVrefintCmd
<LI><a href="#[d7]">&gt;&gt;</a>&nbsp;&nbsp;&nbsp;ADC_StartCalibration
<LI><a href="#[d9]">&gt;&gt;</a>&nbsp;&nbsp;&nbsp;ADC_SoftwareStartConvCmd
<LI><a href="#[d5]">&gt;&gt;</a>&nbsp;&nbsp;&nbsp;ADC_ResetCalibration
<LI><a href="#[d0]">&gt;&gt;</a>&nbsp;&nbsp;&nbsp;ADC_RegularChannelConfig
<LI><a href="#[cf]">&gt;&gt;</a>&nbsp;&nbsp;&nbsp;ADC_Init
<LI><a href="#[d6]">&gt;&gt;</a>&nbsp;&nbsp;&nbsp;ADC_GetResetCalibrationStatus
<LI><a href="#[d8]">&gt;&gt;</a>&nbsp;&nbsp;&nbsp;ADC_GetCalibrationStatus
<LI><a href="#[d2]">&gt;&gt;</a>&nbsp;&nbsp;&nbsp;ADC_DMACmd
<LI><a href="#[d3]">&gt;&gt;</a>&nbsp;&nbsp;&nbsp;ADC_Cmd
<LI><a href="#[c8]">&gt;&gt;</a>&nbsp;&nbsp;&nbsp;ADC_TaskDeInit
</UL>
<BR>[Called By]<UL><LI><a href="#[79]">&gt;&gt;</a>&nbsp;&nbsp;&nbsp;SysInit
</UL>

<P><STRONG><a name="[77]"></a>SMS_TaskInit</STRONG> (Thumb, 12 bytes, Stack size 8 bytes, sms_task.o(.text))
<BR><BR>[Stack]<UL><LI>Max Depth = 8<LI>Call Chain = SMS_TaskInit
</UL>
<BR>[Calls]<UL><LI><a href="#[dc]">&gt;&gt;</a>&nbsp;&nbsp;&nbsp;__aeabi_memclr4
</UL>
<BR>[Called By]<UL><LI><a href="#[75]">&gt;&gt;</a>&nbsp;&nbsp;&nbsp;AppRun
</UL>

<P><STRONG><a name="[dd]"></a>UniConfigParser</STRONG> (Thumb, 112 bytes, Stack size 64 bytes, sms_task.o(.text))
<BR><BR>[Stack]<UL><LI>Max Depth = 84<LI>Call Chain = UniConfigParser &rArr; utf8s_to_ucs2s
</UL>
<BR>[Calls]<UL><LI><a href="#[de]">&gt;&gt;</a>&nbsp;&nbsp;&nbsp;utf8s_to_ucs2s
<LI><a href="#[e0]">&gt;&gt;</a>&nbsp;&nbsp;&nbsp;unilen
<LI><a href="#[df]">&gt;&gt;</a>&nbsp;&nbsp;&nbsp;uni_srtsrt
<LI><a href="#[e2]">&gt;&gt;</a>&nbsp;&nbsp;&nbsp;big2litel_endian
<LI><a href="#[dc]">&gt;&gt;</a>&nbsp;&nbsp;&nbsp;__aeabi_memclr4
<LI><a href="#[e1]">&gt;&gt;</a>&nbsp;&nbsp;&nbsp;__aeabi_memcpy
</UL>
<BR>[Called By]<UL><LI><a href="#[133]">&gt;&gt;</a>&nbsp;&nbsp;&nbsp;TRACKING_SVR_Callback
</UL>

<P><STRONG><a name="[e3]"></a>FindAllPhone</STRONG> (Thumb, 22 bytes, Stack size 8 bytes, sms_task.o(.text))
<BR><BR>[Stack]<UL><LI>Max Depth = 48<LI>Call Chain = FindAllPhone &rArr; Ampm_ComparePhoneNumber
</UL>
<BR>[Calls]<UL><LI><a href="#[e4]">&gt;&gt;</a>&nbsp;&nbsp;&nbsp;Ampm_ComparePhoneNumber
</UL>
<BR>[Called By]<UL><LI><a href="#[5f]">&gt;&gt;</a>&nbsp;&nbsp;&nbsp;CMD_CfgParse
</UL>

<P><STRONG><a name="[5f]"></a>CMD_CfgParse</STRONG> (Thumb, 3256 bytes, Stack size 416 bytes, sms_task.o(.text))
<BR><BR>[Stack]<UL><LI>Max Depth = 1820<LI>Call Chain = CMD_CfgParse &rArr; DB_Print &rArr; DB__Print1 &rArr; f_open &rArr; dir_register &rArr; dir_find &rArr; dir_next &rArr; create_chain &rArr; put_fat &rArr; move_window &rArr; sync_window &rArr; disk_write &rArr; MMC_disk_write &rArr; send_cmd &rArr;  send_cmd (Cycle)
</UL>
<BR>[Calls]<UL><LI><a href="#[de]">&gt;&gt;</a>&nbsp;&nbsp;&nbsp;utf8s_to_ucs2s
<LI><a href="#[e0]">&gt;&gt;</a>&nbsp;&nbsp;&nbsp;unilen
<LI><a href="#[e2]">&gt;&gt;</a>&nbsp;&nbsp;&nbsp;big2litel_endian
<LI><a href="#[ec]">&gt;&gt;</a>&nbsp;&nbsp;&nbsp;SysTick_DelayMs
<LI><a href="#[ef]">&gt;&gt;</a>&nbsp;&nbsp;&nbsp;DB_RingLogReset
<LI><a href="#[e7]">&gt;&gt;</a>&nbsp;&nbsp;&nbsp;Ampm_Sms_SendMsg
<LI><a href="#[e9]">&gt;&gt;</a>&nbsp;&nbsp;&nbsp;Ampm_SendSmsPolling
<LI><a href="#[eb]">&gt;&gt;</a>&nbsp;&nbsp;&nbsp;Ampm_SendCommand
<LI><a href="#[ea]">&gt;&gt;</a>&nbsp;&nbsp;&nbsp;Ampm_ComparePhoneNumber_1
<LI><a href="#[e4]">&gt;&gt;</a>&nbsp;&nbsp;&nbsp;Ampm_ComparePhoneNumber
<LI><a href="#[e3]">&gt;&gt;</a>&nbsp;&nbsp;&nbsp;FindAllPhone
<LI><a href="#[b1]">&gt;&gt;</a>&nbsp;&nbsp;&nbsp;DB_Print
<LI><a href="#[ee]">&gt;&gt;</a>&nbsp;&nbsp;&nbsp;ResetMcuSet
<LI><a href="#[69]">&gt;&gt;</a>&nbsp;&nbsp;&nbsp;RINGBUF_Get
<LI><a href="#[62]">&gt;&gt;</a>&nbsp;&nbsp;&nbsp;InitTimeout
<LI><a href="#[6e]">&gt;&gt;</a>&nbsp;&nbsp;&nbsp;CFG_Save
<LI><a href="#[96]">&gt;&gt;</a>&nbsp;&nbsp;&nbsp;CFG_Load
<LI><a href="#[ed]">&gt;&gt;</a>&nbsp;&nbsp;&nbsp;atoi
<LI><a href="#[e8]">&gt;&gt;</a>&nbsp;&nbsp;&nbsp;__0sscanf
<LI><a href="#[c0]">&gt;&gt;</a>&nbsp;&nbsp;&nbsp;__2sprintf
<LI><a href="#[6d]">&gt;&gt;</a>&nbsp;&nbsp;&nbsp;strcpy
<LI><a href="#[c2]">&gt;&gt;</a>&nbsp;&nbsp;&nbsp;strlen
<LI><a href="#[6c]">&gt;&gt;</a>&nbsp;&nbsp;&nbsp;strstr
<LI><a href="#[a3]">&gt;&gt;</a>&nbsp;&nbsp;&nbsp;__aeabi_memset
<LI><a href="#[e1]">&gt;&gt;</a>&nbsp;&nbsp;&nbsp;__aeabi_memcpy
<LI><a href="#[e6]">&gt;&gt;</a>&nbsp;&nbsp;&nbsp;toupper
<LI><a href="#[e5]">&gt;&gt;</a>&nbsp;&nbsp;&nbsp;__rt_ctype_table
</UL>
<BR>[Called By]<UL><LI><a href="#[39]">&gt;&gt;</a>&nbsp;&nbsp;&nbsp;Ampm_MainSmsRecvCallback
</UL>

<P><STRONG><a name="[76]"></a>LoadFirmwareFile</STRONG> (Thumb, 156 bytes, Stack size 16 bytes, app_config_task.o(.text))
<BR><BR>[Stack]<UL><LI>Max Depth = 92<LI>Call Chain = LoadFirmwareFile &rArr; SST25_Read &rArr; _SST25_Read &rArr; SST25__Status &rArr; halSpiWriteByte
</UL>
<BR>[Calls]<UL><LI><a href="#[f0]">&gt;&gt;</a>&nbsp;&nbsp;&nbsp;SST25_Read
</UL>
<BR>[Called By]<UL><LI><a href="#[75]">&gt;&gt;</a>&nbsp;&nbsp;&nbsp;AppRun
</UL>

<P><STRONG><a name="[f1]"></a>AppConfigTaskInit</STRONG> (Thumb, 24 bytes, Stack size 8 bytes, app_config_task.o(.text))
<BR><BR>[Stack]<UL><LI>Max Depth = 12<LI>Call Chain = AppConfigTaskInit &rArr; InitTimeout
</UL>
<BR>[Calls]<UL><LI><a href="#[f2]">&gt;&gt;</a>&nbsp;&nbsp;&nbsp;RINGBUF_Init
<LI><a href="#[62]">&gt;&gt;</a>&nbsp;&nbsp;&nbsp;InitTimeout
</UL>
<BR>[Called By]<UL><LI><a href="#[8e]">&gt;&gt;</a>&nbsp;&nbsp;&nbsp;UsbConfigTaskInit
</UL>

<P><STRONG><a name="[f3]"></a>DbgCfgPrintf</STRONG> (Thumb, 92 bytes, Stack size 32 bytes, app_config_task.o(.text))
<BR><BR>[Stack]<UL><LI>Max Depth = 56<LI>Call Chain = DbgCfgPrintf &rArr; __c89vsprintf
</UL>
<BR>[Calls]<UL><LI><a href="#[f5]">&gt;&gt;</a>&nbsp;&nbsp;&nbsp;RINGBUF_Put
<LI><a href="#[69]">&gt;&gt;</a>&nbsp;&nbsp;&nbsp;RINGBUF_Get
<LI><a href="#[f4]">&gt;&gt;</a>&nbsp;&nbsp;&nbsp;__c89vsprintf
</UL>
<BR>[Called By]<UL><LI><a href="#[eb]">&gt;&gt;</a>&nbsp;&nbsp;&nbsp;Ampm_SendCommand
<LI><a href="#[6a]">&gt;&gt;</a>&nbsp;&nbsp;&nbsp;CAM_TakeSnapshot
<LI><a href="#[6b]">&gt;&gt;</a>&nbsp;&nbsp;&nbsp;CAM_Manage
<LI><a href="#[68]">&gt;&gt;</a>&nbsp;&nbsp;&nbsp;CAM_Input
<LI><a href="#[63]">&gt;&gt;</a>&nbsp;&nbsp;&nbsp;AMPM_GSM_MainTask
<LI><a href="#[61]">&gt;&gt;</a>&nbsp;&nbsp;&nbsp;AMPM_GSM_Init
<LI><a href="#[133]">&gt;&gt;</a>&nbsp;&nbsp;&nbsp;TRACKING_SVR_Callback
<LI><a href="#[127]">&gt;&gt;</a>&nbsp;&nbsp;&nbsp;TRACKING_SVR_Manage
<LI><a href="#[126]">&gt;&gt;</a>&nbsp;&nbsp;&nbsp;FTP_Manage
<LI><a href="#[11c]">&gt;&gt;</a>&nbsp;&nbsp;&nbsp;FIRMWARE_Manage
<LI><a href="#[118]">&gt;&gt;</a>&nbsp;&nbsp;&nbsp;FIRMWARE_Callback
<LI><a href="#[1a5]">&gt;&gt;</a>&nbsp;&nbsp;&nbsp;Ampm_GSM_GetIMEI
<LI><a href="#[1a4]">&gt;&gt;</a>&nbsp;&nbsp;&nbsp;Ampm_GSM_GetSimCID
<LI><a href="#[199]">&gt;&gt;</a>&nbsp;&nbsp;&nbsp;Ampm_RingingProcess
<LI><a href="#[188]">&gt;&gt;</a>&nbsp;&nbsp;&nbsp;AMPM_GSM_Startup
<LI><a href="#[3a]">&gt;&gt;</a>&nbsp;&nbsp;&nbsp;Ampm_GSM_GetATI
<LI><a href="#[177]">&gt;&gt;</a>&nbsp;&nbsp;&nbsp;Ampm_GSM_DialUp
<LI><a href="#[43]">&gt;&gt;</a>&nbsp;&nbsp;&nbsp;Ampm_GsmRecvCallback
<LI><a href="#[29a]">&gt;&gt;</a>&nbsp;&nbsp;&nbsp;ProcessCmd
<LI><a href="#[295]">&gt;&gt;</a>&nbsp;&nbsp;&nbsp;ftpc_control_appcall
<LI><a href="#[291]">&gt;&gt;</a>&nbsp;&nbsp;&nbsp;ftpc_data_appcall
<LI><a href="#[294]">&gt;&gt;</a>&nbsp;&nbsp;&nbsp;acked
<LI><a href="#[293]">&gt;&gt;</a>&nbsp;&nbsp;&nbsp;newdata
<LI><a href="#[292]">&gt;&gt;</a>&nbsp;&nbsp;&nbsp;handle_input
<LI><a href="#[28f]">&gt;&gt;</a>&nbsp;&nbsp;&nbsp;ftpc_put
<LI><a href="#[28c]">&gt;&gt;</a>&nbsp;&nbsp;&nbsp;ftpc_list
<LI><a href="#[281]">&gt;&gt;</a>&nbsp;&nbsp;&nbsp;PPP__In
<LI><a href="#[282]">&gt;&gt;</a>&nbsp;&nbsp;&nbsp;PPP__Timer
<LI><a href="#[27f]">&gt;&gt;</a>&nbsp;&nbsp;&nbsp;PPP__ProcessPacket
<LI><a href="#[27e]">&gt;&gt;</a>&nbsp;&nbsp;&nbsp;PPP__CheckLCPOptions
<LI><a href="#[275]">&gt;&gt;</a>&nbsp;&nbsp;&nbsp;PPP__ManageState
<LI><a href="#[27d]">&gt;&gt;</a>&nbsp;&nbsp;&nbsp;PPP__ThisLayerStarted
<LI><a href="#[27c]">&gt;&gt;</a>&nbsp;&nbsp;&nbsp;PPP__ThisLayerFinished
<LI><a href="#[27b]">&gt;&gt;</a>&nbsp;&nbsp;&nbsp;PPP__ThisLayerUp
<LI><a href="#[27a]">&gt;&gt;</a>&nbsp;&nbsp;&nbsp;PPP__SendConfigAck
<LI><a href="#[279]">&gt;&gt;</a>&nbsp;&nbsp;&nbsp;PPP__SendConfigNackRej
<LI><a href="#[278]">&gt;&gt;</a>&nbsp;&nbsp;&nbsp;PPP__SendTermAck
<LI><a href="#[277]">&gt;&gt;</a>&nbsp;&nbsp;&nbsp;PPP__SendConfigReq
<LI><a href="#[276]">&gt;&gt;</a>&nbsp;&nbsp;&nbsp;PPP__SendCodeRej
<LI><a href="#[274]">&gt;&gt;</a>&nbsp;&nbsp;&nbsp;PPP__ThisLayerDown
<LI><a href="#[273]">&gt;&gt;</a>&nbsp;&nbsp;&nbsp;PPP__SendTermReq
<LI><a href="#[272]">&gt;&gt;</a>&nbsp;&nbsp;&nbsp;PPP__SendEchoReply
<LI><a href="#[299]">&gt;&gt;</a>&nbsp;&nbsp;&nbsp;CAM_ChangeId
</UL>

<P><STRONG><a name="[f7]"></a>CfgCalcCheckSum</STRONG> (Thumb, 26 bytes, Stack size 8 bytes, app_config_task.o(.text))
<BR><BR>[Stack]<UL><LI>Max Depth = 8<LI>Call Chain = CfgCalcCheckSum
</UL>
<BR>[Called By]<UL><LI><a href="#[f6]">&gt;&gt;</a>&nbsp;&nbsp;&nbsp;CfgProcessData
<LI><a href="#[11c]">&gt;&gt;</a>&nbsp;&nbsp;&nbsp;FIRMWARE_Manage
<LI><a href="#[118]">&gt;&gt;</a>&nbsp;&nbsp;&nbsp;FIRMWARE_Callback
</UL>

<P><STRONG><a name="[f6]"></a>CfgProcessData</STRONG> (Thumb, 2846 bytes, Stack size 80 bytes, app_config_task.o(.text))
<BR><BR>[Stack]<UL><LI>Max Depth = 476<LI>Call Chain = CfgProcessData &rArr; f_unlink &rArr; follow_path &rArr; dir_find &rArr; dir_next &rArr; create_chain &rArr; put_fat &rArr; move_window &rArr; sync_window &rArr; disk_write &rArr; MMC_disk_write &rArr; send_cmd &rArr;  send_cmd (Cycle)
</UL>
<BR>[Calls]<UL><LI><a href="#[fd]">&gt;&gt;</a>&nbsp;&nbsp;&nbsp;f_lseek
<LI><a href="#[fb]">&gt;&gt;</a>&nbsp;&nbsp;&nbsp;f_close
<LI><a href="#[101]">&gt;&gt;</a>&nbsp;&nbsp;&nbsp;SST25_Write
<LI><a href="#[f0]">&gt;&gt;</a>&nbsp;&nbsp;&nbsp;SST25_Read
<LI><a href="#[100]">&gt;&gt;</a>&nbsp;&nbsp;&nbsp;SST25_Erase
<LI><a href="#[f8]">&gt;&gt;</a>&nbsp;&nbsp;&nbsp;DB_SaveSpeed_Pause
<LI><a href="#[fc]">&gt;&gt;</a>&nbsp;&nbsp;&nbsp;DB_SaveSpeed_Continue
<LI><a href="#[f7]">&gt;&gt;</a>&nbsp;&nbsp;&nbsp;CfgCalcCheckSum
<LI><a href="#[ec]">&gt;&gt;</a>&nbsp;&nbsp;&nbsp;SysTick_DelayMs
<LI><a href="#[99]">&gt;&gt;</a>&nbsp;&nbsp;&nbsp;DB_SaveAll
<LI><a href="#[ee]">&gt;&gt;</a>&nbsp;&nbsp;&nbsp;ResetMcuSet
<LI><a href="#[69]">&gt;&gt;</a>&nbsp;&nbsp;&nbsp;RINGBUF_Get
<LI><a href="#[62]">&gt;&gt;</a>&nbsp;&nbsp;&nbsp;InitTimeout
<LI><a href="#[81]">&gt;&gt;</a>&nbsp;&nbsp;&nbsp;IO_ToggleSetStatus
<LI><a href="#[6e]">&gt;&gt;</a>&nbsp;&nbsp;&nbsp;CFG_Save
<LI><a href="#[fa]">&gt;&gt;</a>&nbsp;&nbsp;&nbsp;f_unlink
<LI><a href="#[fe]">&gt;&gt;</a>&nbsp;&nbsp;&nbsp;f_read
<LI><a href="#[f9]">&gt;&gt;</a>&nbsp;&nbsp;&nbsp;f_open
<LI><a href="#[ff]">&gt;&gt;</a>&nbsp;&nbsp;&nbsp;f_mkfs
<LI><a href="#[6d]">&gt;&gt;</a>&nbsp;&nbsp;&nbsp;strcpy
<LI><a href="#[a3]">&gt;&gt;</a>&nbsp;&nbsp;&nbsp;__aeabi_memset
</UL>
<BR>[Called By]<UL><LI><a href="#[65]">&gt;&gt;</a>&nbsp;&nbsp;&nbsp;UsbConfigTask
<LI><a href="#[118]">&gt;&gt;</a>&nbsp;&nbsp;&nbsp;FIRMWARE_Callback
</UL>

<P><STRONG><a name="[11a]"></a>CfgParserPacket</STRONG> (Thumb, 204 bytes, Stack size 8 bytes, app_config_task.o(.text))
<BR><BR>[Stack]<UL><LI>Max Depth = 8<LI>Call Chain = CfgParserPacket
</UL>
<BR>[Called By]<UL><LI><a href="#[65]">&gt;&gt;</a>&nbsp;&nbsp;&nbsp;UsbConfigTask
<LI><a href="#[118]">&gt;&gt;</a>&nbsp;&nbsp;&nbsp;FIRMWARE_Callback
</UL>

<P><STRONG><a name="[99]"></a>DB_SaveAll</STRONG> (Thumb, 466 bytes, Stack size 16 bytes, database_app.o(.text))
<BR><BR>[Stack]<UL><LI>Max Depth = 156<LI>Call Chain = DB_SaveAll &rArr; DB_U32Save &rArr; SST25_Write &rArr; _SST25_Write &rArr; SST25_Erase &rArr; SST25__WriteEnable &rArr; SST25__Status &rArr; halSpiWriteByte
</UL>
<BR>[Calls]<UL><LI><a href="#[b9]">&gt;&gt;</a>&nbsp;&nbsp;&nbsp;__aeabi_f2d
<LI><a href="#[b8]">&gt;&gt;</a>&nbsp;&nbsp;&nbsp;DB_U32Save
<LI><a href="#[102]">&gt;&gt;</a>&nbsp;&nbsp;&nbsp;DB_FloatToU32
</UL>
<BR>[Called By]<UL><LI><a href="#[f6]">&gt;&gt;</a>&nbsp;&nbsp;&nbsp;CfgProcessData
<LI><a href="#[72]">&gt;&gt;</a>&nbsp;&nbsp;&nbsp;TrackerTask
<LI><a href="#[67]">&gt;&gt;</a>&nbsp;&nbsp;&nbsp;ResetMcuTask
</UL>

<P><STRONG><a name="[86]"></a>DB_FlashMemInit</STRONG> (Thumb, 838 bytes, Stack size 24 bytes, database_app.o(.text))
<BR><BR>[Stack]<UL><LI>Max Depth = 252<LI>Call Chain = DB_FlashMemInit &rArr; DB_InitLog &rArr; DB_LoadEndLog &rArr; SST25_Read &rArr; _SST25_Read &rArr; SST25__Status &rArr; halSpiWriteByte
</UL>
<BR>[Calls]<UL><LI><a href="#[b9]">&gt;&gt;</a>&nbsp;&nbsp;&nbsp;__aeabi_f2d
<LI><a href="#[b3]">&gt;&gt;</a>&nbsp;&nbsp;&nbsp;__aeabi_cfcmple
<LI><a href="#[af]">&gt;&gt;</a>&nbsp;&nbsp;&nbsp;__aeabi_cdrcmple
<LI><a href="#[ae]">&gt;&gt;</a>&nbsp;&nbsp;&nbsp;__aeabi_cdcmple
<LI><a href="#[ac]">&gt;&gt;</a>&nbsp;&nbsp;&nbsp;UpdateRtcTime
<LI><a href="#[ad]">&gt;&gt;</a>&nbsp;&nbsp;&nbsp;TIME_FromSec
<LI><a href="#[a4]">&gt;&gt;</a>&nbsp;&nbsp;&nbsp;DB_InitLog
<LI><a href="#[103]">&gt;&gt;</a>&nbsp;&nbsp;&nbsp;DB_U32Load
</UL>
<BR>[Called By]<UL><LI><a href="#[79]">&gt;&gt;</a>&nbsp;&nbsp;&nbsp;SysInit
</UL>

<P><STRONG><a name="[87]"></a>DB_Init</STRONG> (Thumb, 108 bytes, Stack size 8 bytes, database_app.o(.text))
<BR><BR>[Stack]<UL><LI>Max Depth = 1028<LI>Call Chain = DB_Init &rArr; mscInit &rArr; scan_files &rArr;  scan_files (Cycle)
</UL>
<BR>[Calls]<UL><LI><a href="#[a7]">&gt;&gt;</a>&nbsp;&nbsp;&nbsp;mscInit
<LI><a href="#[81]">&gt;&gt;</a>&nbsp;&nbsp;&nbsp;IO_ToggleSetStatus
</UL>
<BR>[Called By]<UL><LI><a href="#[79]">&gt;&gt;</a>&nbsp;&nbsp;&nbsp;SysInit
</UL>

<P><STRONG><a name="[104]"></a>DB_RemoveDir</STRONG> (Thumb, 158 bytes, Stack size 144 bytes, database_app.o(.text))
<BR><BR>[Stack]<UL><LI>Max Depth = 540 + In Cycle
<LI>Call Chain = DB_RemoveDir &rArr;  DB_RemoveDir (Cycle)
</UL>
<BR>[Calls]<UL><LI><a href="#[106]">&gt;&gt;</a>&nbsp;&nbsp;&nbsp;f_readdir
<LI><a href="#[105]">&gt;&gt;</a>&nbsp;&nbsp;&nbsp;f_opendir
<LI><a href="#[104]">&gt;&gt;</a>&nbsp;&nbsp;&nbsp;DB_RemoveDir
<LI><a href="#[fa]">&gt;&gt;</a>&nbsp;&nbsp;&nbsp;f_unlink
<LI><a href="#[c0]">&gt;&gt;</a>&nbsp;&nbsp;&nbsp;__2sprintf
</UL>
<BR>[Called By]<UL><LI><a href="#[107]">&gt;&gt;</a>&nbsp;&nbsp;&nbsp;DB_CreateHierarchy
<LI><a href="#[104]">&gt;&gt;</a>&nbsp;&nbsp;&nbsp;DB_RemoveDir
</UL>

<P><STRONG><a name="[107]"></a>DB_CreateHierarchy</STRONG> (Thumb, 234 bytes, Stack size 104 bytes, database_app.o(.text))
<BR><BR>[Stack]<UL><LI>Max Depth = 644<LI>Call Chain = DB_CreateHierarchy &rArr; DB_RemoveDir &rArr;  DB_RemoveDir (Cycle)
</UL>
<BR>[Calls]<UL><LI><a href="#[105]">&gt;&gt;</a>&nbsp;&nbsp;&nbsp;f_opendir
<LI><a href="#[109]">&gt;&gt;</a>&nbsp;&nbsp;&nbsp;f_mkdir
<LI><a href="#[108]">&gt;&gt;</a>&nbsp;&nbsp;&nbsp;TIME_AddSec
<LI><a href="#[104]">&gt;&gt;</a>&nbsp;&nbsp;&nbsp;DB_RemoveDir
<LI><a href="#[c0]">&gt;&gt;</a>&nbsp;&nbsp;&nbsp;__2sprintf
</UL>
<BR>[Called By]<UL><LI><a href="#[ba]">&gt;&gt;</a>&nbsp;&nbsp;&nbsp;DB_SaveSpeed
</UL>

<P><STRONG><a name="[f8]"></a>DB_SaveSpeed_Pause</STRONG> (Thumb, 34 bytes, Stack size 8 bytes, database_app.o(.text))
<BR><BR>[Stack]<UL><LI>Max Depth = 220<LI>Call Chain = DB_SaveSpeed_Pause &rArr; f_close &rArr; f_sync &rArr; sync_fs &rArr; disk_ioctl &rArr; MMC_disk_ioctl &rArr;  MMC_disk_ioctl (Cycle)
</UL>
<BR>[Calls]<UL><LI><a href="#[fb]">&gt;&gt;</a>&nbsp;&nbsp;&nbsp;f_close
</UL>
<BR>[Called By]<UL><LI><a href="#[f6]">&gt;&gt;</a>&nbsp;&nbsp;&nbsp;CfgProcessData
</UL>

<P><STRONG><a name="[fc]"></a>DB_SaveSpeed_Continue</STRONG> (Thumb, 12 bytes, Stack size 0 bytes, database_app.o(.text))
<BR><BR>[Called By]<UL><LI><a href="#[f6]">&gt;&gt;</a>&nbsp;&nbsp;&nbsp;CfgProcessData
</UL>

<P><STRONG><a name="[ba]"></a>DB_SaveSpeed</STRONG> (Thumb, 432 bytes, Stack size 80 bytes, database_app.o(.text))
<BR><BR>[Stack]<UL><LI>Max Depth = 724<LI>Call Chain = DB_SaveSpeed &rArr; DB_CreateHierarchy &rArr; DB_RemoveDir &rArr;  DB_RemoveDir (Cycle)
</UL>
<BR>[Calls]<UL><LI><a href="#[fd]">&gt;&gt;</a>&nbsp;&nbsp;&nbsp;f_lseek
<LI><a href="#[fb]">&gt;&gt;</a>&nbsp;&nbsp;&nbsp;f_close
<LI><a href="#[10b]">&gt;&gt;</a>&nbsp;&nbsp;&nbsp;f_write
<LI><a href="#[10a]">&gt;&gt;</a>&nbsp;&nbsp;&nbsp;DbCalcCheckSum
<LI><a href="#[107]">&gt;&gt;</a>&nbsp;&nbsp;&nbsp;DB_CreateHierarchy
<LI><a href="#[f9]">&gt;&gt;</a>&nbsp;&nbsp;&nbsp;f_open
<LI><a href="#[c0]">&gt;&gt;</a>&nbsp;&nbsp;&nbsp;__2sprintf
<LI><a href="#[6d]">&gt;&gt;</a>&nbsp;&nbsp;&nbsp;strcpy
<LI><a href="#[9c]">&gt;&gt;</a>&nbsp;&nbsp;&nbsp;memcmp
</UL>
<BR>[Called By]<UL><LI><a href="#[72]">&gt;&gt;</a>&nbsp;&nbsp;&nbsp;TrackerTask
</UL>

<P><STRONG><a name="[10c]"></a>GetLastRecord</STRONG> (Thumb, 240 bytes, Stack size 720 bytes, database_app.o(.text), UNUSED)
<BR><BR>[Calls]<UL><LI><a href="#[fd]">&gt;&gt;</a>&nbsp;&nbsp;&nbsp;f_lseek
<LI><a href="#[fb]">&gt;&gt;</a>&nbsp;&nbsp;&nbsp;f_close
<LI><a href="#[10a]">&gt;&gt;</a>&nbsp;&nbsp;&nbsp;DbCalcCheckSum
<LI><a href="#[fe]">&gt;&gt;</a>&nbsp;&nbsp;&nbsp;f_read
<LI><a href="#[f9]">&gt;&gt;</a>&nbsp;&nbsp;&nbsp;f_open
<LI><a href="#[c0]">&gt;&gt;</a>&nbsp;&nbsp;&nbsp;__2sprintf
<LI><a href="#[e1]">&gt;&gt;</a>&nbsp;&nbsp;&nbsp;__aeabi_memcpy
</UL>

<P><STRONG><a name="[10d]"></a>DB__Print2</STRONG> (Thumb, 708 bytes, Stack size 816 bytes, database_app.o(.text))
<BR><BR>[Stack]<UL><LI>Max Depth = 1212<LI>Call Chain = DB__Print2 &rArr; f_open &rArr; dir_register &rArr; dir_find &rArr; dir_next &rArr; create_chain &rArr; put_fat &rArr; move_window &rArr; sync_window &rArr; disk_write &rArr; MMC_disk_write &rArr; send_cmd &rArr;  send_cmd (Cycle)
</UL>
<BR>[Calls]<UL><LI><a href="#[fd]">&gt;&gt;</a>&nbsp;&nbsp;&nbsp;f_lseek
<LI><a href="#[fb]">&gt;&gt;</a>&nbsp;&nbsp;&nbsp;f_close
<LI><a href="#[aa]">&gt;&gt;</a>&nbsp;&nbsp;&nbsp;TIME_GetSec
<LI><a href="#[ad]">&gt;&gt;</a>&nbsp;&nbsp;&nbsp;TIME_FromSec
<LI><a href="#[8c]">&gt;&gt;</a>&nbsp;&nbsp;&nbsp;USART3_PutString
<LI><a href="#[10a]">&gt;&gt;</a>&nbsp;&nbsp;&nbsp;DbCalcCheckSum
<LI><a href="#[fe]">&gt;&gt;</a>&nbsp;&nbsp;&nbsp;f_read
<LI><a href="#[f9]">&gt;&gt;</a>&nbsp;&nbsp;&nbsp;f_open
<LI><a href="#[c0]">&gt;&gt;</a>&nbsp;&nbsp;&nbsp;__2sprintf
<LI><a href="#[9b]">&gt;&gt;</a>&nbsp;&nbsp;&nbsp;__aeabi_memcpy4
</UL>
<BR>[Called By]<UL><LI><a href="#[b1]">&gt;&gt;</a>&nbsp;&nbsp;&nbsp;DB_Print
</UL>

<P><STRONG><a name="[10e]"></a>DB__Print1</STRONG> (Thumb, 2114 bytes, Stack size 984 bytes, database_app.o(.text))
<BR><BR>[Stack]<UL><LI>Max Depth = 1380<LI>Call Chain = DB__Print1 &rArr; f_open &rArr; dir_register &rArr; dir_find &rArr; dir_next &rArr; create_chain &rArr; put_fat &rArr; move_window &rArr; sync_window &rArr; disk_write &rArr; MMC_disk_write &rArr; send_cmd &rArr;  send_cmd (Cycle)
</UL>
<BR>[Calls]<UL><LI><a href="#[fd]">&gt;&gt;</a>&nbsp;&nbsp;&nbsp;f_lseek
<LI><a href="#[fb]">&gt;&gt;</a>&nbsp;&nbsp;&nbsp;f_close
<LI><a href="#[aa]">&gt;&gt;</a>&nbsp;&nbsp;&nbsp;TIME_GetSec
<LI><a href="#[ad]">&gt;&gt;</a>&nbsp;&nbsp;&nbsp;TIME_FromSec
<LI><a href="#[8c]">&gt;&gt;</a>&nbsp;&nbsp;&nbsp;USART3_PutString
<LI><a href="#[10f]">&gt;&gt;</a>&nbsp;&nbsp;&nbsp;formatLatLng
<LI><a href="#[10a]">&gt;&gt;</a>&nbsp;&nbsp;&nbsp;DbCalcCheckSum
<LI><a href="#[fe]">&gt;&gt;</a>&nbsp;&nbsp;&nbsp;f_read
<LI><a href="#[f9]">&gt;&gt;</a>&nbsp;&nbsp;&nbsp;f_open
<LI><a href="#[c0]">&gt;&gt;</a>&nbsp;&nbsp;&nbsp;__2sprintf
<LI><a href="#[9b]">&gt;&gt;</a>&nbsp;&nbsp;&nbsp;__aeabi_memcpy4
</UL>
<BR>[Called By]<UL><LI><a href="#[b1]">&gt;&gt;</a>&nbsp;&nbsp;&nbsp;DB_Print
</UL>

<P><STRONG><a name="[b1]"></a>DB_Print</STRONG> (Thumb, 214 bytes, Stack size 24 bytes, database_app.o(.text))
<BR><BR>[Stack]<UL><LI>Max Depth = 1404<LI>Call Chain = DB_Print &rArr; DB__Print1 &rArr; f_open &rArr; dir_register &rArr; dir_find &rArr; dir_next &rArr; create_chain &rArr; put_fat &rArr; move_window &rArr; sync_window &rArr; disk_write &rArr; MMC_disk_write &rArr; send_cmd &rArr;  send_cmd (Cycle)
</UL>
<BR>[Calls]<UL><LI><a href="#[8b]">&gt;&gt;</a>&nbsp;&nbsp;&nbsp;USART3_Init
<LI><a href="#[10e]">&gt;&gt;</a>&nbsp;&nbsp;&nbsp;DB__Print1
<LI><a href="#[10d]">&gt;&gt;</a>&nbsp;&nbsp;&nbsp;DB__Print2
</UL>
<BR>[Called By]<UL><LI><a href="#[72]">&gt;&gt;</a>&nbsp;&nbsp;&nbsp;TrackerTask
<LI><a href="#[5f]">&gt;&gt;</a>&nbsp;&nbsp;&nbsp;CMD_CfgParse
</UL>

<P><STRONG><a name="[7b]"></a>TICK_Init</STRONG> (Thumb, 74 bytes, Stack size 12 bytes, tick.o(.text))
<BR><BR>[Stack]<UL><LI>Max Depth = 12<LI>Call Chain = TICK_Init
</UL>
<BR>[Called By]<UL><LI><a href="#[79]">&gt;&gt;</a>&nbsp;&nbsp;&nbsp;SysInit
</UL>

<P><STRONG><a name="[2cf]"></a>TICK_DeInit</STRONG> (Thumb, 10 bytes, Stack size 0 bytes, tick.o(.text), UNUSED)

<P><STRONG><a name="[9]"></a>SysTick_Handler</STRONG> (Thumb, 12 bytes, Stack size 8 bytes, tick.o(.text))
<BR><BR>[Stack]<UL><LI>Max Depth = 8<LI>Call Chain = SysTick_Handler
</UL>
<BR>[Calls]<UL><LI><a href="#[111]">&gt;&gt;</a>&nbsp;&nbsp;&nbsp;disk_timerproc
<LI><a href="#[110]">&gt;&gt;</a>&nbsp;&nbsp;&nbsp;SysTick_Task
</UL>
<BR>[Address Reference Count : 1]<UL><LI> startup_stm32f10x_md.o(RESET)
</UL>
<P><STRONG><a name="[81]"></a>IO_ToggleSetStatus</STRONG> (Thumb, 48 bytes, Stack size 12 bytes, led.o(.text))
<BR><BR>[Stack]<UL><LI>Max Depth = 12<LI>Call Chain = IO_ToggleSetStatus
</UL>
<BR>[Called By]<UL><LI><a href="#[f6]">&gt;&gt;</a>&nbsp;&nbsp;&nbsp;CfgProcessData
<LI><a href="#[72]">&gt;&gt;</a>&nbsp;&nbsp;&nbsp;TrackerTask
<LI><a href="#[7f]">&gt;&gt;</a>&nbsp;&nbsp;&nbsp;IO_ToggleInit
<LI><a href="#[87]">&gt;&gt;</a>&nbsp;&nbsp;&nbsp;DB_Init
<LI><a href="#[79]">&gt;&gt;</a>&nbsp;&nbsp;&nbsp;SysInit
</UL>

<P><STRONG><a name="[7f]"></a>IO_ToggleInit</STRONG> (Thumb, 168 bytes, Stack size 8 bytes, led.o(.text))
<BR><BR>[Stack]<UL><LI>Max Depth = 20<LI>Call Chain = IO_ToggleInit &rArr; IO_ToggleSetStatus
</UL>
<BR>[Calls]<UL><LI><a href="#[81]">&gt;&gt;</a>&nbsp;&nbsp;&nbsp;IO_ToggleSetStatus
</UL>
<BR>[Called By]<UL><LI><a href="#[79]">&gt;&gt;</a>&nbsp;&nbsp;&nbsp;SysInit
</UL>

<P><STRONG><a name="[112]"></a>IO_ToggleProcess</STRONG> (Thumb, 78 bytes, Stack size 0 bytes, led.o(.text))
<BR><BR>[Called By]<UL><LI><a href="#[98]">&gt;&gt;</a>&nbsp;&nbsp;&nbsp;IO_ToggleTask
</UL>

<P><STRONG><a name="[98]"></a>IO_ToggleTask</STRONG> (Thumb, 174 bytes, Stack size 8 bytes, led.o(.text))
<BR><BR>[Stack]<UL><LI>Max Depth = 16<LI>Call Chain = IO_ToggleTask &rArr; InitPWM
</UL>
<BR>[Calls]<UL><LI><a href="#[113]">&gt;&gt;</a>&nbsp;&nbsp;&nbsp;InitPWM
<LI><a href="#[114]">&gt;&gt;</a>&nbsp;&nbsp;&nbsp;DeInitPWM
<LI><a href="#[112]">&gt;&gt;</a>&nbsp;&nbsp;&nbsp;IO_ToggleProcess
</UL>
<BR>[Called By]<UL><LI><a href="#[26]">&gt;&gt;</a>&nbsp;&nbsp;&nbsp;TIM2_IRQHandler
</UL>

<P><STRONG><a name="[115]"></a>FirmwareTask_IsBusy</STRONG> (Thumb, 28 bytes, Stack size 8 bytes, firmware_task.o(.text), UNUSED)
<BR><BR>[Calls]<UL><LI><a href="#[70]">&gt;&gt;</a>&nbsp;&nbsp;&nbsp;CheckTimeout
</UL>

<P><STRONG><a name="[128]"></a>FIRMWARE_Task</STRONG> (Thumb, 2 bytes, Stack size 0 bytes, firmware_task.o(.text))
<BR><BR>[Called By]<UL><LI><a href="#[37]">&gt;&gt;</a>&nbsp;&nbsp;&nbsp;vTcpIpTask
</UL>

<P><STRONG><a name="[116]"></a>FIRMWARE_Init</STRONG> (Thumb, 36 bytes, Stack size 8 bytes, firmware_task.o(.text))
<BR><BR>[Stack]<UL><LI>Max Depth = 12<LI>Call Chain = FIRMWARE_Init &rArr; InitTimeout
</UL>
<BR>[Calls]<UL><LI><a href="#[62]">&gt;&gt;</a>&nbsp;&nbsp;&nbsp;InitTimeout
</UL>
<BR>[Called By]<UL><LI><a href="#[36]">&gt;&gt;</a>&nbsp;&nbsp;&nbsp;vTcpIpTaskInit
<LI><a href="#[11c]">&gt;&gt;</a>&nbsp;&nbsp;&nbsp;FIRMWARE_Manage
</UL>

<P><STRONG><a name="[117]"></a>FIRMWARE_Reset</STRONG> (Thumb, 34 bytes, Stack size 8 bytes, firmware_task.o(.text))
<BR><BR>[Stack]<UL><LI>Max Depth = 12<LI>Call Chain = FIRMWARE_Reset &rArr; InitTimeout
</UL>
<BR>[Calls]<UL><LI><a href="#[62]">&gt;&gt;</a>&nbsp;&nbsp;&nbsp;InitTimeout
</UL>
<BR>[Called By]<UL><LI><a href="#[37]">&gt;&gt;</a>&nbsp;&nbsp;&nbsp;vTcpIpTask
<LI><a href="#[11c]">&gt;&gt;</a>&nbsp;&nbsp;&nbsp;FIRMWARE_Manage
<LI><a href="#[118]">&gt;&gt;</a>&nbsp;&nbsp;&nbsp;FIRMWARE_Callback
</UL>

<P><STRONG><a name="[118]"></a>FIRMWARE_Callback</STRONG> (Thumb, 846 bytes, Stack size 16 bytes, firmware_task.o(.text))
<BR><BR>[Stack]<UL><LI>Max Depth = 492<LI>Call Chain = FIRMWARE_Callback &rArr; CfgProcessData &rArr; f_unlink &rArr; follow_path &rArr; dir_find &rArr; dir_next &rArr; create_chain &rArr; put_fat &rArr; move_window &rArr; sync_window &rArr; disk_write &rArr; MMC_disk_write &rArr; send_cmd &rArr;  send_cmd (Cycle)
</UL>
<BR>[Calls]<UL><LI><a href="#[11a]">&gt;&gt;</a>&nbsp;&nbsp;&nbsp;CfgParserPacket
<LI><a href="#[f6]">&gt;&gt;</a>&nbsp;&nbsp;&nbsp;CfgProcessData
<LI><a href="#[f7]">&gt;&gt;</a>&nbsp;&nbsp;&nbsp;CfgCalcCheckSum
<LI><a href="#[f3]">&gt;&gt;</a>&nbsp;&nbsp;&nbsp;DbgCfgPrintf
<LI><a href="#[62]">&gt;&gt;</a>&nbsp;&nbsp;&nbsp;InitTimeout
<LI><a href="#[70]">&gt;&gt;</a>&nbsp;&nbsp;&nbsp;CheckTimeout
<LI><a href="#[119]">&gt;&gt;</a>&nbsp;&nbsp;&nbsp;uip_send
<LI><a href="#[11b]">&gt;&gt;</a>&nbsp;&nbsp;&nbsp;SysTick_Get
<LI><a href="#[117]">&gt;&gt;</a>&nbsp;&nbsp;&nbsp;FIRMWARE_Reset
<LI><a href="#[9b]">&gt;&gt;</a>&nbsp;&nbsp;&nbsp;__aeabi_memcpy4
</UL>
<BR>[Address Reference Count : 1]<UL><LI> firmware_task.o(.text)
</UL>
<P><STRONG><a name="[11c]"></a>FIRMWARE_Manage</STRONG> (Thumb, 1160 bytes, Stack size 32 bytes, firmware_task.o(.text))
<BR><BR>[Stack]<UL><LI>Max Depth = 296<LI>Call Chain = FIRMWARE_Manage &rArr; __0sscanf &rArr; __vfscanf_char &rArr; __vfscanf &rArr; _scanf_real
</UL>
<BR>[Calls]<UL><LI><a href="#[f7]">&gt;&gt;</a>&nbsp;&nbsp;&nbsp;CfgCalcCheckSum
<LI><a href="#[f3]">&gt;&gt;</a>&nbsp;&nbsp;&nbsp;DbgCfgPrintf
<LI><a href="#[62]">&gt;&gt;</a>&nbsp;&nbsp;&nbsp;InitTimeout
<LI><a href="#[70]">&gt;&gt;</a>&nbsp;&nbsp;&nbsp;CheckTimeout
<LI><a href="#[96]">&gt;&gt;</a>&nbsp;&nbsp;&nbsp;CFG_Load
<LI><a href="#[120]">&gt;&gt;</a>&nbsp;&nbsp;&nbsp;uip_htons
<LI><a href="#[121]">&gt;&gt;</a>&nbsp;&nbsp;&nbsp;tcp_connect
<LI><a href="#[11f]">&gt;&gt;</a>&nbsp;&nbsp;&nbsp;resolv_query
<LI><a href="#[11b]">&gt;&gt;</a>&nbsp;&nbsp;&nbsp;SysTick_Get
<LI><a href="#[11e]">&gt;&gt;</a>&nbsp;&nbsp;&nbsp;RESOLVER_Lookup
<LI><a href="#[11d]">&gt;&gt;</a>&nbsp;&nbsp;&nbsp;Domain_IpCheck
<LI><a href="#[117]">&gt;&gt;</a>&nbsp;&nbsp;&nbsp;FIRMWARE_Reset
<LI><a href="#[116]">&gt;&gt;</a>&nbsp;&nbsp;&nbsp;FIRMWARE_Init
<LI><a href="#[e8]">&gt;&gt;</a>&nbsp;&nbsp;&nbsp;__0sscanf
<LI><a href="#[9b]">&gt;&gt;</a>&nbsp;&nbsp;&nbsp;__aeabi_memcpy4
<LI><a href="#[e1]">&gt;&gt;</a>&nbsp;&nbsp;&nbsp;__aeabi_memcpy
</UL>
<BR>[Called By]<UL><LI><a href="#[37]">&gt;&gt;</a>&nbsp;&nbsp;&nbsp;vTcpIpTask
</UL>

<P><STRONG><a name="[36]"></a>vTcpIpTaskInit</STRONG> (Thumb, 40 bytes, Stack size 8 bytes, tcp_ip_task.o(.text))
<BR><BR>[Stack]<UL><LI>Max Depth = 20<LI>Call Chain = vTcpIpTaskInit &rArr; TRACKING_SVR_Init &rArr; InitTimeout
</UL>
<BR>[Calls]<UL><LI><a href="#[62]">&gt;&gt;</a>&nbsp;&nbsp;&nbsp;InitTimeout
<LI><a href="#[122]">&gt;&gt;</a>&nbsp;&nbsp;&nbsp;TRACKING_SVR_Init
<LI><a href="#[123]">&gt;&gt;</a>&nbsp;&nbsp;&nbsp;FTP_Init
<LI><a href="#[116]">&gt;&gt;</a>&nbsp;&nbsp;&nbsp;FIRMWARE_Init
</UL>
<BR>[Called By]<UL><LI><a href="#[60]">&gt;&gt;</a>&nbsp;&nbsp;&nbsp;GSM_GPRS_Task
</UL>
<BR>[Address Reference Count : 1]<UL><LI> main.o(.text)
</UL>
<P><STRONG><a name="[37]"></a>vTcpIpTask</STRONG> (Thumb, 70 bytes, Stack size 8 bytes, tcp_ip_task.o(.text))
<BR><BR>[Stack]<UL><LI>Max Depth = 1148<LI>Call Chain = vTcpIpTask &rArr; FTP_Manage &rArr; f_unlink &rArr; follow_path &rArr; dir_find &rArr; dir_next &rArr; create_chain &rArr; put_fat &rArr; move_window &rArr; sync_window &rArr; disk_write &rArr; MMC_disk_write &rArr; send_cmd &rArr;  send_cmd (Cycle)
</UL>
<BR>[Calls]<UL><LI><a href="#[62]">&gt;&gt;</a>&nbsp;&nbsp;&nbsp;InitTimeout
<LI><a href="#[70]">&gt;&gt;</a>&nbsp;&nbsp;&nbsp;CheckTimeout
<LI><a href="#[125]">&gt;&gt;</a>&nbsp;&nbsp;&nbsp;TRACKING_SVR_Reset
<LI><a href="#[127]">&gt;&gt;</a>&nbsp;&nbsp;&nbsp;TRACKING_SVR_Manage
<LI><a href="#[124]">&gt;&gt;</a>&nbsp;&nbsp;&nbsp;FTP_Reset
<LI><a href="#[126]">&gt;&gt;</a>&nbsp;&nbsp;&nbsp;FTP_Manage
<LI><a href="#[11c]">&gt;&gt;</a>&nbsp;&nbsp;&nbsp;FIRMWARE_Manage
<LI><a href="#[117]">&gt;&gt;</a>&nbsp;&nbsp;&nbsp;FIRMWARE_Reset
<LI><a href="#[128]">&gt;&gt;</a>&nbsp;&nbsp;&nbsp;FIRMWARE_Task
</UL>
<BR>[Address Reference Count : 1]<UL><LI> main.o(.text)
</UL>
<P><STRONG><a name="[83]"></a>AccelerometerTaskInit</STRONG> (Thumb, 8 bytes, Stack size 8 bytes, accelerometer_task.o(.text))
<BR><BR>[Stack]<UL><LI>Max Depth = 68<LI>Call Chain = AccelerometerTaskInit &rArr; MMA7660_Init &rArr; I2C_Init &rArr; RCC_GetClocksFreq
</UL>
<BR>[Calls]<UL><LI><a href="#[129]">&gt;&gt;</a>&nbsp;&nbsp;&nbsp;MMA7660_Init
</UL>
<BR>[Called By]<UL><LI><a href="#[74]">&gt;&gt;</a>&nbsp;&nbsp;&nbsp;Accelerometer_Task_MMA7660
<LI><a href="#[79]">&gt;&gt;</a>&nbsp;&nbsp;&nbsp;SysInit
</UL>

<P><STRONG><a name="[74]"></a>Accelerometer_Task_MMA7660</STRONG> (Thumb, 428 bytes, Stack size 24 bytes, accelerometer_task.o(.text))
<BR><BR>[Stack]<UL><LI>Max Depth = 92<LI>Call Chain = Accelerometer_Task_MMA7660 &rArr; AccelerometerTaskInit &rArr; MMA7660_Init &rArr; I2C_Init &rArr; RCC_GetClocksFreq
</UL>
<BR>[Calls]<UL><LI><a href="#[83]">&gt;&gt;</a>&nbsp;&nbsp;&nbsp;AccelerometerTaskInit
<LI><a href="#[12b]">&gt;&gt;</a>&nbsp;&nbsp;&nbsp;MMA7660_ReadStatus
<LI><a href="#[12a]">&gt;&gt;</a>&nbsp;&nbsp;&nbsp;MMA7660_Read
</UL>
<BR>[Called By]<UL><LI><a href="#[60]">&gt;&gt;</a>&nbsp;&nbsp;&nbsp;GSM_GPRS_Task
</UL>

<P><STRONG><a name="[113]"></a>InitPWM</STRONG> (Thumb, 164 bytes, Stack size 8 bytes, buzzer.o(.text))
<BR><BR>[Stack]<UL><LI>Max Depth = 8<LI>Call Chain = InitPWM
</UL>
<BR>[Called By]<UL><LI><a href="#[98]">&gt;&gt;</a>&nbsp;&nbsp;&nbsp;IO_ToggleTask
</UL>

<P><STRONG><a name="[114]"></a>DeInitPWM</STRONG> (Thumb, 86 bytes, Stack size 0 bytes, buzzer.o(.text))
<BR><BR>[Called By]<UL><LI><a href="#[98]">&gt;&gt;</a>&nbsp;&nbsp;&nbsp;IO_ToggleTask
</UL>

<P><STRONG><a name="[28]"></a>TIM4_IRQHandler</STRONG> (Thumb, 70 bytes, Stack size 0 bytes, buzzer.o(.text))
<BR>[Address Reference Count : 1]<UL><LI> startup_stm32f10x_md.o(RESET)
</UL>
<P><STRONG><a name="[12c]"></a>CfgUSBSendData</STRONG> (Thumb, 78 bytes, Stack size 16 bytes, usb_config_task.o(.text))
<BR><BR>[Stack]<UL><LI>Max Depth = 24<LI>Call Chain = CfgUSBSendData &rArr; RINGBUF_Put
</UL>
<BR>[Calls]<UL><LI><a href="#[f5]">&gt;&gt;</a>&nbsp;&nbsp;&nbsp;RINGBUF_Put
</UL>
<BR>[Called By]<UL><LI><a href="#[65]">&gt;&gt;</a>&nbsp;&nbsp;&nbsp;UsbConfigTask
</UL>

<P><STRONG><a name="[65]"></a>UsbConfigTask</STRONG> (Thumb, 134 bytes, Stack size 88 bytes, usb_config_task.o(.text))
<BR><BR>[Stack]<UL><LI>Max Depth = 564<LI>Call Chain = UsbConfigTask &rArr; CfgProcessData &rArr; f_unlink &rArr; follow_path &rArr; dir_find &rArr; dir_next &rArr; create_chain &rArr; put_fat &rArr; move_window &rArr; sync_window &rArr; disk_write &rArr; MMC_disk_write &rArr; send_cmd &rArr;  send_cmd (Cycle)
</UL>
<BR>[Calls]<UL><LI><a href="#[11a]">&gt;&gt;</a>&nbsp;&nbsp;&nbsp;CfgParserPacket
<LI><a href="#[f6]">&gt;&gt;</a>&nbsp;&nbsp;&nbsp;CfgProcessData
<LI><a href="#[69]">&gt;&gt;</a>&nbsp;&nbsp;&nbsp;RINGBUF_Get
<LI><a href="#[12d]">&gt;&gt;</a>&nbsp;&nbsp;&nbsp;USB_WriteEP
<LI><a href="#[12c]">&gt;&gt;</a>&nbsp;&nbsp;&nbsp;CfgUSBSendData
</UL>
<BR>[Called By]<UL><LI><a href="#[60]">&gt;&gt;</a>&nbsp;&nbsp;&nbsp;GSM_GPRS_Task
</UL>

<P><STRONG><a name="[8e]"></a>UsbConfigTaskInit</STRONG> (Thumb, 28 bytes, Stack size 8 bytes, usb_config_task.o(.text))
<BR><BR>[Stack]<UL><LI>Max Depth = 20<LI>Call Chain = UsbConfigTaskInit &rArr; AppConfigTaskInit &rArr; InitTimeout
</UL>
<BR>[Calls]<UL><LI><a href="#[f1]">&gt;&gt;</a>&nbsp;&nbsp;&nbsp;AppConfigTaskInit
<LI><a href="#[12e]">&gt;&gt;</a>&nbsp;&nbsp;&nbsp;USB_HID_Init
</UL>
<BR>[Called By]<UL><LI><a href="#[79]">&gt;&gt;</a>&nbsp;&nbsp;&nbsp;SysInit
</UL>

<P><STRONG><a name="[12f]"></a>scan_files</STRONG> (Thumb, 138 bytes, Stack size 88 bytes, msc_init.o(.text))
<BR><BR>[Stack]<UL><LI>Max Depth = 420 + In Cycle
<LI>Call Chain = scan_files &rArr;  scan_files (Cycle)
</UL>
<BR>[Calls]<UL><LI><a href="#[130]">&gt;&gt;</a>&nbsp;&nbsp;&nbsp;f_closedir
<LI><a href="#[12f]">&gt;&gt;</a>&nbsp;&nbsp;&nbsp;scan_files
<LI><a href="#[106]">&gt;&gt;</a>&nbsp;&nbsp;&nbsp;f_readdir
<LI><a href="#[105]">&gt;&gt;</a>&nbsp;&nbsp;&nbsp;f_opendir
<LI><a href="#[c0]">&gt;&gt;</a>&nbsp;&nbsp;&nbsp;__2sprintf
<LI><a href="#[c2]">&gt;&gt;</a>&nbsp;&nbsp;&nbsp;strlen
</UL>
<BR>[Called By]<UL><LI><a href="#[a7]">&gt;&gt;</a>&nbsp;&nbsp;&nbsp;mscInit
<LI><a href="#[12f]">&gt;&gt;</a>&nbsp;&nbsp;&nbsp;scan_files
</UL>

<P><STRONG><a name="[a7]"></a>mscInit</STRONG> (Thumb, 82 bytes, Stack size 600 bytes, msc_init.o(.text))
<BR><BR>[Stack]<UL><LI>Max Depth = 1020<LI>Call Chain = mscInit &rArr; scan_files &rArr;  scan_files (Cycle)
</UL>
<BR>[Calls]<UL><LI><a href="#[fb]">&gt;&gt;</a>&nbsp;&nbsp;&nbsp;f_close
<LI><a href="#[132]">&gt;&gt;</a>&nbsp;&nbsp;&nbsp;f_mount
<LI><a href="#[131]">&gt;&gt;</a>&nbsp;&nbsp;&nbsp;disk_initialize
<LI><a href="#[12f]">&gt;&gt;</a>&nbsp;&nbsp;&nbsp;scan_files
<LI><a href="#[105]">&gt;&gt;</a>&nbsp;&nbsp;&nbsp;f_opendir
<LI><a href="#[109]">&gt;&gt;</a>&nbsp;&nbsp;&nbsp;f_mkdir
<LI><a href="#[f9]">&gt;&gt;</a>&nbsp;&nbsp;&nbsp;f_open
</UL>
<BR>[Called By]<UL><LI><a href="#[72]">&gt;&gt;</a>&nbsp;&nbsp;&nbsp;TrackerTask
<LI><a href="#[87]">&gt;&gt;</a>&nbsp;&nbsp;&nbsp;DB_Init
</UL>

<P><STRONG><a name="[125]"></a>TRACKING_SVR_Reset</STRONG> (Thumb, 16 bytes, Stack size 0 bytes, tracking_server.o(.text))
<BR><BR>[Called By]<UL><LI><a href="#[37]">&gt;&gt;</a>&nbsp;&nbsp;&nbsp;vTcpIpTask
<LI><a href="#[127]">&gt;&gt;</a>&nbsp;&nbsp;&nbsp;TRACKING_SVR_Manage
<LI><a href="#[122]">&gt;&gt;</a>&nbsp;&nbsp;&nbsp;TRACKING_SVR_Init
</UL>

<P><STRONG><a name="[122]"></a>TRACKING_SVR_Init</STRONG> (Thumb, 56 bytes, Stack size 8 bytes, tracking_server.o(.text))
<BR><BR>[Stack]<UL><LI>Max Depth = 12<LI>Call Chain = TRACKING_SVR_Init &rArr; InitTimeout
</UL>
<BR>[Calls]<UL><LI><a href="#[62]">&gt;&gt;</a>&nbsp;&nbsp;&nbsp;InitTimeout
<LI><a href="#[125]">&gt;&gt;</a>&nbsp;&nbsp;&nbsp;TRACKING_SVR_Reset
</UL>
<BR>[Called By]<UL><LI><a href="#[36]">&gt;&gt;</a>&nbsp;&nbsp;&nbsp;vTcpIpTaskInit
<LI><a href="#[127]">&gt;&gt;</a>&nbsp;&nbsp;&nbsp;TRACKING_SVR_Manage
</UL>

<P><STRONG><a name="[133]"></a>TRACKING_SVR_Callback</STRONG> (Thumb, 686 bytes, Stack size 8 bytes, tracking_server.o(.text))
<BR><BR>[Stack]<UL><LI>Max Depth = 188<LI>Call Chain = TRACKING_SVR_Callback &rArr; AddTrackerPacket &rArr; TIME_FromSec &rArr; gmtime_r
</UL>
<BR>[Calls]<UL><LI><a href="#[f3]">&gt;&gt;</a>&nbsp;&nbsp;&nbsp;DbgCfgPrintf
<LI><a href="#[dd]">&gt;&gt;</a>&nbsp;&nbsp;&nbsp;UniConfigParser
<LI><a href="#[bf]">&gt;&gt;</a>&nbsp;&nbsp;&nbsp;AddTrackerPacket
<LI><a href="#[6f]">&gt;&gt;</a>&nbsp;&nbsp;&nbsp;TrackerGetNewData
<LI><a href="#[62]">&gt;&gt;</a>&nbsp;&nbsp;&nbsp;InitTimeout
<LI><a href="#[70]">&gt;&gt;</a>&nbsp;&nbsp;&nbsp;CheckTimeout
<LI><a href="#[119]">&gt;&gt;</a>&nbsp;&nbsp;&nbsp;uip_send
<LI><a href="#[11b]">&gt;&gt;</a>&nbsp;&nbsp;&nbsp;SysTick_Get
<LI><a href="#[6c]">&gt;&gt;</a>&nbsp;&nbsp;&nbsp;strstr
</UL>
<BR>[Address Reference Count : 1]<UL><LI> tracking_server.o(.text)
</UL>
<P><STRONG><a name="[127]"></a>TRACKING_SVR_Manage</STRONG> (Thumb, 1290 bytes, Stack size 32 bytes, tracking_server.o(.text))
<BR><BR>[Stack]<UL><LI>Max Depth = 296<LI>Call Chain = TRACKING_SVR_Manage &rArr; __0sscanf &rArr; __vfscanf_char &rArr; __vfscanf &rArr; _scanf_real
</UL>
<BR>[Calls]<UL><LI><a href="#[f3]">&gt;&gt;</a>&nbsp;&nbsp;&nbsp;DbgCfgPrintf
<LI><a href="#[62]">&gt;&gt;</a>&nbsp;&nbsp;&nbsp;InitTimeout
<LI><a href="#[70]">&gt;&gt;</a>&nbsp;&nbsp;&nbsp;CheckTimeout
<LI><a href="#[134]">&gt;&gt;</a>&nbsp;&nbsp;&nbsp;PPP_ReInit
<LI><a href="#[125]">&gt;&gt;</a>&nbsp;&nbsp;&nbsp;TRACKING_SVR_Reset
<LI><a href="#[122]">&gt;&gt;</a>&nbsp;&nbsp;&nbsp;TRACKING_SVR_Init
<LI><a href="#[120]">&gt;&gt;</a>&nbsp;&nbsp;&nbsp;uip_htons
<LI><a href="#[121]">&gt;&gt;</a>&nbsp;&nbsp;&nbsp;tcp_connect
<LI><a href="#[11f]">&gt;&gt;</a>&nbsp;&nbsp;&nbsp;resolv_query
<LI><a href="#[11b]">&gt;&gt;</a>&nbsp;&nbsp;&nbsp;SysTick_Get
<LI><a href="#[11e]">&gt;&gt;</a>&nbsp;&nbsp;&nbsp;RESOLVER_Lookup
<LI><a href="#[11d]">&gt;&gt;</a>&nbsp;&nbsp;&nbsp;Domain_IpCheck
<LI><a href="#[e8]">&gt;&gt;</a>&nbsp;&nbsp;&nbsp;__0sscanf
</UL>
<BR>[Called By]<UL><LI><a href="#[37]">&gt;&gt;</a>&nbsp;&nbsp;&nbsp;vTcpIpTask
</UL>

<P><STRONG><a name="[0]"></a>Reset_Handler</STRONG> (Thumb, 4 bytes, Stack size 0 bytes, startup_stm32f10x_md.o(.text))
<BR>[Address Reference Count : 1]<UL><LI> startup_stm32f10x_md.o(RESET)
</UL>
<P><STRONG><a name="[1]"></a>NMI_Handler</STRONG> (Thumb, 2 bytes, Stack size 0 bytes, startup_stm32f10x_md.o(.text))
<BR><BR>[Calls]<UL><LI><a href="#[1]">&gt;&gt;</a>&nbsp;&nbsp;&nbsp;NMI_Handler
</UL>
<BR>[Called By]<UL><LI><a href="#[1]">&gt;&gt;</a>&nbsp;&nbsp;&nbsp;NMI_Handler
</UL>
<BR>[Address Reference Count : 1]<UL><LI> startup_stm32f10x_md.o(RESET)
</UL>
<P><STRONG><a name="[3]"></a>MemManage_Handler</STRONG> (Thumb, 2 bytes, Stack size 0 bytes, startup_stm32f10x_md.o(.text))
<BR><BR>[Calls]<UL><LI><a href="#[3]">&gt;&gt;</a>&nbsp;&nbsp;&nbsp;MemManage_Handler
</UL>
<BR>[Called By]<UL><LI><a href="#[3]">&gt;&gt;</a>&nbsp;&nbsp;&nbsp;MemManage_Handler
</UL>
<BR>[Address Reference Count : 1]<UL><LI> startup_stm32f10x_md.o(RESET)
</UL>
<P><STRONG><a name="[4]"></a>BusFault_Handler</STRONG> (Thumb, 2 bytes, Stack size 0 bytes, startup_stm32f10x_md.o(.text))
<BR><BR>[Calls]<UL><LI><a href="#[4]">&gt;&gt;</a>&nbsp;&nbsp;&nbsp;BusFault_Handler
</UL>
<BR>[Called By]<UL><LI><a href="#[4]">&gt;&gt;</a>&nbsp;&nbsp;&nbsp;BusFault_Handler
</UL>
<BR>[Address Reference Count : 1]<UL><LI> startup_stm32f10x_md.o(RESET)
</UL>
<P><STRONG><a name="[5]"></a>UsageFault_Handler</STRONG> (Thumb, 2 bytes, Stack size 0 bytes, startup_stm32f10x_md.o(.text))
<BR><BR>[Calls]<UL><LI><a href="#[5]">&gt;&gt;</a>&nbsp;&nbsp;&nbsp;UsageFault_Handler
</UL>
<BR>[Called By]<UL><LI><a href="#[5]">&gt;&gt;</a>&nbsp;&nbsp;&nbsp;UsageFault_Handler
</UL>
<BR>[Address Reference Count : 1]<UL><LI> startup_stm32f10x_md.o(RESET)
</UL>
<P><STRONG><a name="[6]"></a>SVC_Handler</STRONG> (Thumb, 2 bytes, Stack size 0 bytes, startup_stm32f10x_md.o(.text))
<BR><BR>[Calls]<UL><LI><a href="#[6]">&gt;&gt;</a>&nbsp;&nbsp;&nbsp;SVC_Handler
</UL>
<BR>[Called By]<UL><LI><a href="#[6]">&gt;&gt;</a>&nbsp;&nbsp;&nbsp;SVC_Handler
</UL>
<BR>[Address Reference Count : 1]<UL><LI> startup_stm32f10x_md.o(RESET)
</UL>
<P><STRONG><a name="[7]"></a>DebugMon_Handler</STRONG> (Thumb, 2 bytes, Stack size 0 bytes, startup_stm32f10x_md.o(.text))
<BR><BR>[Calls]<UL><LI><a href="#[7]">&gt;&gt;</a>&nbsp;&nbsp;&nbsp;DebugMon_Handler
</UL>
<BR>[Called By]<UL><LI><a href="#[7]">&gt;&gt;</a>&nbsp;&nbsp;&nbsp;DebugMon_Handler
</UL>
<BR>[Address Reference Count : 1]<UL><LI> startup_stm32f10x_md.o(RESET)
</UL>
<P><STRONG><a name="[8]"></a>PendSV_Handler</STRONG> (Thumb, 2 bytes, Stack size 0 bytes, startup_stm32f10x_md.o(.text))
<BR><BR>[Calls]<UL><LI><a href="#[8]">&gt;&gt;</a>&nbsp;&nbsp;&nbsp;PendSV_Handler
</UL>
<BR>[Called By]<UL><LI><a href="#[8]">&gt;&gt;</a>&nbsp;&nbsp;&nbsp;PendSV_Handler
</UL>
<BR>[Address Reference Count : 1]<UL><LI> startup_stm32f10x_md.o(RESET)
</UL>
<P><STRONG><a name="[1c]"></a>ADC1_2_IRQHandler</STRONG> (Thumb, 0 bytes, Stack size 0 bytes, startup_stm32f10x_md.o(.text))
<BR><BR>[Calls]<UL><LI><a href="#[1c]">&gt;&gt;</a>&nbsp;&nbsp;&nbsp;ADC1_2_IRQHandler
</UL>
<BR>[Called By]<UL><LI><a href="#[1c]">&gt;&gt;</a>&nbsp;&nbsp;&nbsp;ADC1_2_IRQHandler
</UL>
<BR>[Address Reference Count : 1]<UL><LI> startup_stm32f10x_md.o(RESET)
</UL>
<P><STRONG><a name="[1f]"></a>CAN1_RX1_IRQHandler</STRONG> (Thumb, 0 bytes, Stack size 0 bytes, startup_stm32f10x_md.o(.text))
<BR>[Address Reference Count : 1]<UL><LI> startup_stm32f10x_md.o(RESET)
</UL>
<P><STRONG><a name="[20]"></a>CAN1_SCE_IRQHandler</STRONG> (Thumb, 0 bytes, Stack size 0 bytes, startup_stm32f10x_md.o(.text))
<BR>[Address Reference Count : 1]<UL><LI> startup_stm32f10x_md.o(RESET)
</UL>
<P><STRONG><a name="[15]"></a>DMA1_Channel1_IRQHandler</STRONG> (Thumb, 0 bytes, Stack size 0 bytes, startup_stm32f10x_md.o(.text))
<BR>[Address Reference Count : 1]<UL><LI> startup_stm32f10x_md.o(RESET)
</UL>
<P><STRONG><a name="[16]"></a>DMA1_Channel2_IRQHandler</STRONG> (Thumb, 0 bytes, Stack size 0 bytes, startup_stm32f10x_md.o(.text))
<BR>[Address Reference Count : 1]<UL><LI> startup_stm32f10x_md.o(RESET)
</UL>
<P><STRONG><a name="[17]"></a>DMA1_Channel3_IRQHandler</STRONG> (Thumb, 0 bytes, Stack size 0 bytes, startup_stm32f10x_md.o(.text))
<BR>[Address Reference Count : 1]<UL><LI> startup_stm32f10x_md.o(RESET)
</UL>
<P><STRONG><a name="[18]"></a>DMA1_Channel4_IRQHandler</STRONG> (Thumb, 0 bytes, Stack size 0 bytes, startup_stm32f10x_md.o(.text))
<BR>[Address Reference Count : 1]<UL><LI> startup_stm32f10x_md.o(RESET)
</UL>
<P><STRONG><a name="[19]"></a>DMA1_Channel5_IRQHandler</STRONG> (Thumb, 0 bytes, Stack size 0 bytes, startup_stm32f10x_md.o(.text))
<BR>[Address Reference Count : 1]<UL><LI> startup_stm32f10x_md.o(RESET)
</UL>
<P><STRONG><a name="[1a]"></a>DMA1_Channel6_IRQHandler</STRONG> (Thumb, 0 bytes, Stack size 0 bytes, startup_stm32f10x_md.o(.text))
<BR>[Address Reference Count : 1]<UL><LI> startup_stm32f10x_md.o(RESET)
</UL>
<P><STRONG><a name="[1b]"></a>DMA1_Channel7_IRQHandler</STRONG> (Thumb, 0 bytes, Stack size 0 bytes, startup_stm32f10x_md.o(.text))
<BR>[Address Reference Count : 1]<UL><LI> startup_stm32f10x_md.o(RESET)
</UL>
<P><STRONG><a name="[32]"></a>EXTI15_10_IRQHandler</STRONG> (Thumb, 0 bytes, Stack size 0 bytes, startup_stm32f10x_md.o(.text))
<BR>[Address Reference Count : 1]<UL><LI> startup_stm32f10x_md.o(RESET)
</UL>
<P><STRONG><a name="[e]"></a>FLASH_IRQHandler</STRONG> (Thumb, 0 bytes, Stack size 0 bytes, startup_stm32f10x_md.o(.text))
<BR>[Address Reference Count : 1]<UL><LI> startup_stm32f10x_md.o(RESET)
</UL>
<P><STRONG><a name="[2a]"></a>I2C1_ER_IRQHandler</STRONG> (Thumb, 0 bytes, Stack size 0 bytes, startup_stm32f10x_md.o(.text))
<BR>[Address Reference Count : 1]<UL><LI> startup_stm32f10x_md.o(RESET)
</UL>
<P><STRONG><a name="[29]"></a>I2C1_EV_IRQHandler</STRONG> (Thumb, 0 bytes, Stack size 0 bytes, startup_stm32f10x_md.o(.text))
<BR>[Address Reference Count : 1]<UL><LI> startup_stm32f10x_md.o(RESET)
</UL>
<P><STRONG><a name="[2c]"></a>I2C2_ER_IRQHandler</STRONG> (Thumb, 0 bytes, Stack size 0 bytes, startup_stm32f10x_md.o(.text))
<BR>[Address Reference Count : 1]<UL><LI> startup_stm32f10x_md.o(RESET)
</UL>
<P><STRONG><a name="[2b]"></a>I2C2_EV_IRQHandler</STRONG> (Thumb, 0 bytes, Stack size 0 bytes, startup_stm32f10x_md.o(.text))
<BR>[Address Reference Count : 1]<UL><LI> startup_stm32f10x_md.o(RESET)
</UL>
<P><STRONG><a name="[b]"></a>PVD_IRQHandler</STRONG> (Thumb, 0 bytes, Stack size 0 bytes, startup_stm32f10x_md.o(.text))
<BR>[Address Reference Count : 1]<UL><LI> startup_stm32f10x_md.o(RESET)
</UL>
<P><STRONG><a name="[f]"></a>RCC_IRQHandler</STRONG> (Thumb, 0 bytes, Stack size 0 bytes, startup_stm32f10x_md.o(.text))
<BR>[Address Reference Count : 1]<UL><LI> startup_stm32f10x_md.o(RESET)
</UL>
<P><STRONG><a name="[2d]"></a>SPI1_IRQHandler</STRONG> (Thumb, 0 bytes, Stack size 0 bytes, startup_stm32f10x_md.o(.text))
<BR>[Address Reference Count : 1]<UL><LI> startup_stm32f10x_md.o(RESET)
</UL>
<P><STRONG><a name="[2e]"></a>SPI2_IRQHandler</STRONG> (Thumb, 0 bytes, Stack size 0 bytes, startup_stm32f10x_md.o(.text))
<BR>[Address Reference Count : 1]<UL><LI> startup_stm32f10x_md.o(RESET)
</UL>
<P><STRONG><a name="[c]"></a>TAMPER_IRQHandler</STRONG> (Thumb, 0 bytes, Stack size 0 bytes, startup_stm32f10x_md.o(.text))
<BR>[Address Reference Count : 1]<UL><LI> startup_stm32f10x_md.o(RESET)
</UL>
<P><STRONG><a name="[22]"></a>TIM1_BRK_IRQHandler</STRONG> (Thumb, 0 bytes, Stack size 0 bytes, startup_stm32f10x_md.o(.text))
<BR>[Address Reference Count : 1]<UL><LI> startup_stm32f10x_md.o(RESET)
</UL>
<P><STRONG><a name="[25]"></a>TIM1_CC_IRQHandler</STRONG> (Thumb, 0 bytes, Stack size 0 bytes, startup_stm32f10x_md.o(.text))
<BR>[Address Reference Count : 1]<UL><LI> startup_stm32f10x_md.o(RESET)
</UL>
[...]
</UL>
<BR>[Calls]<UL><LI><a href="#[23f]">&gt;&gt;</a>&nbsp;&nbsp;&nbsp;halSpiWriteMutilByte
<LI><a href="#[1d2]">&gt;&gt;</a>&nbsp;&nbsp;&nbsp;halSpiWriteByte
<LI><a href="#[238]">&gt;&gt;</a>&nbsp;&nbsp;&nbsp;wait_ready
</UL>
<BR>[Called By]<UL><LI><a href="#[24a]">&gt;&gt;</a>&nbsp;&nbsp;&nbsp;MMC_disk_multiple_write
<LI><a href="#[249]">&gt;&gt;</a>&nbsp;&nbsp;&nbsp;MMC_disk_multiple_write_stop
<LI><a href="#[247]">&gt;&gt;</a>&nbsp;&nbsp;&nbsp;MMC_disk_write
</UL>

<P><STRONG><a name="[240]"></a>send_cmd</STRONG> (Thumb, 162 bytes, Stack size 24 bytes, mmc_ssp.o(.text))
<BR><BR>[Stack]<UL><LI>Max Depth = 60 + In Cycle
<LI>Call Chain = send_cmd &rArr;  send_cmd (Cycle)
</UL>
<BR>[Calls]<UL><LI><a href="#[1d2]">&gt;&gt;</a>&nbsp;&nbsp;&nbsp;halSpiWriteByte
<LI><a href="#[240]">&gt;&gt;</a>&nbsp;&nbsp;&nbsp;send_cmd
<LI><a href="#[23a]">&gt;&gt;</a>&nbsp;&nbsp;&nbsp;select
<LI><a href="#[239]">&gt;&gt;</a>&nbsp;&nbsp;&nbsp;deselect
</UL>
<BR>[Called By]<UL><LI><a href="#[24c]">&gt;&gt;</a>&nbsp;&nbsp;&nbsp;MMC_disk_multiple_read_stop
<LI><a href="#[24b]">&gt;&gt;</a>&nbsp;&nbsp;&nbsp;MMC_disk_multiple_read_start
<LI><a href="#[248]">&gt;&gt;</a>&nbsp;&nbsp;&nbsp;MMC_disk_multiple_write_start
<LI><a href="#[247]">&gt;&gt;</a>&nbsp;&nbsp;&nbsp;MMC_disk_write
<LI><a href="#[246]">&gt;&gt;</a>&nbsp;&nbsp;&nbsp;MMC_disk_read
<LI><a href="#[243]">&gt;&gt;</a>&nbsp;&nbsp;&nbsp;MMC_disk_initialize
<LI><a href="#[241]">&gt;&gt;</a>&nbsp;&nbsp;&nbsp;MMC_disk_ioctl
<LI><a href="#[240]">&gt;&gt;</a>&nbsp;&nbsp;&nbsp;send_cmd
</UL>

<P><STRONG><a name="[252]"></a>parse_name</STRONG> (Thumb, 30 bytes, Stack size 0 bytes, resolv.o(.text))
<BR><BR>[Called By]<UL><LI><a href="#[251]">&gt;&gt;</a>&nbsp;&nbsp;&nbsp;newdata
</UL>

<P><STRONG><a name="[24f]"></a>check_entries</STRONG> (Thumb, 264 bytes, Stack size 24 bytes, resolv.o(.text))
<BR><BR>[Stack]<UL><LI>Max Depth = 40<LI>Call Chain = check_entries &rArr; uip_send
</UL>
<BR>[Calls]<UL><LI><a href="#[119]">&gt;&gt;</a>&nbsp;&nbsp;&nbsp;uip_send
<LI><a href="#[120]">&gt;&gt;</a>&nbsp;&nbsp;&nbsp;uip_htons
<LI><a href="#[250]">&gt;&gt;</a>&nbsp;&nbsp;&nbsp;resolv_found
</UL>
<BR>[Called By]<UL><LI><a href="#[253]">&gt;&gt;</a>&nbsp;&nbsp;&nbsp;resolv_appcall
</UL>

<P><STRONG><a name="[251]"></a>newdata</STRONG> (Thumb, 230 bytes, Stack size 40 bytes, resolv.o(.text))
<BR><BR>[Stack]<UL><LI>Max Depth = 40<LI>Call Chain = newdata
</UL>
<BR>[Calls]<UL><LI><a href="#[120]">&gt;&gt;</a>&nbsp;&nbsp;&nbsp;uip_htons
<LI><a href="#[250]">&gt;&gt;</a>&nbsp;&nbsp;&nbsp;resolv_found
<LI><a href="#[252]">&gt;&gt;</a>&nbsp;&nbsp;&nbsp;parse_name
<LI><a href="#[e1]">&gt;&gt;</a>&nbsp;&nbsp;&nbsp;__aeabi_memcpy
</UL>
<BR>[Called By]<UL><LI><a href="#[253]">&gt;&gt;</a>&nbsp;&nbsp;&nbsp;resolv_appcall
</UL>

<P><STRONG><a name="[265]"></a>chksum</STRONG> (Thumb, 70 bytes, Stack size 20 bytes, uip.o(.text))
<BR><BR>[Stack]<UL><LI>Max Depth = 20<LI>Call Chain = chksum
</UL>
<BR>[Called By]<UL><LI><a href="#[266]">&gt;&gt;</a>&nbsp;&nbsp;&nbsp;uip_ipchksum
<LI><a href="#[264]">&gt;&gt;</a>&nbsp;&nbsp;&nbsp;uip_chksum
<LI><a href="#[267]">&gt;&gt;</a>&nbsp;&nbsp;&nbsp;upper_layer_chksum
</UL>

<P><STRONG><a name="[267]"></a>upper_layer_chksum</STRONG> (Thumb, 68 bytes, Stack size 16 bytes, uip.o(.text))
<BR><BR>[Stack]<UL><LI>Max Depth = 36<LI>Call Chain = upper_layer_chksum &rArr; chksum
</UL>
<BR>[Calls]<UL><LI><a href="#[120]">&gt;&gt;</a>&nbsp;&nbsp;&nbsp;uip_htons
<LI><a href="#[265]">&gt;&gt;</a>&nbsp;&nbsp;&nbsp;chksum
</UL>
<BR>[Called By]<UL><LI><a href="#[269]">&gt;&gt;</a>&nbsp;&nbsp;&nbsp;uip_udpchksum
<LI><a href="#[268]">&gt;&gt;</a>&nbsp;&nbsp;&nbsp;uip_tcpchksum
</UL>

<P><STRONG><a name="[26a]"></a>uip_add_rcv_nxt</STRONG> (Thumb, 58 bytes, Stack size 8 bytes, uip.o(.text))
<BR><BR>[Stack]<UL><LI>Max Depth = 8<LI>Call Chain = uip_add_rcv_nxt
</UL>
<BR>[Calls]<UL><LI><a href="#[26b]">&gt;&gt;</a>&nbsp;&nbsp;&nbsp;uip_add32
</UL>
<BR>[Called By]<UL><LI><a href="#[26c]">&gt;&gt;</a>&nbsp;&nbsp;&nbsp;uip_process
</UL>

<P><STRONG><a name="[272]"></a>PPP__SendEchoReply</STRONG> (Thumb, 40 bytes, Stack size 8 bytes, ppp.o(.text))
<BR><BR>[Stack]<UL><LI>Max Depth = 64<LI>Call Chain = PPP__SendEchoReply &rArr; DbgCfgPrintf &rArr; __c89vsprintf
</UL>
<BR>[Calls]<UL><LI><a href="#[f3]">&gt;&gt;</a>&nbsp;&nbsp;&nbsp;DbgCfgPrintf
<LI><a href="#[270]">&gt;&gt;</a>&nbsp;&nbsp;&nbsp;PPP_Send
<LI><a href="#[e1]">&gt;&gt;</a>&nbsp;&nbsp;&nbsp;__aeabi_memcpy
</UL>
<BR>[Called By]<UL><LI><a href="#[275]">&gt;&gt;</a>&nbsp;&nbsp;&nbsp;PPP__ManageState
</UL>

<P><STRONG><a name="[273]"></a>PPP__SendTermReq</STRONG> (Thumb, 24 bytes, Stack size 8 bytes, ppp.o(.text))
<BR><BR>[Stack]<UL><LI>Max Depth = 64<LI>Call Chain = PPP__SendTermReq &rArr; DbgCfgPrintf &rArr; __c89vsprintf
</UL>
<BR>[Calls]<UL><LI><a href="#[f3]">&gt;&gt;</a>&nbsp;&nbsp;&nbsp;DbgCfgPrintf
<LI><a href="#[11b]">&gt;&gt;</a>&nbsp;&nbsp;&nbsp;SysTick_Get
</UL>
<BR>[Called By]<UL><LI><a href="#[275]">&gt;&gt;</a>&nbsp;&nbsp;&nbsp;PPP__ManageState
</UL>

<P><STRONG><a name="[274]"></a>PPP__ThisLayerDown</STRONG> (Thumb, 84 bytes, Stack size 8 bytes, ppp.o(.text))
<BR><BR>[Stack]<UL><LI>Max Depth = 64 + In Cycle
<LI>Call Chain = PPP__ThisLayerDown &rArr;  PPP__ManageState (Cycle)
</UL>
<BR>[Calls]<UL><LI><a href="#[f3]">&gt;&gt;</a>&nbsp;&nbsp;&nbsp;DbgCfgPrintf
<LI><a href="#[275]">&gt;&gt;</a>&nbsp;&nbsp;&nbsp;PPP__ManageState
</UL>
<BR>[Called By]<UL><LI><a href="#[134]">&gt;&gt;</a>&nbsp;&nbsp;&nbsp;PPP_ReInit
<LI><a href="#[18d]">&gt;&gt;</a>&nbsp;&nbsp;&nbsp;PPP_ManageLink
<LI><a href="#[275]">&gt;&gt;</a>&nbsp;&nbsp;&nbsp;PPP__ManageState
</UL>

<P><STRONG><a name="[276]"></a>PPP__SendCodeRej</STRONG> (Thumb, 10 bytes, Stack size 8 bytes, ppp.o(.text))
<BR><BR>[Stack]<UL><LI>Max Depth = 64<LI>Call Chain = PPP__SendCodeRej &rArr; DbgCfgPrintf &rArr; __c89vsprintf
</UL>
<BR>[Calls]<UL><LI><a href="#[f3]">&gt;&gt;</a>&nbsp;&nbsp;&nbsp;DbgCfgPrintf
</UL>
<BR>[Called By]<UL><LI><a href="#[275]">&gt;&gt;</a>&nbsp;&nbsp;&nbsp;PPP__ManageState
</UL>

<P><STRONG><a name="[277]"></a>PPP__SendConfigReq</STRONG> (Thumb, 438 bytes, Stack size 16 bytes, ppp.o(.text))
<BR><BR>[Stack]<UL><LI>Max Depth = 72 + In Cycle
<LI>Call Chain = PPP__SendConfigReq &rArr;  PPP__ManageState (Cycle)
</UL>
<BR>[Calls]<UL><LI><a href="#[f3]">&gt;&gt;</a>&nbsp;&nbsp;&nbsp;DbgCfgPrintf
<LI><a href="#[11b]">&gt;&gt;</a>&nbsp;&nbsp;&nbsp;SysTick_Get
<LI><a href="#[275]">&gt;&gt;</a>&nbsp;&nbsp;&nbsp;PPP__ManageState
<LI><a href="#[270]">&gt;&gt;</a>&nbsp;&nbsp;&nbsp;PPP_Send
<LI><a href="#[c2]">&gt;&gt;</a>&nbsp;&nbsp;&nbsp;strlen
<LI><a href="#[e1]">&gt;&gt;</a>&nbsp;&nbsp;&nbsp;__aeabi_memcpy
</UL>
<BR>[Called By]<UL><LI><a href="#[275]">&gt;&gt;</a>&nbsp;&nbsp;&nbsp;PPP__ManageState
</UL>

<P><STRONG><a name="[278]"></a>PPP__SendTermAck</STRONG> (Thumb, 40 bytes, Stack size 8 bytes, ppp.o(.text))
<BR><BR>[Stack]<UL><LI>Max Depth = 64<LI>Call Chain = PPP__SendTermAck &rArr; DbgCfgPrintf &rArr; __c89vsprintf
</UL>
<BR>[Calls]<UL><LI><a href="#[f3]">&gt;&gt;</a>&nbsp;&nbsp;&nbsp;DbgCfgPrintf
<LI><a href="#[270]">&gt;&gt;</a>&nbsp;&nbsp;&nbsp;PPP_Send
<LI><a href="#[e1]">&gt;&gt;</a>&nbsp;&nbsp;&nbsp;__aeabi_memcpy
</UL>
<BR>[Called By]<UL><LI><a href="#[275]">&gt;&gt;</a>&nbsp;&nbsp;&nbsp;PPP__ManageState
</UL>

<P><STRONG><a name="[279]"></a>PPP__SendConfigNackRej</STRONG> (Thumb, 22 bytes, Stack size 8 bytes, ppp.o(.text))
<BR><BR>[Stack]<UL><LI>Max Depth = 64<LI>Call Chain = PPP__SendConfigNackRej &rArr; DbgCfgPrintf &rArr; __c89vsprintf
</UL>
<BR>[Calls]<UL><LI><a href="#[f3]">&gt;&gt;</a>&nbsp;&nbsp;&nbsp;DbgCfgPrintf
<LI><a href="#[270]">&gt;&gt;</a>&nbsp;&nbsp;&nbsp;PPP_Send
</UL>
<BR>[Called By]<UL><LI><a href="#[275]">&gt;&gt;</a>&nbsp;&nbsp;&nbsp;PPP__ManageState
</UL>

<P><STRONG><a name="[27a]"></a>PPP__SendConfigAck</STRONG> (Thumb, 40 bytes, Stack size 8 bytes, ppp.o(.text))
<BR><BR>[Stack]<UL><LI>Max Depth = 64<LI>Call Chain = PPP__SendConfigAck &rArr; DbgCfgPrintf &rArr; __c89vsprintf
</UL>
<BR>[Calls]<UL><LI><a href="#[f3]">&gt;&gt;</a>&nbsp;&nbsp;&nbsp;DbgCfgPrintf
<LI><a href="#[270]">&gt;&gt;</a>&nbsp;&nbsp;&nbsp;PPP_Send
<LI><a href="#[e1]">&gt;&gt;</a>&nbsp;&nbsp;&nbsp;__aeabi_memcpy
</UL>
<BR>[Called By]<UL><LI><a href="#[275]">&gt;&gt;</a>&nbsp;&nbsp;&nbsp;PPP__ManageState
</UL>

<P><STRONG><a name="[27b]"></a>PPP__ThisLayerUp</STRONG> (Thumb, 996 bytes, Stack size 24 bytes, ppp.o(.text))
<BR><BR>[Stack]<UL><LI>Max Depth = 80 + In Cycle
<LI>Call Chain = PPP__ThisLayerUp &rArr;  PPP__ManageState (Cycle)
</UL>
<BR>[Calls]<UL><LI><a href="#[f3]">&gt;&gt;</a>&nbsp;&nbsp;&nbsp;DbgCfgPrintf
<LI><a href="#[275]">&gt;&gt;</a>&nbsp;&nbsp;&nbsp;PPP__ManageState
<LI><a href="#[26e]">&gt;&gt;</a>&nbsp;&nbsp;&nbsp;UIP_SetHostAddr
</UL>
<BR>[Called By]<UL><LI><a href="#[275]">&gt;&gt;</a>&nbsp;&nbsp;&nbsp;PPP__ManageState
</UL>

<P><STRONG><a name="[27c]"></a>PPP__ThisLayerFinished</STRONG> (Thumb, 84 bytes, Stack size 8 bytes, ppp.o(.text))
<BR><BR>[Stack]<UL><LI>Max Depth = 64 + In Cycle
<LI>Call Chain = PPP__ThisLayerFinished &rArr;  PPP__ManageState (Cycle)
</UL>
<BR>[Calls]<UL><LI><a href="#[f3]">&gt;&gt;</a>&nbsp;&nbsp;&nbsp;DbgCfgPrintf
<LI><a href="#[275]">&gt;&gt;</a>&nbsp;&nbsp;&nbsp;PPP__ManageState
</UL>
<BR>[Called By]<UL><LI><a href="#[275]">&gt;&gt;</a>&nbsp;&nbsp;&nbsp;PPP__ManageState
</UL>

<P><STRONG><a name="[27d]"></a>PPP__ThisLayerStarted</STRONG> (Thumb, 46 bytes, Stack size 8 bytes, ppp.o(.text))
<BR><BR>[Stack]<UL><LI>Max Depth = 64<LI>Call Chain = PPP__ThisLayerStarted &rArr; DbgCfgPrintf &rArr; __c89vsprintf
</UL>
<BR>[Calls]<UL><LI><a href="#[f3]">&gt;&gt;</a>&nbsp;&nbsp;&nbsp;DbgCfgPrintf
</UL>
<BR>[Called By]<UL><LI><a href="#[275]">&gt;&gt;</a>&nbsp;&nbsp;&nbsp;PPP__ManageState
</UL>

<P><STRONG><a name="[275]"></a>PPP__ManageState</STRONG> (Thumb, 1654 bytes, Stack size 16 bytes, ppp.o(.text))
<BR><BR>[Stack]<UL><LI>Max Depth = 96<LI>Call Chain = PPP__ManageState &rArr; PPP__ThisLayerUp &rArr;  PPP__ManageState (Cycle)
</UL>
<BR>[Calls]<UL><LI><a href="#[f3]">&gt;&gt;</a>&nbsp;&nbsp;&nbsp;DbgCfgPrintf
<LI><a href="#[11b]">&gt;&gt;</a>&nbsp;&nbsp;&nbsp;SysTick_Get
<LI><a href="#[27d]">&gt;&gt;</a>&nbsp;&nbsp;&nbsp;PPP__ThisLayerStarted
<LI><a href="#[27c]">&gt;&gt;</a>&nbsp;&nbsp;&nbsp;PPP__ThisLayerFinished
<LI><a href="#[27b]">&gt;&gt;</a>&nbsp;&nbsp;&nbsp;PPP__ThisLayerUp
<LI><a href="#[27a]">&gt;&gt;</a>&nbsp;&nbsp;&nbsp;PPP__SendConfigAck
<LI><a href="#[279]">&gt;&gt;</a>&nbsp;&nbsp;&nbsp;PPP__SendConfigNackRej
<LI><a href="#[278]">&gt;&gt;</a>&nbsp;&nbsp;&nbsp;PPP__SendTermAck
<LI><a href="#[277]">&gt;&gt;</a>&nbsp;&nbsp;&nbsp;PPP__SendConfigReq
<LI><a href="#[276]">&gt;&gt;</a>&nbsp;&nbsp;&nbsp;PPP__SendCodeRej
<LI><a href="#[274]">&gt;&gt;</a>&nbsp;&nbsp;&nbsp;PPP__ThisLayerDown
<LI><a href="#[273]">&gt;&gt;</a>&nbsp;&nbsp;&nbsp;PPP__SendTermReq
<LI><a href="#[272]">&gt;&gt;</a>&nbsp;&nbsp;&nbsp;PPP__SendEchoReply
</UL>
<BR>[Called By]<UL><LI><a href="#[283]">&gt;&gt;</a>&nbsp;&nbsp;&nbsp;PPP__Open
<LI><a href="#[282]">&gt;&gt;</a>&nbsp;&nbsp;&nbsp;PPP__Timer
<LI><a href="#[27f]">&gt;&gt;</a>&nbsp;&nbsp;&nbsp;PPP__ProcessPacket
<LI><a href="#[27c]">&gt;&gt;</a>&nbsp;&nbsp;&nbsp;PPP__ThisLayerFinished
<LI><a href="#[27b]">&gt;&gt;</a>&nbsp;&nbsp;&nbsp;PPP__ThisLayerUp
<LI><a href="#[277]">&gt;&gt;</a>&nbsp;&nbsp;&nbsp;PPP__SendConfigReq
<LI><a href="#[274]">&gt;&gt;</a>&nbsp;&nbsp;&nbsp;PPP__ThisLayerDown
</UL>

<P><STRONG><a name="[27e]"></a>PPP__CheckLCPOptions</STRONG> (Thumb, 356 bytes, Stack size 24 bytes, ppp.o(.text))
<BR><BR>[Stack]<UL><LI>Max Depth = 80<LI>Call Chain = PPP__CheckLCPOptions &rArr; DbgCfgPrintf &rArr; __c89vsprintf
</UL>
<BR>[Calls]<UL><LI><a href="#[f3]">&gt;&gt;</a>&nbsp;&nbsp;&nbsp;DbgCfgPrintf
<LI><a href="#[e1]">&gt;&gt;</a>&nbsp;&nbsp;&nbsp;__aeabi_memcpy
</UL>
<BR>[Called By]<UL><LI><a href="#[27f]">&gt;&gt;</a>&nbsp;&nbsp;&nbsp;PPP__ProcessPacket
</UL>

<P><STRONG><a name="[27f]"></a>PPP__ProcessPacket</STRONG> (Thumb, 844 bytes, Stack size 8 bytes, ppp.o(.text))
<BR><BR>[Stack]<UL><LI>Max Depth = 104<LI>Call Chain = PPP__ProcessPacket &rArr; PPP__ManageState &rArr; PPP__ThisLayerUp &rArr;  PPP__ManageState (Cycle)
</UL>
<BR>[Calls]<UL><LI><a href="#[f3]">&gt;&gt;</a>&nbsp;&nbsp;&nbsp;DbgCfgPrintf
<LI><a href="#[27e]">&gt;&gt;</a>&nbsp;&nbsp;&nbsp;PPP__CheckLCPOptions
<LI><a href="#[275]">&gt;&gt;</a>&nbsp;&nbsp;&nbsp;PPP__ManageState
<LI><a href="#[280]">&gt;&gt;</a>&nbsp;&nbsp;&nbsp;UIP_Input
<LI><a href="#[e1]">&gt;&gt;</a>&nbsp;&nbsp;&nbsp;__aeabi_memcpy
</UL>
<BR>[Called By]<UL><LI><a href="#[281]">&gt;&gt;</a>&nbsp;&nbsp;&nbsp;PPP__In
</UL>

<P><STRONG><a name="[282]"></a>PPP__Timer</STRONG> (Thumb, 450 bytes, Stack size 8 bytes, ppp.o(.text))
<BR><BR>[Stack]<UL><LI>Max Depth = 104<LI>Call Chain = PPP__Timer &rArr; PPP__ManageState &rArr; PPP__ThisLayerUp &rArr;  PPP__ManageState (Cycle)
</UL>
<BR>[Calls]<UL><LI><a href="#[f3]">&gt;&gt;</a>&nbsp;&nbsp;&nbsp;DbgCfgPrintf
<LI><a href="#[11b]">&gt;&gt;</a>&nbsp;&nbsp;&nbsp;SysTick_Get
<LI><a href="#[275]">&gt;&gt;</a>&nbsp;&nbsp;&nbsp;PPP__ManageState
</UL>
<BR>[Called By]<UL><LI><a href="#[18d]">&gt;&gt;</a>&nbsp;&nbsp;&nbsp;PPP_ManageLink
</UL>

<P><STRONG><a name="[283]"></a>PPP__Open</STRONG> (Thumb, 88 bytes, Stack size 8 bytes, ppp.o(.text))
<BR><BR>[Stack]<UL><LI>Max Depth = 104<LI>Call Chain = PPP__Open &rArr; PPP__ManageState &rArr; PPP__ThisLayerUp &rArr;  PPP__ManageState (Cycle)
</UL>
<BR>[Calls]<UL><LI><a href="#[275]">&gt;&gt;</a>&nbsp;&nbsp;&nbsp;PPP__ManageState
</UL>
<BR>[Called By]<UL><LI><a href="#[18d]">&gt;&gt;</a>&nbsp;&nbsp;&nbsp;PPP_ManageLink
</UL>

<P><STRONG><a name="[290]"></a>senddata</STRONG> (Thumb, 440 bytes, Stack size 32 bytes, ftpc.o(.text))
<BR><BR>[Stack]<UL><LI>Max Depth = 164<LI>Call Chain = senddata &rArr; ampm_sprintf &rArr; ampm_vsprintf &rArr; ampm_f_puts
</UL>
<BR>[Calls]<UL><LI><a href="#[119]">&gt;&gt;</a>&nbsp;&nbsp;&nbsp;uip_send
<LI><a href="#[15d]">&gt;&gt;</a>&nbsp;&nbsp;&nbsp;ampm_sprintf
<LI><a href="#[6d]">&gt;&gt;</a>&nbsp;&nbsp;&nbsp;strcpy
<LI><a href="#[c2]">&gt;&gt;</a>&nbsp;&nbsp;&nbsp;strlen
<LI><a href="#[254]">&gt;&gt;</a>&nbsp;&nbsp;&nbsp;strncpy
</UL>
<BR>[Called By]<UL><LI><a href="#[295]">&gt;&gt;</a>&nbsp;&nbsp;&nbsp;ftpc_control_appcall
</UL>

<P><STRONG><a name="[292]"></a>handle_input</STRONG> (Thumb, 406 bytes, Stack size 24 bytes, ftpc.o(.text))
<BR><BR>[Stack]<UL><LI>Max Depth = 288<LI>Call Chain = handle_input &rArr; __0sscanf &rArr; __vfscanf_char &rArr; __vfscanf &rArr; _scanf_real
</UL>
<BR>[Calls]<UL><LI><a href="#[f3]">&gt;&gt;</a>&nbsp;&nbsp;&nbsp;DbgCfgPrintf
<LI><a href="#[121]">&gt;&gt;</a>&nbsp;&nbsp;&nbsp;tcp_connect
<LI><a href="#[e8]">&gt;&gt;</a>&nbsp;&nbsp;&nbsp;__0sscanf
<LI><a href="#[6c]">&gt;&gt;</a>&nbsp;&nbsp;&nbsp;strstr
</UL>
<BR>[Called By]<UL><LI><a href="#[293]">&gt;&gt;</a>&nbsp;&nbsp;&nbsp;newdata
</UL>

<P><STRONG><a name="[293]"></a>newdata</STRONG> (Thumb, 94 bytes, Stack size 16 bytes, ftpc.o(.text))
<BR><BR>[Stack]<UL><LI>Max Depth = 304<LI>Call Chain = newdata &rArr; handle_input &rArr; __0sscanf &rArr; __vfscanf_char &rArr; __vfscanf &rArr; _scanf_real
</UL>
<BR>[Calls]<UL><LI><a href="#[f3]">&gt;&gt;</a>&nbsp;&nbsp;&nbsp;DbgCfgPrintf
<LI><a href="#[292]">&gt;&gt;</a>&nbsp;&nbsp;&nbsp;handle_input
</UL>
<BR>[Called By]<UL><LI><a href="#[295]">&gt;&gt;</a>&nbsp;&nbsp;&nbsp;ftpc_control_appcall
</UL>

<P><STRONG><a name="[294]"></a>acked</STRONG> (Thumb, 204 bytes, Stack size 8 bytes, ftpc.o(.text))
<BR><BR>[Stack]<UL><LI>Max Depth = 64<LI>Call Chain = acked &rArr; DbgCfgPrintf &rArr; __c89vsprintf
</UL>
<BR>[Calls]<UL><LI><a href="#[f3]">&gt;&gt;</a>&nbsp;&nbsp;&nbsp;DbgCfgPrintf
</UL>
<BR>[Called By]<UL><LI><a href="#[295]">&gt;&gt;</a>&nbsp;&nbsp;&nbsp;ftpc_control_appcall
</UL>

<P><STRONG><a name="[298]"></a>SendCmd</STRONG> (Thumb, 34 bytes, Stack size 16 bytes, camera.o(.text))
<BR><BR>[Stack]<UL><LI>Max Depth = 40<LI>Call Chain = SendCmd &rArr; USART3_PutChar &rArr; RINGBUF_Put
</UL>
<BR>[Calls]<UL><LI><a href="#[148]">&gt;&gt;</a>&nbsp;&nbsp;&nbsp;USART3_PutChar
</UL>
<BR>[Called By]<UL><LI><a href="#[6b]">&gt;&gt;</a>&nbsp;&nbsp;&nbsp;CAM_Manage
<LI><a href="#[8d]">&gt;&gt;</a>&nbsp;&nbsp;&nbsp;CAM_Init
<LI><a href="#[29a]">&gt;&gt;</a>&nbsp;&nbsp;&nbsp;ProcessCmd
<LI><a href="#[299]">&gt;&gt;</a>&nbsp;&nbsp;&nbsp;CAM_ChangeId
</UL>

<P><STRONG><a name="[29a]"></a>ProcessCmd</STRONG> (Thumb, 174 bytes, Stack size 8 bytes, camera.o(.text))
<BR><BR>[Stack]<UL><LI>Max Depth = 64<LI>Call Chain = ProcessCmd &rArr; DbgCfgPrintf &rArr; __c89vsprintf
</UL>
<BR>[Calls]<UL><LI><a href="#[f3]">&gt;&gt;</a>&nbsp;&nbsp;&nbsp;DbgCfgPrintf
<LI><a href="#[298]">&gt;&gt;</a>&nbsp;&nbsp;&nbsp;SendCmd
</UL>
<BR>[Called By]<UL><LI><a href="#[68]">&gt;&gt;</a>&nbsp;&nbsp;&nbsp;CAM_Input
</UL>

<P><STRONG><a name="[2bd]"></a>_fp_digits</STRONG> (Thumb, 326 bytes, Stack size 56 bytes, printfa.o(i._fp_digits), UNUSED)
<BR><BR>[Calls]<UL><LI><a href="#[c4]">&gt;&gt;</a>&nbsp;&nbsp;&nbsp;__aeabi_dmul
<LI><a href="#[c6]">&gt;&gt;</a>&nbsp;&nbsp;&nbsp;__aeabi_ddiv
<LI><a href="#[c5]">&gt;&gt;</a>&nbsp;&nbsp;&nbsp;__aeabi_dadd
<LI><a href="#[af]">&gt;&gt;</a>&nbsp;&nbsp;&nbsp;__aeabi_cdrcmple
<LI><a href="#[2af]">&gt;&gt;</a>&nbsp;&nbsp;&nbsp;__aeabi_uldivmod
<LI><a href="#[2b4]">&gt;&gt;</a>&nbsp;&nbsp;&nbsp;__aeabi_d2ulz
</UL>
<BR>[Called By]<UL><LI><a href="#[2bb]">&gt;&gt;</a>&nbsp;&nbsp;&nbsp;_printf_core
</UL>

<P><STRONG><a name="[2bb]"></a>_printf_core</STRONG> (Thumb, 1762 bytes, Stack size 136 bytes, printfa.o(i._printf_core), UNUSED)
<BR><BR>[Calls]<UL><LI><a href="#[2af]">&gt;&gt;</a>&nbsp;&nbsp;&nbsp;__aeabi_uldivmod
<LI><a href="#[2c0]">&gt;&gt;</a>&nbsp;&nbsp;&nbsp;__aeabi_uidivmod
<LI><a href="#[2be]">&gt;&gt;</a>&nbsp;&nbsp;&nbsp;_printf_pre_padding
<LI><a href="#[2bf]">&gt;&gt;</a>&nbsp;&nbsp;&nbsp;_printf_post_padding
<LI><a href="#[2bd]">&gt;&gt;</a>&nbsp;&nbsp;&nbsp;_fp_digits
</UL>
<BR>[Called By]<UL><LI><a href="#[2bc]">&gt;&gt;</a>&nbsp;&nbsp;&nbsp;__0vsprintf
<LI><a href="#[2ba]">&gt;&gt;</a>&nbsp;&nbsp;&nbsp;__0sprintf
</UL>

<P><STRONG><a name="[2bf]"></a>_printf_post_padding</STRONG> (Thumb, 38 bytes, Stack size 24 bytes, printfa.o(i._printf_post_padding), UNUSED)
<BR><BR>[Called By]<UL><LI><a href="#[2bb]">&gt;&gt;</a>&nbsp;&nbsp;&nbsp;_printf_core
</UL>

<P><STRONG><a name="[2be]"></a>_printf_pre_padding</STRONG> (Thumb, 48 bytes, Stack size 24 bytes, printfa.o(i._printf_pre_padding), UNUSED)
<BR><BR>[Called By]<UL><LI><a href="#[2bb]">&gt;&gt;</a>&nbsp;&nbsp;&nbsp;_printf_core
</UL>

<P><STRONG><a name="[41]"></a>_sputc</STRONG> (Thumb, 10 bytes, Stack size 0 bytes, printfa.o(i._sputc))
<BR><BR>[Called By]<UL><LI><a href="#[2bc]">&gt;&gt;</a>&nbsp;&nbsp;&nbsp;__0vsprintf
<LI><a href="#[2ba]">&gt;&gt;</a>&nbsp;&nbsp;&nbsp;__0sprintf
</UL>
<BR>[Address Reference Count : 2]<UL><LI> printfa.o(i.__0sprintf)
<LI> printfa.o(i.__0vsprintf)
</UL>
<P><STRONG><a name="[29f]"></a>_fp_value</STRONG> (Thumb, 256 bytes, Stack size 56 bytes, scanf_fp.o(.text), UNUSED)
<BR><BR>[Calls]<UL><LI><a href="#[c4]">&gt;&gt;</a>&nbsp;&nbsp;&nbsp;__aeabi_dmul
<LI><a href="#[c6]">&gt;&gt;</a>&nbsp;&nbsp;&nbsp;__aeabi_ddiv
<LI><a href="#[2a0]">&gt;&gt;</a>&nbsp;&nbsp;&nbsp;__aeabi_ul2d
</UL>
<BR>[Called By]<UL><LI><a href="#[2a1]">&gt;&gt;</a>&nbsp;&nbsp;&nbsp;_scanf_really_real
</UL>

<P><STRONG><a name="[3f]"></a>_scanf_char_input</STRONG> (Thumb, 12 bytes, Stack size 0 bytes, scanf_char.o(.text))
<BR>[Address Reference Count : 1]<UL><LI> scanf_char.o(.text)
</UL>
<P><STRONG><a name="[2b1]"></a>_local_sscanf</STRONG> (Thumb, 54 bytes, Stack size 56 bytes, strtod.o(.text))
<BR><BR>[Stack]<UL><LI>Max Depth = 160<LI>Call Chain = _local_sscanf &rArr; _scanf_real
</UL>
<BR>[Calls]<UL><LI><a href="#[2b2]">&gt;&gt;</a>&nbsp;&nbsp;&nbsp;_scanf_real
</UL>
<BR>[Called By]<UL><LI><a href="#[2b3]">&gt;&gt;</a>&nbsp;&nbsp;&nbsp;__strtod_int
</UL>
<P>
<H3>
Undefined Global Symbols
</H3><HR></body></html>
