<html>
<body>
<pre>
<h1>µVision Build Log</h1>
<h2>Project:</h2>
E:\AMPM\GIT\ampm_car_tracker\firmware\gt1025\build\keil\bt1.uvproj
Project File Date:  04/26/2015

<h2>Output:</h2>
Build Project 'bt1' - Target 'GT1025_RELEASE'
compiling i2c.c...
E:\AMPM\GIT\ampm_car_tracker\firmware\gt1025\driver\ampm\stm32\i2c.c(84): warning:  #550-D: variable "res" was set but never used
        uint8_t res,i;
E:\AMPM\GIT\ampm_car_tracker\firmware\gt1025\driver\ampm\stm32\i2c.c(148): warning:  #550-D: variable "temp" was set but never used
        uint32_t I2C_timeOut = I2C_TIMEOUT,temp;
E:\AMPM\GIT\ampm_car_tracker\firmware\gt1025\driver\ampm\stm32\i2c.c(225): warning:  #550-D: variable "temp" was set but never used
        uint32_t I2C_timeOut = I2C_TIMEOUT,temp;
..\..\driver\ampm\stm32\i2c.c: 3 warnings, 0 errors
compiling rtc.c...
compiling exti.c...
E:\AMPM\GIT\ampm_car_tracker\firmware\gt1025\driver\ampm\stm32\exti.c(159): warning:  #223-D: function "Ampm_SetRinging" declared implicitly
                Ampm_SetRinging();
..\..\driver\ampm\stm32\exti.c: 1 warning, 0 errors
compiling ampm_sprintf.c...
compiling data_cmp.c...
compiling encoding.c...
compiling protocol.c...
compiling ringbuf.c...
compiling sys_tick.c...
compiling sys_time.c...
E:\AMPM\GIT\ampm_car_tracker\firmware\gt1025\ampm_lib\lib\sys_time.c(161): warning:  #177-D: variable "gt" was declared but never referenced
          struct tm *gt;
..\..\ampm_lib\lib\sys_time.c: 1 warning, 0 errors
linking...
Program Size: Code=114368 RO-data=6712 RW-data=1332 ZI-data=18852  
FromELF: creating hex file...
After Build - User command #1: fromelf --bin --output .\output\GT400VN_V2.90.bin .\flash\gt1025_V0.axf
".\flash\gt1025_V0.axf" - 0 Error(s), 5 Warning(s).
</pre>
</body>
</html>
ampm_car_tracker\firmware\gt1025\src\msc_init.c(26): warning:  #550-D: variable "res" was set but never used
        uint32_t flagWriteDriverFile = 0,res = 0;
E:\AMPM\GIT\ampm_car_tracker\firmware\gt1025\src\msc_init.c(27): warning:  #177-D: variable "buf" was declared but never referenced
        uint8_t buf[128];//,buf1[4096];
..\..\src\msc_init.c: 3 warnings, 0 errors
compiling tracking_server.c...
E:\AMPM\GIT\ampm_car_tracker\firmware\gt1025\src\tracking_server.c(259): warning:  #167-D: argument of type "I16 *" is incompatible with parameter of type "uint16_t *"
                                AddTrackerPacket(logSendPt,(char *)trackingBuf,&trackingLen);
E:\AMPM\GIT\ampm_car_tracker\firmware\gt1025\src\tracking_server.c(231): warning:  #177-D: variable "i" was declared but never referenced
        uint32_t i;
..\..\src\tracking_server.c: 2 warnings, 0 errors
compiling uart1.c...
compiling uart2.c...
compiling uart3.c...
compiling comm.c...
compiling gps.c...
compiling db.c...
E:\AMPM\GIT\ampm_car_tracker\firmware\gt1025\ampm_lib\db\db.c(389): warning:  #111-D: statement is unreachable
        flashInUse = 0;
..\..\ampm_lib\db\db.c: 1 warning, 0 errors
compiling sst25.c...
E:\AMPM\GIT\ampm_car_tracker\firmware\gt1025\ampm_lib\flash_mem\sst25.c(306): warning:  #177-D: function "SST25__WriteDisable" was declared but never referenced
  static uint8_t SST25__WriteDisable(void)
E:\AMPM\GIT\ampm_car_tracker\firmware\gt1025\ampm_lib\flash_mem\sst25.c(324): warning:  #177-D: function "SST25__GlobalProtect" was declared but never referenced
  static uint8_t SST25__GlobalProtect(uint8_t enable)
..\..\ampm_lib\flash_mem\sst25.c: 2 warnings, 0 errors
compiling mma7660.c...
compiling camera.c...
E:\AMPM\GIT\ampm_car_tracker\firmware\gt1025\ampm_lib\camera\camera.c(249): warning:  #177-D: variable "t" was declared but never referenced
        DATE_TIME t;
..\..\ampm_lib\camera\camera.c: 1 warning, 0 errors
linking...
Program Size: Code=114368 RO-data=6712 RW-data=1332 ZI-data=18852  
FromELF: creating hex file...
After Build - User command #1: fromelf --bin --output .\output\GT400VN_V2.90.bin .\flash\gt1025_V0.axf
".\flash\gt1025_V0.axf" - 0 Error(s), 14 Warning(s).
c...
compiling stm32f10x_dac.c...
compiling stm32f10x_adc.c...
compiling stm32f10x_rcc.c...
compiling ampm_sprintf.c...
compiling data_cmp.c...
compiling encoding.c...
compiling list.c...
compiling packet_queue.c...
compiling protocol.c...
compiling ringbuf.c...
compiling sparser.c...
E:\AMPM\GIT\ampm_car_tracker\firmware\gt1025\ampm_lib\lib\sparser.c(81): warning:  #177-D: variable "c" was declared but never referenced
        uint8_t c,res;
..\..\ampm_lib\lib\sparser.c: 1 warning, 0 errors
compiling sys_tick.c...
compiling sys_time.c...
E:\AMPM\GIT\ampm_car_tracker\firmware\gt1025\ampm_lib\lib\sys_time.c(152): warning:  #177-D: variable "gt" was declared but never referenced
          struct tm *gt;
..\..\ampm_lib\lib\sys_time.c: 1 warning, 0 errors
compiling comm.c...
compiling ampm_gsm_call.c...
compiling ampm_gsm_common.c...
compiling ampm_gsm_dial_up.c...
compiling ampm_gsm_io.c...
compiling ampm_gsm_main_task.c...
compiling ampm_gsm_ring.c...
compiling ampm_gsm_sms.c...
compiling ampm_gsm_startup.c...
compiling at_command_parser.c...
compiling pdu.c...
compiling gps.c...
compiling db.c...
E:\AMPM\GIT\ampm_car_tracker\firmware\gt1025\ampm_lib\db\db.c(380): warning:  #111-D: statement is unreachable
        flashInUse = 0;
..\..\ampm_lib\db\db.c: 1 warning, 0 errors
compiling sst25.c...
E:\AMPM\GIT\ampm_car_tracker\firmware\gt1025\ampm_lib\flash_mem\sst25.c(297): warning:  #177-D: function "SST25__WriteDisable" was declared but never referenced
  static uint8_t SST25__WriteDisable(void)
E:\AMPM\GIT\ampm_car_tracker\firmware\gt1025\ampm_lib\flash_mem\sst25.c(315): warning:  #177-D: function "SST25__GlobalProtect" was declared but never referenced
  static uint8_t SST25__GlobalProtect(uint8_t enable)
..\..\ampm_lib\flash_mem\sst25.c: 2 warnings, 0 errors
compiling mma7660.c...
compiling usbuser.c...
compiling usbhw.c...
compiling usbdesc.c...
compiling usbcore.c...
compiling hiduser.c...
E:\AMPM\GIT\ampm_car_tracker\firmware\gt1025\ampm_lib\usb\hiduser.c(53): warning:  #177-D: variable "c" was declared but never referenced
        uint8_t c;
..\..\ampm_lib\usb\hiduser.c: 1 warning, 0 errors
compiling ff.c...
E:\AMPM\GIT\ampm_car_tracker\firmware\gt1025\ampm_lib\FATFS\ff.c(1831): warning:  #111-D: statement is unreachable
                        w = (w << 8) + b;                       /* Create a DBC */
..\..\ampm_lib\FATFS\ff.c: 1 warning, 0 errors
compiling mmc_ssp.c...
E:\AMPM\GIT\ampm_car_tracker\firmware\gt1025\ampm_lib\FATFS\mmc_ssp.c(652): warning:  #177-D: variable "res" was declared but never referenced
        DWORD res,i;
..\..\ampm_lib\FATFS\mmc_ssp.c: 1 warning, 0 errors
compiling ccsbcs.c...
compiling flash_mem.c...
compiling diskio.c...
compiling resolv.c...
E:\AMPM\GIT\ampm_car_tracker\firmware\gt1025\ampm_lib\uip\resolv.c(239): warning:  #550-D: variable "nquestions" was set but never used
    static u8_t nquestions, nanswers;
..\..\ampm_lib\uip\resolv.c: 1 warning, 0 errors
compiling resolver.c...
compiling tcpip.c...
compiling timer.c...
compiling uip.c...
compiling uip_ppp.c...
compiling fcs.c...
compiling ppp.c...
E:\AMPM\GIT\ampm_car_tracker\firmware\gt1025\ampm_lib\PPP\ppp.c(124): warning:  #167-D: argument of type "int8_t *" is incompatible with parameter of type "const char *restrict"
        strcpy(pppUsr, usr);
E:\AMPM\GIT\ampm_car_tracker\firmware\gt1025\ampm_lib\PPP\ppp.c(125): warning:  #167-D: argument of type "int8_t *" is incompatible with parameter of type "const char *restrict"
        strcpy(pppPwd, pwd);
..\..\ampm_lib\PPP\ppp.c: 2 warnings, 0 errors
compiling xtea.c...
compiling ftp.c...
E:\AMPM\GIT\ampm_car_tracker\firmware\gt1025\ampm_lib\ftp\ftp.c(89): warning:  #550-D: variable "i" was set but never used
        uint16_t i;
..\..\ampm_lib\ftp\ftp.c: 1 warning, 0 errors
compiling ftpc.c...
compiling memb.c...
E:\AMPM\GIT\ampm_car_tracker\firmware\gt1025\ampm_lib\ftp\memb.c(127): warning:  #68-D: integer conversion resulted in a change of sign
    return -1;
..\..\ampm_lib\ftp\memb.c: 1 warning, 0 errors
compiling camera.c...
E:\AMPM\GIT\ampm_car_tracker\firmware\gt1025\ampm_lib\camera\camera.c(240): warning:  #177-D: variable "t" was declared but never referenced
        DATE_TIME t;
..\..\ampm_lib\camera\camera.c: 1 warning, 0 errors
linking...
Program Size: Code=114368 RO-data=6712 RW-data=1332 ZI-data=18852  
FromELF: creating hex file...
After Build - User command #1: fromelf --bin --output .\output\GT400VN_V2.90.bin .\flash\gt1025_V0.axf
".\flash\gt1025_V0.axf" - 0 Error(s), 29 Warning(s).
