ARM Linker, 5.03 [Build 76] [MDK-ARM Standard]

==============================================================================

Section Cross References

    main.o(.text) refers to sms_task.o(.text) for CMD_CfgParse
    main.o(.text) refers to ampm_gsm_main_task.o(.text) for AMPM_GSM_Init
    main.o(.text) refers to tcp_ip_task.o(.text) for vTcpIpTaskInit
    main.o(.text) refers to sys_tick.o(.text) for InitTimeout
    main.o(.text) refers to tracker.o(.text) for GetDataFromLog
    main.o(.text) refers to usb_config_task.o(.text) for UsbConfigTask
    main.o(.text) refers to adc_task.o(.text) for ADC_Task
    main.o(.text) refers to hw_config.o(.text) for IO_Control
    main.o(.text) refers to accelerometer_task.o(.text) for Accelerometer_Task_MMA7660
    main.o(.text) refers to app_config_task.o(.text) for LoadFirmwareFile
    main.o(.text) refers to system_stm32f10x.o(.text) for SystemInit
    main.o(.text) refers to tick.o(.text) for TICK_Init
    main.o(.text) refers to rtc.o(.text) for RTC_Init
    main.o(.text) refers to exti.o(.text) for EXTI_Init
    main.o(.text) refers to led.o(.text) for IO_ToggleInit
    main.o(.text) refers to sst25.o(.text) for SST25_Init
    main.o(.text) refers to database_app.o(.text) for DB_FlashMemInit
    main.o(.text) refers to uart1.o(.text) for USART1_Init
    main.o(.text) refers to gps.o(.text) for GPSInit
    main.o(.text) refers to uart2.o(.text) for USART2_Init
    main.o(.text) refers to uart3.o(.text) for USART3_Init
    main.o(.text) refers to usbhw.o(.text) for USB_Init
    main.o(.text) refers to system_config.o(.text) for CFG_Load
    main.o(.text) refers to system_config.o(.bss) for sysCfg
    main.o(.text) refers to main.o(.bss) for tAppTimeout
    main.o(.text) refers to main.o(.data) for mainCnt
    main.o(.text) refers to rtc.o(.data) for watchdogFeed
    main.o(.text) refers to sys_time.o(.data) for rtcTimeSec
    main.o(.text) refers to hw_config.o(.bss) for ioStatus
    main.o(.text) refers to tracker.o(.data) for sendStatus
    main.o(.text) refers to system_stm32f10x.o(.data) for SystemCoreClock
    main.o(.text) refers to led.o(.bss) for buzzer1Ctrl
    system_config.o(.text) refers to memcpya.o(.text) for __aeabi_memcpy
    system_config.o(.text) refers to memcmp.o(.text) for memcmp
    system_config.o(.text) refers to stm32f10x_flash.o(.text) for FLASH_Unlock
    system_config.o(.text) refers to rtc.o(.text) for RTC_GetCounter
    system_config.o(.text) refers to memseta.o(.text) for __aeabi_memset
    system_config.o(.text) refers to strcpy.o(.text) for strcpy
    system_config.o(.text) refers to system_config.o(.bss) for sysCfg
    hw_config.o(.text) refers to hw_config.o(.bss) for ioStatus
    tracker.o(.text) refers to db.o(.text) for DB_InitLog
    tracker.o(.text) refers to database_app.o(.text) for DB_Init
    tracker.o(.text) refers to gps.o(.text) for GPS_GetInfo
    tracker.o(.text) refers to sys_time.o(.text) for TIME_FromGps
    tracker.o(.text) refers to cdcmple.o(.text) for __aeabi_cdcmpeq
    tracker.o(.text) refers to cdrcmple.o(.text) for __aeabi_cdrcmple
    tracker.o(.text) refers to dfltui.o(.text) for __aeabi_ui2d
    tracker.o(.text) refers to sys_tick.o(.text) for CheckTimeout
    tracker.o(.text) refers to memcpya.o(.text) for __aeabi_memcpy4
    tracker.o(.text) refers to d2f.o(.text) for __aeabi_d2f
    tracker.o(.text) refers to cfcmple.o(.text) for __aeabi_cfcmple
    tracker.o(.text) refers to db.o(.bss) for logRecord
    tracker.o(.text) refers to db.o(.data) for ringLog
    tracker.o(.text) refers to tracker.o(.data) for logSendPt
    tracker.o(.text) refers to tracker.o(.bss) for logSend
    tracker.o(.text) refers to msc_init.o(.bss) for sdfs
    tracker.o(.text) refers to mmc_ssp.o(.data) for disk_memory_size
    tracker.o(.text) refers to gps.o(.bss) for gpsInfo
    tracker.o(.text) refers to sys_time.o(.data) for sysTime
    tracker.o(.text) refers to system_config.o(.bss) for sysCfg
    tracker.o(.text) refers to main.o(.data) for alarmFlag
    tracker.o(.text) refers to database_app.o(.bss) for gpsLat
    tracker.o(.text) refers to fdiv.o(.text) for __aeabi_fdiv
    tracker.o(.text) refers to fadd.o(.text) for __aeabi_fadd
    tracker.o(.text) refers to ffltui.o(.text) for __aeabi_ui2f
    tracker.o(.text) refers to f2d.o(.text) for __aeabi_f2d
    tracker.o(.text) refers to cfrcmple.o(.text) for __aeabi_cfrcmple
    tracker.o(.text) refers to led.o(.text) for IO_ToggleSetStatus
    tracker.o(.text) refers to hw_config.o(.bss) for ioStatus
    tracker.o(.text) refers to led.o(.bss) for buzzer1Ctrl
    tracker.o(.text) refers to fmul.o(.text) for __aeabi_fmul
    tracker.o(.text) refers to ffixui.o(.text) for __aeabi_f2uiz
    tracker.o(.text) refers to ampm_sprintf.o(.text) for ampm_sprintf
    tracker.o(.text) refers to adc_task.o(.data) for ADC1_10_Value
    tracker.o(.text) refers to rtc.o(.data) for rtcCnt
    tracker.o(.text) refers to ampm_gsm_common.o(.data) for csqValue
[...]
    ff_convert                               0x08012381   Thumb Code    70  ccsbcs.o(.text)
    ff_wtoupper                              0x080123c7   Thumb Code    46  ccsbcs.o(.text)
    disk_initialize                          0x08012401   Thumb Code    40  diskio.o(.text)
    disk_status                              0x08012429   Thumb Code    40  diskio.o(.text)
    disk_read                                0x08012451   Thumb Code    60  diskio.o(.text)
    disk_write                               0x0801248d   Thumb Code    60  diskio.o(.text)
    disk_ioctl                               0x080124c9   Thumb Code    54  diskio.o(.text)
    get_fattime                              0x080124ff   Thumb Code    68  diskio.o(.text)
    resolv_query                             0x08012755   Thumb Code   126  resolv.o(.text)
    resolv_lookup                            0x080127d3   Thumb Code    74  resolv.o(.text)
    resolv_conf                              0x0801281d   Thumb Code    38  resolv.o(.text)
    resolv_init                              0x08012843   Thumb Code    48  resolv.o(.text)
    resolv_appcall                           0x080128a9   Thumb Code    44  resolv.o(.text)
    RESOLVER_Reset                           0x080128dd   Thumb Code    20  resolver.o(.text)
    RESOLVER_Manage                          0x080128f1   Thumb Code    90  resolver.o(.text)
    RESOLVER_Lookup                          0x0801294b   Thumb Code    12  resolver.o(.text)
    resolv_found                             0x0801296d   Thumb Code     2  resolver.o(.text)
    tcpip_uipcall                            0x08012971   Thumb Code   104  tcpip.o(.text)
    tcp_connect                              0x080129d9   Thumb Code    38  tcpip.o(.text)
    udp_new                                  0x080129ff   Thumb Code    42  tcpip.o(.text)
    timer_set                                0x08012a3d   Thumb Code    16  timer.o(.text)
    timer_restart                            0x08012a4d   Thumb Code    12  timer.o(.text)
    timer_expired                            0x08012a59   Thumb Code    32  timer.o(.text)
    uip_add32                                0x08012a7d   Thumb Code   106  uip.o(.text)
    uip_htons                                0x08012b2d   Thumb Code    12  uip.o(.text)
    uip_ipchksum                             0x08012b39   Thumb Code    30  uip.o(.text)
    uip_tcpchksum                            0x08012b9b   Thumb Code    10  uip.o(.text)
    uip_udpchksum                            0x08012ba5   Thumb Code    10  uip.o(.text)
    uip_init                                 0x08012baf   Thumb Code   136  uip.o(.text)
    uip_connect                              0x08012c37   Thumb Code   246  uip.o(.text)
    uip_udp_new                              0x08012d2d   Thumb Code   196  uip.o(.text)
    uip_process                              0x08012e2b   Thumb Code  3826  uip.o(.text)
    uip_send                                 0x08013d1d   Thumb Code    80  uip.o(.text)
    Domain_IpCheck                           0x08013d89   Thumb Code    40  uip_ppp.o(.text)
    UIP_SetHostAddr                          0x08013db1   Thumb Code    48  uip_ppp.o(.text)
    UIP_Input                                0x08013de1   Thumb Code    14  uip_ppp.o(.text)
    UIP_Periodic                             0x08013def   Thumb Code   224  uip_ppp.o(.text)
    FCS_Get                                  0x08013efd   Thumb Code    44  fcs.o(.text)
    PPP_Init                                 0x08013f2d   Thumb Code     8  ppp.o(.text)
    PPP_SetAuthentication                    0x08013f35   Thumb Code    24  ppp.o(.text)
    PPP_SetAuthenticationLogin               0x08013f4d   Thumb Code     6  ppp.o(.text)
    PPP_SetConnect                           0x08013f53   Thumb Code     8  ppp.o(.text)
    PPP_IsDead                               0x08013f5b   Thumb Code    14  ppp.o(.text)
    PPP_Send                                 0x08013f69   Thumb Code   178  ppp.o(.text)
    PPP__In                                  0x08014d47   Thumb Code   236  ppp.o(.text)
    PPP_ManageLink                           0x08014f2d   Thumb Code   204  ppp.o(.text)
    PPP_ReInit                               0x08014ff9   Thumb Code    16  ppp.o(.text)
    PPP_IsLinked                             0x08015009   Thumb Code    16  ppp.o(.text)
    __rt_ctype_table                         0x0801501d   Thumb Code     4  ctype_o.o(.text)
    isspace                                  0x08015025   Thumb Code    18  isspace_o.o(.text)
    toupper                                  0x08015037   Thumb Code    12  toupper.o(.text)
    __aeabi_memcpy                           0x08015043   Thumb Code    36  memcpya.o(.text)
    __aeabi_memcpy4                          0x08015043   Thumb Code     0  memcpya.o(.text)
    __aeabi_memcpy8                          0x08015043   Thumb Code     0  memcpya.o(.text)
    __aeabi_memset                           0x08015067   Thumb Code    14  memseta.o(.text)
    __aeabi_memset4                          0x08015067   Thumb Code     0  memseta.o(.text)
    __aeabi_memset8                          0x08015067   Thumb Code     0  memseta.o(.text)
    __aeabi_memclr                           0x08015075   Thumb Code     4  memseta.o(.text)
    __aeabi_memclr4                          0x08015075   Thumb Code     0  memseta.o(.text)
    __aeabi_memclr8                          0x08015075   Thumb Code     0  memseta.o(.text)
    _memset$wrapper                          0x08015079   Thumb Code    18  memseta.o(.text)
    strstr                                   0x0801508b   Thumb Code    36  strstr.o(.text)
    strncpy                                  0x080150af   Thumb Code    24  strncpy.o(.text)
    strlen                                   0x080150c7   Thumb Code    14  strlen.o(.text)
    strcmp                                   0x080150d5   Thumb Code    28  strcmp.o(.text)
    memchr                                   0x080150f1   Thumb Code    20  memchr.o(.text)
    memcmp                                   0x08015105   Thumb Code    26  memcmp.o(.text)
    strcpy                                   0x0801511f   Thumb Code    18  strcpy.o(.text)
    __0sscanf                                0x08015131   Thumb Code    48  __0sscanf.o(.text)
    _scanf_int                               0x08015169   Thumb Code   336  _scanf_int.o(.text)
    _scanf_string                            0x080152b9   Thumb Code   218  _scanf_str.o(.text)
    _scanf_real                              0x08015495   Thumb Code     0  scanf_fp.o(.text)
    _scanf_really_real                       0x08015495   Thumb Code   560  scanf_fp.o(.text)
    strtol                                   0x080156d1   Thumb Code   112  strtol.o(.text)
    __aeabi_fadd                             0x08015741   Thumb Code   164  fadd.o(.text)
    __aeabi_fsub                             0x080157e5   Thumb Code     6  fadd.o(.text)
    __aeabi_frsub                            0x080157eb   Thumb Code     6  fadd.o(.text)
    __aeabi_fmul                             0x080157f1   Thumb Code   108  fmul.o(.text)
    __aeabi_fdiv                             0x0801585d   Thumb Code   128  fdiv.o(.text)
    __aeabi_dadd                             0x080158dd   Thumb Code   322  dadd.o(.text)
    __aeabi_dsub                             0x08015a1f   Thumb Code     6  dadd.o(.text)
    __aeabi_drsub                            0x08015a25   Thumb Code     6  dadd.o(.text)
    __aeabi_dmul                             0x08015a2b   Thumb Code   228  dmul.o(.text)
    __aeabi_ddiv                             0x08015b0f   Thumb Code   222  ddiv.o(.text)
    __aeabi_i2f                              0x08015bed   Thumb Code    18  fflti.o(.text)
    __aeabi_ui2f                             0x08015bff   Thumb Code    10  ffltui.o(.text)
    __aeabi_ui2d                             0x08015c09   Thumb Code    26  dfltui.o(.text)
    __aeabi_f2uiz                            0x08015c23   Thumb Code    40  ffixui.o(.text)
    __aeabi_f2d                              0x08015c4b   Thumb Code    38  f2d.o(.text)
    __aeabi_cdcmpeq                          0x08015c71   Thumb Code     0  cdcmple.o(.text)
    __aeabi_cdcmple                          0x08015c71   Thumb Code    38  cdcmple.o(.text)
    __aeabi_cdrcmple                         0x08015c99   Thumb Code    38  cdrcmple.o(.text)
    __aeabi_d2f                              0x08015cc1   Thumb Code    56  d2f.o(.text)
    __aeabi_cfcmpeq                          0x08015cf9   Thumb Code     0  cfcmple.o(.text)
    __aeabi_cfcmple                          0x08015cf9   Thumb Code    20  cfcmple.o(.text)
    __aeabi_cfrcmple                         0x08015d0d   Thumb Code    20  cfrcmple.o(.text)
    __aeabi_uidiv                            0x08015d21   Thumb Code     0  uidiv.o(.text)
    __aeabi_uidivmod                         0x08015d21   Thumb Code    44  uidiv.o(.text)
    __aeabi_uldivmod                         0x08015d4d   Thumb Code    98  uldiv.o(.text)
    __aeabi_llsl                             0x08015daf   Thumb Code    30  llshl.o(.text)
    _ll_shift_l                              0x08015daf   Thumb Code     0  llshl.o(.text)
    __aeabi_llsr                             0x08015dcd   Thumb Code    32  llushr.o(.text)
    _ll_ushift_r                             0x08015dcd   Thumb Code     0  llushr.o(.text)
    __aeabi_lasr                             0x08015ded   Thumb Code    36  llsshr.o(.text)
    _ll_sshift_r                             0x08015ded   Thumb Code     0  llsshr.o(.text)
    _chval                                   0x08015e11   Thumb Code    28  _chval.o(.text)
    __vfscanf_char                           0x08015e39   Thumb Code    20  scanf_char.o(.text)
    _sgetc                                   0x08015e55   Thumb Code    30  _sgetc.o(.text)
    _sbackspace                              0x08015e73   Thumb Code    34  _sgetc.o(.text)
    _strtoul                                 0x08015e95   Thumb Code   158  _strtoul.o(.text)
    __strtod_int                             0x08015f6b   Thumb Code    88  strtod.o(.text)
    __I$use$fp                               0x08015fd1   Thumb Code     0  iusefp.o(.text)
    _float_round                             0x08015fd1   Thumb Code    18  fepilogue.o(.text)
    _float_epilogue                          0x08015fe3   Thumb Code    90  fepilogue.o(.text)
    _double_round                            0x0801603d   Thumb Code    26  depilogue.o(.text)
    _double_epilogue                         0x08016057   Thumb Code   164  depilogue.o(.text)
    __aeabi_ul2d                             0x080160fb   Thumb Code    24  dfltul.o(.text)
    __aeabi_d2ulz                            0x08016113   Thumb Code    48  dfixul.o(.text)
    __scatterload                            0x08016145   Thumb Code    28  init.o(.text)
    __scatterload_rt2                        0x08016145   Thumb Code     0  init.o(.text)
    __vfscanf                                0x08016169   Thumb Code   806  _scanf.o(.text)
    __decompress                             0x08016495   Thumb Code     0  __dczerorl2.o(.text)
    __decompress1                            0x08016495   Thumb Code    92  __dczerorl2.o(.text)
    USB_ReqGetDescriptor                     0x080164f1   Thumb Code   242  usbcore.o(i.USB_ReqGetDescriptor)
    USB_ReqGetStatus                         0x08016601   Thumb Code   160  usbcore.o(i.USB_ReqGetStatus)
    USB_ReqSetClrFeature                     0x080166c1   Thumb Code   210  usbcore.o(i.USB_ReqSetClrFeature)
    USB_ReqSetConfiguration                  0x080167ad   Thumb Code   402  usbcore.o(i.USB_ReqSetConfiguration)
    USB_ReqSetInterface                      0x08016965   Thumb Code   280  usbcore.o(i.USB_ReqSetInterface)
    __0sprintf                               0x08016a95   Thumb Code    34  printfa.o(i.__0sprintf)
    __1sprintf                               0x08016a95   Thumb Code     0  printfa.o(i.__0sprintf)
    __2sprintf                               0x08016a95   Thumb Code     0  printfa.o(i.__0sprintf)
    __c89sprintf                             0x08016a95   Thumb Code     0  printfa.o(i.__0sprintf)
    sprintf                                  0x08016a95   Thumb Code     0  printfa.o(i.__0sprintf)
    __0vsprintf                              0x08016abd   Thumb Code    30  printfa.o(i.__0vsprintf)
    __1vsprintf                              0x08016abd   Thumb Code     0  printfa.o(i.__0vsprintf)
    __2vsprintf                              0x08016abd   Thumb Code     0  printfa.o(i.__0vsprintf)
    __c89vsprintf                            0x08016abd   Thumb Code     0  printfa.o(i.__0vsprintf)
    vsprintf                                 0x08016abd   Thumb Code     0  printfa.o(i.__0vsprintf)
    __aeabi_errno_addr                       0x08016ae1   Thumb Code     4  errno.o(i.__aeabi_errno_addr)
    __rt_errno_addr                          0x08016ae1   Thumb Code     0  errno.o(i.__aeabi_errno_addr)
    __scatterload_copy                       0x08016ae9   Thumb Code    14  handlers.o(i.__scatterload_copy)
    __scatterload_null                       0x08016af7   Thumb Code     2  handlers.o(i.__scatterload_null)
    __scatterload_zeroinit                   0x08016af9   Thumb Code    14  handlers.o(i.__scatterload_zeroinit)
    _is_digit                                0x08016c65   Thumb Code    14  scanf_fp.o(i._is_digit)
    floor                                    0x080173c5   Thumb Code   204  floor.o(i.floor)
    strtod                                   0x080174a1   Thumb Code    28  strtod.o(i.strtod)
    smsReplyOk                               0x080174bc   Data          14  sms_task.o(.constdata)
    addrString                               0x080174ca   Data           7  sms_task.o(.constdata)
    watchdogCntValueMax                      0x080174d4   Data           4  rtc.o(.constdata)
    _ytab                                    0x080174d8   Data          96  m_time.o(.constdata)
    ampmAtCmd_AT                             0x08017538   Data          24  ampm_gsm_common.o(.constdata)
    ampmAtCmd_AT_CHLD                        0x08017550   Data          24  ampm_gsm_common.o(.constdata)
    ampmAtCmd_ATH                            0x08017568   Data          24  ampm_gsm_common.o(.constdata)
    ampmAtCmd_AT_CSQ                         0x08017580   Data          24  ampm_gsm_common.o(.constdata)
    ampmAtCmd_AT_CLIP                        0x08017598   Data          24  ampm_gsm_common.o(.constdata)
    ampmAtCmd_AT_CMGF_1                      0x080175b0   Data          24  ampm_gsm_common.o(.constdata)
    ampmAtCmd_AT_CMGF_0                      0x080175c8   Data          24  ampm_gsm_common.o(.constdata)
    ampmAtCmd_AT_CMGL                        0x080175e0   Data          24  ampm_gsm_common.o(.constdata)
    ampmAtCmd_AT_CGACT                       0x080175f8   Data          24  ampm_gsm_common.o(.constdata)
    ampmAtCmd_AT_DIALUP                      0x08017610   Data          24  ampm_gsm_common.o(.constdata)
    ampmAtCmd_AT_CREG                        0x08017628   Data          24  ampm_gsm_common.o(.constdata)
    ampmCmdProcess_AT                        0x08017640   Data          28  ampm_gsm_common.o(.constdata)
    ampmAtCmd_AT_CGDCONT                     0x0801765c   Data          24  ampm_gsm_dial_up.o(.constdata)
    dialupCmdProcess_4                       0x08017674   Data          28  ampm_gsm_dial_up.o(.constdata)
    dialupCmdProcess_3                       0x08017690   Data          28  ampm_gsm_dial_up.o(.constdata)
    dialupCmdProcess_2                       0x080176ac   Data          28  ampm_gsm_dial_up.o(.constdata)
    dialupCmdProcess_1                       0x080176c8   Data          28  ampm_gsm_dial_up.o(.constdata)
    dialupCmdProcess_0                       0x080176e4   Data          28  ampm_gsm_dial_up.o(.constdata)
    ampm_AtGsmCmdStartEHS5                   0x08017700   Data         739  ampm_gsm_main_task.o(.constdata)
    ampm_AtGsmCmdStartBG2_E                  0x080179e3   Data         465  ampm_gsm_main_task.o(.constdata)
    ampm_AtGsmCmdStartBGS2_E                 0x08017bb4   Data         465  ampm_gsm_main_task.o(.constdata)
    ampm_AtGsmCmdStartM95                    0x08017d85   Data         373  ampm_gsm_main_task.o(.constdata)
    ampm_AtGsmCmdStartUbloxG100              0x08017efa   Data         379  ampm_gsm_main_task.o(.constdata)
    ampmMainCmdProcess_CHLD                  0x08018078   Data          28  ampm_gsm_main_task.o(.constdata)
    smsRecvCmd_AT_CMGR                       0x08018094   Data          24  ampm_gsm_sms.o(.constdata)
    smsRecvCmd_AT_CMGD                       0x080180ac   Data          24  ampm_gsm_sms.o(.constdata)
    smsRecvCmdProcess_end                    0x080180c4   Data          28  ampm_gsm_sms.o(.constdata)
    smsRecvCmdProcess_5                      0x080180e0   Data          28  ampm_gsm_sms.o(.constdata)
    smsRecvCmdProcess_4                      0x080180fc   Data          28  ampm_gsm_sms.o(.constdata)
    smsRecvCmdProcess_3                      0x08018118   Data          28  ampm_gsm_sms.o(.constdata)
    smsRecvCmdProcess_2                      0x08018134   Data          28  ampm_gsm_sms.o(.constdata)
    smsRecvCmdProcess_1                      0x08018150   Data          28  ampm_gsm_sms.o(.constdata)
    smsRecvCmdProcess_0                      0x0801816c   Data          28  ampm_gsm_sms.o(.constdata)
    smsSendCmd_AT_CSCA                       0x08018188   Data          24  ampm_gsm_sms.o(.constdata)
    smsSendCmd_AT_CMGS                       0x080181a0   Data          24  ampm_gsm_sms.o(.constdata)
    smsSendMessage                           0x080181b8   Data          24  ampm_gsm_sms.o(.constdata)
    smsSendCmdProcess_end                    0x080181d0   Data          28  ampm_gsm_sms.o(.constdata)
    smsSendCmdProcess_6                      0x080181ec   Data          28  ampm_gsm_sms.o(.constdata)
    smsSendCmdProcess_5                      0x08018208   Data          28  ampm_gsm_sms.o(.constdata)
    smsSendCmdProcess_4                      0x08018224   Data          28  ampm_gsm_sms.o(.constdata)
    smsSendCmdProcess_3                      0x08018240   Data          28  ampm_gsm_sms.o(.constdata)
    smsSendCmdProcess_2                      0x0801825c   Data          28  ampm_gsm_sms.o(.constdata)
    smsSendCmdProcess_1                      0x08018278   Data          28  ampm_gsm_sms.o(.constdata)
    smsSendCmdProcess_0                      0x08018294   Data          28  ampm_gsm_sms.o(.constdata)
    ampm_gsm_baudrate_list                   0x080182b0   Data           8  ampm_gsm_startup.o(.constdata)
    terminateStr                             0x080182f0   Data           7  at_command_parser.o(.constdata)
    USB_P_EP                                 0x08018348   Data           8  usbuser.o(.constdata)
    HID_ReportDescriptor                     0x08018350   Data          28  usbdesc.o(.constdata)
    HID_ReportDescSize                       0x0801836c   Data           2  usbdesc.o(.constdata)
    USB_DeviceDescriptor_0                   0x0801836e   Data          18  usbdesc.o(.constdata)
    USB_ConfigDescriptor_0                   0x08018380   Data          42  usbdesc.o(.constdata)
    USB_StringDescriptor                     0x080183aa   Data         218  usbdesc.o(.constdata)
    uip_broadcast_addr                       0x08018a20   Data           4  uip.o(.constdata)
    uip_all_zeroes_addr                      0x08018a24   Data           4  uip.o(.constdata)
    fcstab                                   0x08018a28   Data         512  fcs.o(.constdata)
    __ctype_table                            0x08018c28   Data         129  ctype_o.o(.constdata)
    Region$$Table$$Base                      0x08018dd4   Number         0  anon$$obj.o(Region$$Table)
    Region$$Table$$Limit                     0x08018df4   Number         0  anon$$obj.o(Region$$Table)
    mainBuf                                  0x20000000   Data         512  main.o(.data)
    mainCnt                                  0x20000200   Data           4  main.o(.data)
    sleepCnt                                 0x20000204   Data           2  main.o(.data)
    reportInterVal                           0x20000208   Data           4  main.o(.data)
    smsTimeCheck                             0x2000020c   Data           4  main.o(.data)
    intervalReportWakeFlag                   0x20000210   Data           1  main.o(.data)
    sysStatus                                0x20000211   Data           1  main.o(.data)
    timer2Cnt                                0x20000214   Data           4  main.o(.data)
    alarmFlag                                0x20000218   Data           4  main.o(.data)
    sysUploadConfig                          0x2000021c   Data           1  system_config.o(.data)
    sysResetMcuFlag                          0x2000021d   Data           1  system_config.o(.data)
    smsEnableCar                             0x2000021e   Data           1  system_config.o(.data)
    smsEnableCarTimeOut                      0x2000021f   Data           1  system_config.o(.data)
    protectEnable                            0x20000220   Data           1  system_config.o(.data)
    vibrationProtectEnable                   0x20000221   Data           1  system_config.o(.data)
    trackerTaskRun                           0x20000224   Data           1  tracker.o(.data)
    an1Voltage                               0x20000228   Data           4  tracker.o(.data)
    trackerTaskCnt                           0x2000022c   Data           4  tracker.o(.data)
    adcChannel8Value                         0x20000230   Data           4  tracker.o(.data)
    newUpdateGps                             0x20000234   Data           1  tracker.o(.data)
    gpsGetCnt                                0x20000238   Data           4  tracker.o(.data)
    gpsFixedFlag                             0x2000023c   Data           1  tracker.o(.data)
    gpsGotWhenACC_OFF                        0x2000023d   Data           1  tracker.o(.data)
    gpsTryCntWhenACC_OFF                     0x2000023e   Data           1  tracker.o(.data)
    getGpsTimeout                            0x20000240   Data           2  tracker.o(.data)
    buzzStatus                               0x20000244   Data           4  tracker.o(.data)
    timeOverSpeedCnt                         0x20000248   Data           4  tracker.o(.data)
    speedRecordTimeOld                       0x2000024c   Data           1  tracker.o(.data)
    timeEqualCnt                             0x20000250   Data           4  tracker.o(.data)
    startingTime                             0x20000254   Data           4  tracker.o(.data)
    sendStatus                               0x20000258   Data           1  tracker.o(.data)
    statusSentFlag                           0x20000259   Data           1  tracker.o(.data)
    logSendPt                                0x2000025c   Data           4  tracker.o(.data)
    newDriverSub                             0x20000260   Data           1  tracker.o(.data)
    flagDrivingTimeWarning                   0x20000261   Data           1  tracker.o(.data)
    flagTotalDrivingTimeWarning              0x20000262   Data           1  tracker.o(.data)
    printReport                              0x20000263   Data           1  tracker.o(.data)
    gotLastRecord                            0x20000264   Data           1  tracker.o(.data)
    carIsMoving                              0x20000265   Data           1  tracker.o(.data)
    batteryPercent                           0x20000266   Data           2  tracker.o(.data)
    mileage                                  0x20000268   Data           4  tracker.o(.data)
    trackerSaveLog                           0x2000026c   Data           1  tracker.o(.data)
    flagPrint                                0x20000270   Data           4  tracker.o(.data)
    printfReportTime                         0x20000274   Data           8  tracker.o(.data)
    ADC1_10_Value                            0x2000027c   Data           4  adc_task.o(.data)
    ADC1_11_Value                            0x20000280   Data           4  adc_task.o(.data)
    ADC1_Temperature                         0x20000284   Data           4  adc_task.o(.data)
    temperature                              0x20000288   Data           4  adc_task.o(.data)
    ADC_CntValue                             0x2000028c   Data           1  adc_task.o(.data)
    ADC_Updated                              0x2000028d   Data           1  adc_task.o(.data)
    ADC1ConvertedValue                       0x20000298   Data           8  adc_task.o(.data)
    findCarFlag                              0x200002a0   Data           1  sms_task.o(.data)
    askAddrCnt                               0x200002a1   Data           1  sms_task.o(.data)
    getAddrFlag                              0x200002a2   Data           1  sms_task.o(.data)
    gotAddrFlag                              0x200002a3   Data           1  sms_task.o(.data)
    myAddrLen                                0x200002a4   Data           1  sms_task.o(.data)
    firmwareSendFileOffSetFlag               0x200002a8   Data           4  app_config_task.o(.data)
    firmwareSaveFileOffsetCnt                0x200002ac   Data           4  app_config_task.o(.data)
    firmwareStatus                           0x200002b0   Data           4  app_config_task.o(.data)
    logSource                                0x200002b4   Data           1  app_config_task.o(.data)
    recordFileSize                           0x200002b8   Data           4  app_config_task.o(.data)
    recordFileOfset                          0x200002bc   Data           4  app_config_task.o(.data)
    firmwareFileCrc                          0x200002c0   Data           4  app_config_task.o(.data)
    firmwareFileSize                         0x200002c4   Data           4  app_config_task.o(.data)
    firmwareFileOffSet                       0x200002c8   Data           4  app_config_task.o(.data)
    firmwareFileOffSetOld                    0x200002cc   Data           4  app_config_task.o(.data)
    saveFileIsOpened                         0x200002d0   Data           1  database_app.o(.data)
    saveSpeedPause                           0x200002d1   Data           1  database_app.o(.data)
    pauseTimeout                             0x200002d2   Data           1  database_app.o(.data)
    res                                      0x200002d8   Data           1  database_app.o(.data)
    gprsDataSending                          0x200002f4   Data           4  tcp_ip_task.o(.data)
    tcpCnt                                   0x200002f8   Data           4  tcp_ip_task.o(.data)
    tcpIpTryCnt                              0x200002fc   Data           1  tcp_ip_task.o(.data)
    accelerometerAlarmCnt                    0x20000300   Data           1  accelerometer_task.o(.data)
    accelSampleCnt                           0x20000304   Data           4  accelerometer_task.o(.data)
    accelAlarmTimes                          0x20000308   Data           1  accelerometer_task.o(.data)
    accel_x                                  0x2000030a   Data           2  accelerometer_task.o(.data)
    accel_y                                  0x2000030c   Data           2  accelerometer_task.o(.data)
    accel_z                                  0x2000030e   Data           2  accelerometer_task.o(.data)
    accel_x1                                 0x20000310   Data           2  accelerometer_task.o(.data)
    accel_y1                                 0x20000312   Data           2  accelerometer_task.o(.data)
    accel_z1                                 0x20000314   Data           2  accelerometer_task.o(.data)
    accel_x_min                              0x20000316   Data           2  accelerometer_task.o(.data)
    accel_y_min                              0x20000318   Data           2  accelerometer_task.o(.data)
    accel_z_min                              0x2000031a   Data           2  accelerometer_task.o(.data)
    accel_x_max                              0x2000031c   Data           2  accelerometer_task.o(.data)
    accel_y_max                              0x2000031e   Data           2  accelerometer_task.o(.data)
    accel_z_max                              0x20000320   Data           2  accelerometer_task.o(.data)
    pwmStatus                                0x20000324   Data           4  buzzer.o(.data)
    timer3Cnt                                0x20000328   Data           4  buzzer.o(.data)
    trackingState                            0x20000330   Data           1  tracking_server.o(.data)
    trackingSwitchServer                     0x20000331   Data           1  tracking_server.o(.data)
    trackingServerPort                       0x20000332   Data           2  tracking_server.o(.data)
    trackingCheckDns                         0x20000334   Data           4  tracking_server.o(.data)
    trackingRexmitCnt                        0x20000338   Data           2  tracking_server.o(.data)
    trackingLen                              0x2000033a   Data           2  tracking_server.o(.data)
    trackingCloseSocketFlag                  0x2000033c   Data           1  tracking_server.o(.data)
    trackingTaskLen                          0x20000340   Data           4  tracking_server.o(.data)
    trackingCallBackCnt                      0x20000344   Data           4  tracking_server.o(.data)
    trackingReportCnt                        0x20000348   Data           4  tracking_server.o(.data)
    sentDataCnt                              0x2000034c   Data           4  tracking_server.o(.data)
    recvDataCnt                              0x20000350   Data           4  tracking_server.o(.data)
    trackingServerIpAddr                     0x20000354   Data           4  tracking_server.o(.data)
    trackingServerIp                         0x20000358   Data           4  tracking_server.o(.data)
    trackingConn                             0x2000035c   Data           4  tracking_server.o(.data)
    trackingTick                             0x20000360   Data           4  tracking_server.o(.data)
    SystemCoreClock                          0x20000364   Data           4  system_stm32f10x.o(.data)
    AHBPrescTable                            0x20000368   Data          16  system_stm32f10x.o(.data)
    rtcCnt                                   0x20000378   Data           4  rtc.o(.data)
    resetCnt                                 0x2000037c   Data           1  rtc.o(.data)
    watchdogEnable                           0x20000380   Data           4  rtc.o(.data)
    watchdogCnt                              0x20000384   Data           4  rtc.o(.data)
    watchdogFeed                             0x20000388   Data           4  rtc.o(.data)
    turnOffDeviceDelayTime                   0x2000038c   Data           4  rtc.o(.data)
    flagSendWarnningBeforeTurnOff            0x20000390   Data           1  rtc.o(.data)
    resetTimeCnt                             0x20000394   Data           4  rtc.o(.data)
    sec                                      0x20000398   Data           4  rtc.o(.data)
    _daylight                                0x200003b0   Data           4  m_time.o(.data)
    _dstbias                                 0x200003b4   Data           4  m_time.o(.data)
    _timezone                                0x200003b8   Data           4  m_time.o(.data)
    sysTickTimeSec                           0x200003c0   Data           4  sys_tick.o(.data)
    sysTickCounter32                         0x200003c4   Data           4  sys_tick.o(.data)
    sysTickCounter64                         0x200003c8   Data           8  sys_tick.o(.data)
    rtcTimeSec                               0x200003d0   Data           4  sys_time.o(.data)
    timeZone                                 0x200003d4   Data           4  sys_time.o(.data)
    sysTimeZone                              0x200003d8   Data           4  sys_time.o(.data)
    rtcUpdateFlag                            0x200003dc   Data           4  sys_time.o(.data)
    rtcUpdateCnt                             0x200003e0   Data           4  sys_time.o(.data)
    sysTime                                  0x200003e4   Data           8  sys_time.o(.data)
    localTime                                0x200003ec   Data           8  sys_time.o(.data)
    commTxRingBuf                            0x200003f4   Data           4  comm.o(.data)
    commRxRingBuf                            0x200003f8   Data           4  comm.o(.data)
    ampm_GotIncomingNumberFlag               0x200003fc   Data           1  ampm_gsm_call.o(.data)
    ampm_ModemResetFlag                      0x20000400   Data           1  ampm_gsm_common.o(.data)
    csqValue                                 0x20000404   Data           4  ampm_gsm_common.o(.data)
    gsmSignal                                0x20000408   Data           1  ampm_gsm_common.o(.data)
    dialupTryCnt                             0x20000409   Data           1  ampm_gsm_dial_up.o(.data)
    ampmGsmDialupPhase                       0x2000040a   Data           1  ampm_gsm_dial_up.o(.data)
    modemOk                                  0x2000040c   Data           4  ampm_gsm_io.o(.data)
    modemError                               0x20000410   Data           4  ampm_gsm_io.o(.data)
    ampm_GprsApn                             0x20000414   Data           4  ampm_gsm_io.o(.data)
    ampm_GSM_CmdList_list                    0x20000418   Data           4  ampm_gsm_io.o(.data)
    ampm_GSM_CmdList                         0x2000041c   Data           4  ampm_gsm_io.o(.data)
    ampm_CmdParsedChar                       0x20000420   Data           1  ampm_gsm_io.o(.data)
    gotoCmdModeFlag                          0x20000421   Data           1  ampm_gsm_io.o(.data)
    gotoDataModeFlag                         0x20000422   Data           1  ampm_gsm_io.o(.data)
    ampm_GSM_AtCmd                           0x20000424   Data           4  ampm_gsm_io.o(.data)
    ampm_GSM_CmdPhase                        0x20000428   Data           1  ampm_gsm_io.o(.data)
    ampm_AtProcessCmd                        0x2000042c   Data           8  ampm_gsm_io.o(.data)
    ampm_GSM_mode                            0x20000434   Data           1  ampm_gsm_main_task.o(.data)
    smsCheckTime                             0x20000438   Data           4  ampm_gsm_main_task.o(.data)
    ampmGsmModuleType                        0x2000043c   Data           1  ampm_gsm_main_task.o(.data)
    ampmGSM_TaskPhase                        0x2000043d   Data           1  ampm_gsm_main_task.o(.data)
    gsmMainTaskTryCnt                        0x2000043e   Data           1  ampm_gsm_main_task.o(.data)
    Ampm_TcpIpCallback                       0x20000440   Data           4  ampm_gsm_main_task.o(.data)
    Ampm_TcpIpInit                           0x20000444   Data           4  ampm_gsm_main_task.o(.data)
    ampm_MissCall                            0x20000448   Data           1  ampm_gsm_ring.o(.data)
    ampm_NewSmsFlag                          0x20000449   Data           1  ampm_gsm_ring.o(.data)
    ampm_RingingFlagTimes                    0x2000044a   Data           1  ampm_gsm_ring.o(.data)
    ampm_RingingFlag                         0x2000044b   Data           1  ampm_gsm_ring.o(.data)
    ampm_RingingTime                         0x2000044c   Data           1  ampm_gsm_ring.o(.data)
    ampm_RingingPauseTime                    0x2000044d   Data           1  ampm_gsm_ring.o(.data)
    ampm_RingingPhase                        0x2000044e   Data           1  ampm_gsm_ring.o(.data)
    smsNewMessageFlag                        0x20000458   Data           1  ampm_gsm_sms.o(.data)
    smsCancelAll                             0x20000459   Data           1  ampm_gsm_sms.o(.data)
    flagSmsReadFinish                        0x2000045a   Data           1  ampm_gsm_sms.o(.data)
    getServiceCenterNumber                   0x2000045b   Data           1  ampm_gsm_sms.o(.data)
    smsTaskFailCnt                           0x2000045c   Data           1  ampm_gsm_sms.o(.data)
    readTryCnt                               0x2000045d   Data           1  ampm_gsm_sms.o(.data)
    smsIndex                                 0x2000045e   Data           2  ampm_gsm_sms.o(.data)
    smsTryCnt                                0x20000460   Data           1  ampm_gsm_sms.o(.data)
    smsMsg                                   0x20000484   Data           4  ampm_gsm_sms.o(.data)
    pdu_len_except_smsc                      0x20000488   Data           1  ampm_gsm_sms.o(.data)
    pdu_len                                  0x2000048a   Data           2  ampm_gsm_sms.o(.data)
    Ampm_SmsRecvCallback                     0x2000048c   Data           4  ampm_gsm_sms.o(.data)
    flagGotSimCID                            0x20000490   Data           1  ampm_gsm_startup.o(.data)
    modemCIDPass                             0x20000491   Data           1  ampm_gsm_startup.o(.data)
    flagServerUpdateSimCID                   0x20000492   Data           1  ampm_gsm_startup.o(.data)
    flagGotIMEI                              0x20000493   Data           1  ampm_gsm_startup.o(.data)
    newIMEI_IsUpdate                         0x20000494   Data           1  ampm_gsm_startup.o(.data)
    modemIMEIPass                            0x20000495   Data           1  ampm_gsm_startup.o(.data)
    ampm_GSM_StartupPhase                    0x20000496   Data           1  ampm_gsm_startup.o(.data)
    ampm_gsm_baudrate_index                  0x20000497   Data           1  ampm_gsm_startup.o(.data)
    gsmBaudrateSaved                         0x20000498   Data           4  ampm_gsm_startup.o(.data)
    ampm_AtGsmCmdStart_pt                    0x2000049c   Data           4  ampm_gsm_startup.o(.data)
    ampm_AtCommandParserEnable               0x200004a0   Data           1  at_command_parser.o(.data)
    commandSeparator                         0x200004a4   Data           4  at_command_parser.o(.data)
    cmdCnt                                   0x200004ac   Data           7  at_command_parser.o(.data)
    gpsCheckSum                              0x200004b4   Data           1  gps.o(.data)
    gpsCheckSumX                             0x200004b5   Data           1  gps.o(.data)
    gpsGetCheckSumFlag                       0x200004b6   Data           1  gps.o(.data)
    GPRMC_gotDataFlag                        0x200004b7   Data           1  gps.o(.data)
    GPGGA_gotDataFlag                        0x200004b8   Data           1  gps.o(.data)
    GPGSA_gotDataFlag                        0x200004b9   Data           1  gps.o(.data)
    GPGSV_gotDataFlag                        0x200004ba   Data           1  gps.o(.data)
    msgGpsDataGood                           0x200004bb   Data           1  gps.o(.data)
    gpsPulse                                 0x200004bc   Data           1  gps.o(.data)
    GPS_cmdState                             0x200004bd   Data           1  gps.o(.data)
    pPackGPRMC                               0x200004c4   Data           4  gps.o(.data)
    pPackGPGGA                               0x200004c8   Data           4  gps.o(.data)
    pPackGPGSA                               0x200004cc   Data           4  gps.o(.data)
    pPackGPGSV                               0x200004d0   Data           4  gps.o(.data)
    GPS_numCmd                               0x200004d4   Data           1  gps.o(.data)
    GPS_cmdRecvLength                        0x200004d8   Data           4  gps.o(.data)
    flagNewLog                               0x200004dc   Data           4  db.o(.data)
    flashInUse                               0x200004e0   Data           4  db.o(.data)
    ringLog                                  0x200004e4   Data           8  db.o(.data)
    countErrTemp                             0x200004ec   Data           4  sst25.o(.data)
    writeErrCnt                              0x200004f0   Data           4  sst25.o(.data)
    acclInit                                 0x200004f4   Data           4  mma7660.o(.data)
    acclError                                0x200004f8   Data           4  mma7660.o(.data)
    USB_Connected                            0x200004fc   Data           4  usbuser.o(.data)
    pBUF_DSCR                                0x20000500   Data           4  usbhw.o(.data)
    FreeBufAddr                              0x20000504   Data           2  usbhw.o(.data)
    USB_DeviceDescriptor                     0x20000508   Data           4  usbdesc.o(.data)
    USB_ConfigDescriptor                     0x2000050c   Data           4  usbdesc.o(.data)
    USB_DeviceStatus                         0x20000510   Data           2  usbcore.o(.data)
    USB_DeviceAddress                        0x20000512   Data           1  usbcore.o(.data)
    USB_Configuration                        0x20000513   Data           1  usbcore.o(.data)
    USB_EndPointMask                         0x20000514   Data           4  usbcore.o(.data)
    USB_EndPointHalt                         0x20000518   Data           4  usbcore.o(.data)
    USB_EndPointStall                        0x2000051c   Data           4  usbcore.o(.data)
    USB_NumInterfaces                        0x20000520   Data           1  usbcore.o(.data)
    USB_AltSetting                           0x20000521   Data           4  usbcore.o(.data)
    EP0Data                                  0x20000528   Data           8  usbcore.o(.data)
    SetupPacket                              0x20000530   Data           8  usbcore.o(.data)
    HID_DepInEmpty                           0x20000538   Data           1  hiduser.o(.data)
    HID_Protocol                             0x20000539   Data           1  hiduser.o(.data)
    HID_IdleTime                             0x2000053a   Data           1  hiduser.o(.data)
    diskBusyFlag                             0x20000545   Data           1  mmc_ssp.o(.data)
    disk_sector_number_max                   0x20000548   Data           4  mmc_ssp.o(.data)
    disk_sector_size                         0x2000054c   Data           4  mmc_ssp.o(.data)
    disk_memory_size                         0x20000550   Data           4  mmc_ssp.o(.data)
    resolverTick                             0x20000578   Data           8  resolver.o(.data)
    resolverState                            0x20000580   Data           1  resolver.o(.data)
    curr_tick                                0x20000584   Data           4  timer.o(.data)
    uip_ethaddr                              0x20000588   Data           6  uip.o(.data)
    uip_hostaddr                             0x2000058e   Data           4  uip.o(.data)
    uip_draddr                               0x20000592   Data           4  uip.o(.data)
    uip_netmask                              0x20000596   Data           4  uip.o(.data)
    uip_appdata                              0x2000059c   Data           4  uip.o(.data)
    uip_sappdata                             0x200005a0   Data           4  uip.o(.data)
    uip_len                                  0x200005a4   Data           2  uip.o(.data)
    uip_slen                                 0x200005a6   Data           2  uip.o(.data)
    uip_flags                                0x200005a8   Data           1  uip.o(.data)
    uip_conn                                 0x200005ac   Data           4  uip.o(.data)
    uip_listenports                          0x200005b0   Data           2  uip.o(.data)
    uip_udp_conn                             0x200005b4   Data           4  uip.o(.data)
    uip_acc32                                0x200005c0   Data           4  uip.o(.data)
    uipTimer                                 0x200005c8   Data           8  uip_ppp.o(.data)
    localIp                                  0x200005d0   Data           4  uip_ppp.o(.data)
    pppRxBuf                                 0x200005d4   Data           4  ppp.o(.data)
    pppErrCnt                                0x200005d8   Data           1  ppp.o(.data)
    pppIsEsc                                 0x200005d9   Data           1  ppp.o(.data)
    pppPhaseTick                             0x200005dc   Data           4  ppp.o(.data)
    pppDialAttempts                          0x200005e0   Data           1  ppp.o(.data)
    pppApn_UseLoginPass                      0x200005e1   Data           1  ppp.o(.data)
    pppUseESC                                0x200005e2   Data           1  ppp.o(.data)
    pppRestartCount                          0x200005e3   Data           1  ppp.o(.data)
    pppFrameSize                             0x200005e4   Data           2  ppp.o(.data)
    pppMsgID                                 0x200005e6   Data           1  ppp.o(.data)
    pppTick                                  0x200005e8   Data           4  ppp.o(.data)
    pppTimerOn                               0x200005ec   Data           1  ppp.o(.data)
    pppDataPrepared                          0x200005ed   Data           1  ppp.o(.data)
    pppIpAddr                                0x200005ee   Data           4  ppp.o(.data)
    priDnsServerIp                           0x200005f2   Data           4  ppp.o(.data)
    secDnsServerIp                           0x200005f6   Data           4  ppp.o(.data)
    lcpState                                 0x200005fa   Data           1  ppp.o(.data)
    papState                                 0x200005fb   Data           1  ppp.o(.data)
    ipcpState                                0x200005fc   Data           1  ppp.o(.data)
    pppPhase                                 0x200005fd   Data           1  ppp.o(.data)
    pppInState                               0x200005fe   Data           1  ppp.o(.data)
    tFwDownload                              0x20000604   Data          12  main.o(.bss)
    tResetApp                                0x20000610   Data          12  main.o(.bss)
    tAppTimeout                              0x2000061c   Data          12  main.o(.bss)
    sysCfg                                   0x20000628   Data        1590  system_config.o(.bss)
    firmware                                 0x20000c5e   Data          20  system_config.o(.bss)
    ioStatus                                 0x20000c74   Data          32  hw_config.o(.bss)
    logSend                                  0x20000ca8   Data         112  tracker.o(.bss)
    speedRecord                              0x20000d18   Data          71  tracker.o(.bss)
    tSpeedAlarmTimeout                       0x20000d60   Data          12  tracker.o(.bss)
    ADC1ConvertedValueTotal                  0x20000d6c   Data          12  adc_task.o(.bss)
    smsReplyBuf                              0x20000d78   Data          32  sms_task.o(.bss)
    replySms                                 0x20000d98   Data          20  sms_task.o(.bss)
    forwardSms                               0x20000dac   Data          20  sms_task.o(.bss)
    guestPhoneNumber                         0x20000dc0   Data          16  sms_task.o(.bss)
    forwardToNumber                          0x20000dd0   Data          16  sms_task.o(.bss)
    lastRecvSmsPhone                         0x20000de0   Data          16  sms_task.o(.bss)
    replySmsBuf                              0x20000df0   Data         160  sms_task.o(.bss)
    forwardSmsBuf                            0x20000e90   Data         160  sms_task.o(.bss)
    myAddr                                   0x20000f30   Data         160  sms_task.o(.bss)
    smsSendBuff                              0x20000fd0   Data         256  sms_task.o(.bss)
    file                                     0x200010d0   Data         552  app_config_task.o(.bss)
    tFirmwareTryToUpdate                     0x200012f8   Data          12  app_config_task.o(.bss)
    configTaskBuf                            0x20001304   Data         512  app_config_task.o(.bss)
    configTaskRingBuf                        0x20001504   Data          16  app_config_task.o(.bss)
    sysTimeSleep                             0x20001514   Data          12  database_app.o(.bss)
    gpsLat                                   0x20001520   Data          12  database_app.o(.bss)
    gpsLon                                   0x2000152c   Data          12  database_app.o(.bss)
    gpsHDOP                                  0x20001538   Data          12  database_app.o(.bss)
    gpsDir                                   0x20001544   Data          12  database_app.o(.bss)
    cellLat                                  0x20001550   Data          12  database_app.o(.bss)
    cellLon                                  0x2000155c   Data          12  database_app.o(.bss)
    firmwareDownloadTimeout                  0x20001568   Data          12  database_app.o(.bss)
    timeSave                                 0x20001574   Data          12  database_app.o(.bss)
    agpsTimeSave                             0x20001580   Data          12  database_app.o(.bss)
    rfidState                                0x2000158c   Data          12  database_app.o(.bss)
    currentPath                              0x20001598   Data          48  database_app.o(.bss)
    saveFile                                 0x200015c8   Data         552  database_app.o(.bss)
    led1Ctrl                                 0x200017f0   Data          24  led.o(.bss)
    buzzer1Ctrl                              0x20001808   Data          24  led.o(.bss)
    dout1Ctrl                                0x20001820   Data          24  led.o(.bss)
    dout2Ctrl                                0x20001838   Data          24  led.o(.bss)
    tcpIpReset                               0x20001850   Data          12  tcp_ip_task.o(.bss)
    tTcpDataIsBusy                           0x2000185c   Data          12  tcp_ip_task.o(.bss)
    USB_ProtoRecv                            0x20001868   Data          16  usb_config_task.o(.bss)
    USB_ProtoSend                            0x20001878   Data          16  usb_config_task.o(.bss)
    USB_DataBuff                             0x20001888   Data          36  usb_config_task.o(.bss)
    USB_parserPacket                         0x200018ac   Data          10  usb_config_task.o(.bss)
    sdfs                                     0x200019b8   Data         564  msc_init.o(.bss)
    tTrackingTimeReconnect                   0x20001bec   Data          12  tracking_server.o(.bss)
    tTrackingCloseSocket                     0x20001bf8   Data          12  tracking_server.o(.bss)
    tTrackingTimeKeepConnect                 0x20001c04   Data          12  tracking_server.o(.bss)
    tTrackingTcpDataOut                      0x20001c10   Data          12  tracking_server.o(.bss)
    tTrackingCallbackTimeout                 0x20001c1c   Data          12  tracking_server.o(.bss)
    trackingBuf                              0x20001c28   Data        1024  tracking_server.o(.bss)
    USART1_RxBuff                            0x20002028   Data        1024  uart1.o(.bss)
    USART1_TxBuff                            0x20002428   Data         256  uart1.o(.bss)
    USART1_RxRingBuff                        0x20002528   Data          16  uart1.o(.bss)
    USART1_TxRingBuff                        0x20002538   Data          16  uart1.o(.bss)
    USART2_RxBuff                            0x20002548   Data         128  uart2.o(.bss)
    USART2_RxRingBuff                        0x200025c8   Data          16  uart2.o(.bss)
    USART3_RxBuff                            0x200025d8   Data         128  uart3.o(.bss)
    USART3_TxBuff                            0x20002658   Data         512  uart3.o(.bss)
    USART3_RxRingBuff                        0x20002858   Data          16  uart3.o(.bss)
    USART3_TxRingBuff                        0x20002868   Data          16  uart3.o(.bss)
    ampm_IncomingCallPhoneNo                 0x20002878   Data          16  ampm_gsm_call.o(.bss)
    csqBuff                                  0x20002888   Data          16  ampm_gsm_common.o(.bss)
    ampmGSM_CmdSend                          0x20002918   Data          28  ampm_gsm_io.o(.bss)
    ampm_GSM_TaskTimeout                     0x20002934   Data          12  ampm_gsm_io.o(.bss)
    ampmCommonAppStruct                      0x20002940   Data          24  ampm_gsm_io.o(.bss)
    ampmAtCmdBuf                             0x20002958   Data         256  ampm_gsm_io.o(.bss)
    ampmGSM_CmdOk                            0x20002a58   Data          12  ampm_gsm_io.o(.bss)
    ampmGSM_CmdFails                         0x20002a64   Data          12  ampm_gsm_io.o(.bss)
    ampm_AtCallBackParser                    0x20002a70   Data          16  ampm_gsm_io.o(.bss)
    tRingTask                                0x20002a80   Data          12  ampm_gsm_main_task.o(.bss)
    cmpEHS5                                  0x20002a8c   Data          12  ampm_gsm_main_task.o(.bss)
    cmpBGS2_E                                0x20002a98   Data          12  ampm_gsm_main_task.o(.bss)
    cmpBG2_E                                 0x20002aa4   Data          12  ampm_gsm_main_task.o(.bss)
    cmpM95                                   0x20002ab0   Data          12  ampm_gsm_main_task.o(.bss)
    cmpUbloxG100                             0x20002abc   Data          12  ampm_gsm_main_task.o(.bss)
    cmp                                      0x20002ac8   Data          12  ampm_gsm_main_task.o(.bss)
    smsUnreadBuff                            0x20002ad4   Data          32  ampm_gsm_sms.o(.bss)
    tSmsTaskTimeOut                          0x20002af4   Data          12  ampm_gsm_sms.o(.bss)
    smsUnreadRingBuff                        0x20002b00   Data          16  ampm_gsm_sms.o(.bss)
    smsSender                                0x20002b10   Data          16  ampm_gsm_sms.o(.bss)
    smsDataBuf                               0x20002b20   Data         256  ampm_gsm_sms.o(.bss)
    serviceCenterNumber                      0x20002c20   Data          16  ampm_gsm_sms.o(.bss)
    gsmSimCIDBuf                             0x20002c30   Data          32  ampm_gsm_startup.o(.bss)
    gsmIMEIBuf                               0x20002c50   Data          18  ampm_gsm_startup.o(.bss)
    tAmpm_GsmStartupTaskDelay                0x20002c64   Data          12  ampm_gsm_startup.o(.bss)
    at_cmd                                   0x20002c70   Data         180  ampm_gsm_startup.o(.bss)
    AT_CmdParser                             0x20002d34   Data          16  at_command_parser.o(.bss)
    buffGPRMC                                0x20002d48   Data          80  gps.o(.bss)
    buffGPGGA                                0x20002d98   Data          80  gps.o(.bss)
    buffGPGSA                                0x20002de8   Data          80  gps.o(.bss)
    buffGPGSV                                0x20002e38   Data          80  gps.o(.bss)
    msgTerm                                  0x20002e88   Data          80  gps.o(.bss)
    GPS_Buff                                 0x20002ed8   Data         128  gps.o(.bss)
    gpsInfo                                  0x20002f58   Data         400  gps.o(.bss)
    lastGpsInfo                              0x200030e8   Data         400  gps.o(.bss)
    GPS_cmdCnt                               0x20003278   Data          16  gps.o(.bss)
    logRecord                                0x20003288   Data         112  db.o(.bss)
    newestLog                                0x200032f8   Data         112  db.o(.bss)
    sst25buf                                 0x20003368   Data         256  sst25.o(.bss)
    EP0Buf                                   0x20003468   Data          64  usbcore.o(.bss)
    HID_TxBuff                               0x200034a8   Data         256  hiduser.o(.bss)
    HID_RxBuff                               0x200035a8   Data          64  hiduser.o(.bss)
    HID_TxRingBuff                           0x200035e8   Data          16  hiduser.o(.bss)
    HID_RxRingBuff                           0x200035f8   Data          16  hiduser.o(.bss)
    uip_aligned_buf                          0x2000393c   Data        1516  uip.o(.bss)
    uip_conns                                0x20003f28   Data         200  uip.o(.bss)
    uip_udp_conns                            0x20003ff0   Data         100  uip.o(.bss)
    pppTxBuf                                 0x20004054   Data          89  ppp.o(.bss)
    pppUsr                                   0x200040ad   Data          16  ppp.o(.bss)
    pppPwd                                   0x200040bd   Data          16  ppp.o(.bss)
    __initial_sp                             0x200048d0   Data           0  startup_stm32f10x_md.o(STACK)



==============================================================================

Memory Map of the image

  Image Entry point : 0x080028ed

  Load Region LR_IROM1 (Base: 0x08002800, Size: 0x00016bf8, Max: 0x00020000, ABSOLUTE, COMPRESSED[0x000166cc])

    Execution Region ER_IROM1 (Base: 0x08002800, Size: 0x000165f4, Max: 0x00020000, ABSOLUTE)

    Base Addr    Size         Type   Attr      Idx    E Section Name        Object

    0x08002800   0x000000ec   Data   RO          897    RESET               startup_stm32f10x_md.o
    0x080028ec   0x00000000   Code   RO         3567  * .ARM.Collect$$$$00000000  mc_w.l(entry.o)
    0x080028ec   0x00000004   Code   RO         3927    .ARM.Collect$$$$00000001  mc_w.l(entry2.o)
    0x080028f0   0x00000004   Code   RO         3930    .ARM.Collect$$$$00000004  mc_w.l(entry5.o)
    0x080028f4   0x00000000   Code   RO         3932    .ARM.Collect$$$$00000008  mc_w.l(entry7b.o)
    0x080028f4   0x00000000   Code   RO         3934    .ARM.Collect$$$$0000000A  mc_w.l(entry8b.o)
    0x080028f4   0x00000008   Code   RO         3935    .ARM.Collect$$$$0000000B  mc_w.l(entry9a.o)
    0x080028fc   0x00000000   Code   RO         3937    .ARM.Collect$$$$0000000D  mc_w.l(entry10a.o)
    0x080028fc   0x00000000   Code   RO         3939    .ARM.Collect$$$$0000000F  mc_w.l(entry11a.o)
    0x080028fc   0x00000004   Code   RO         3928    .ARM.Collect$$$$00002712  mc_w.l(entry2.o)
    0x08002900   0x00000460   Code   RO            1    .text               main.o
    0x08002d60   0x00000a30   Code   RO          320    .text               system_config.o
    0x08003790   0x000002f0   Code   RO          355    .text               hw_config.o
    0x08003a80   0x00000f40   Code   RO          379    .text               tracker.o
    0x080049c0   0x00000390   Code   RO          455    .text               adc_task.o
    0x08004d50   0x0000054c   Code   RO          474    .text               sms_task.o
    0x0800529c   0x00000c60   Code   RO          525    .text               app_config_task.o
    0x08005efc   0x00001200   Code   RO          590    .text               database_app.o
    0x080070fc   0x00000064   Code   RO          632    .text               tick.o
    0x08007160   0x000001f4   Code   RO          661    .text               led.o
    0x08007354   0x00000060   Code   RO          743    .text               tcp_ip_task.o
    0x080073b4   0x000001f8   Code   RO          780    .text               accelerometer_task.o
    0x080075ac   0x00000164   Code   RO          800    .text               buzzer.o
    0x08007710   0x00000110   Code   RO          819    .text               usb_config_task.o
    0x08007820   0x00000148   Code   RO          835    .text               msc_init.o
    0x08007968   0x00000628   Code   RO          867    .text               tracking_server.o
    0x08007f90   0x0000001c   Code   RO          898    .text               startup_stm32f10x_md.o
    0x08007fac   0x00000140   Code   RO          913    .text               system_stm32f10x.o
    0x080080ec   0x0000012c   Code   RO          940    .text               stm32f10x_flash.o
    0x08008218   0x00000010   Code   RO         1084    .text               stm32f10x_iwdg.o
    0x08008228   0x0000021c   Code   RO         1123    .text               uart1.o
    0x08008444   0x00000198   Code   RO         1159    .text               uart2.o
    0x080085dc   0x0000020c   Code   RO         1195    .text               uart3.o
    0x080087e8   0x000003ec   Code   RO         1229    .text               i2c.o
    0x08008bd4   0x000002b0   Code   RO         1259    .text               spi.o
    0x08008e84   0x0000047c   Code   RO         1295    .text               rtc.o
    0x08009300   0x000003d0   Code   RO         1328    .text               exti.o
    0x080096d0   0x00000112   Code   RO         1347    .text               stm32f10x_gpio.o
    0x080097e2   0x00000002   PAD
    0x080097e4   0x000001dc   Code   RO         1459    .text               stm32f10x_dma.o
    0x080099c0   0x00000204   Code   RO         1588    .text               stm32f10x_adc.o
    0x08009bc4   0x00000124   Code   RO         1770    .text               stm32f10x_rcc.o
    0x08009ce8   0x0000030a   Code   RO         1932    .text               ampm_sprintf.o
    0x08009ff2   0x00000054   Code   RO         1944    .text               data_cmp.o
    0x0800a046   0x00000128   Code   RO         1959    .text               encoding.o
    0x0800a16e   0x000000ac   Code   RO         1977    .text               list.o
    0x0800a21a   0x00000002   PAD
    0x0800a21c   0x00000630   Code   RO         2013    .text               m_time.o
    0x0800a84c   0x00000094   Code   RO         2120    .text               ringbuf.o
    0x0800a8e0   0x00000314   Code   RO         2135    .text               sparser.o
    0x0800abf4   0x000000c0   Code   RO         2165    .text               sys_tick.o
    0x0800acb4   0x000001b4   Code   RO         2205    .text               sys_time.o
    0x0800ae68   0x000000e8   Code   RO         2238    .text               comm.o
    0x0800af50   0x0000014c   Code   RO         2279    .text               ampm_gsm_call.o
    0x0800b09c   0x000000f4   Code   RO         2302    .text               ampm_gsm_common.o
    0x0800b190   0x00000128   Code   RO         2323    .text               ampm_gsm_dial_up.o
    0x0800b2b8   0x000002e0   Code   RO         2340    .text               ampm_gsm_io.o
    0x0800b598   0x000005d0   Code   RO         2366    .text               ampm_gsm_main_task.o
    0x0800bb68   0x00000190   Code   RO         2390    .text               ampm_gsm_ring.o
    0x0800bcf8   0x00000940   Code   RO         2408    .text               ampm_gsm_sms.o
    0x0800c638   0x00000458   Code   RO         2429    .text               ampm_gsm_startup.o
    0x0800ca90   0x000000bc   Code   RO         2449    .text               at_command_parser.o
    0x0800cb4c   0x000003d0   Code   RO         2470    .text               pdu.o
    0x0800cf1c   0x00000e50   Code   RO         2493    .text               gps.o
    0x0800dd6c   0x00000540   Code   RO         2542    .text               db.o
    0x0800e2ac   0x000005a0   Code   RO         2579    .text               sst25.o
    0x0800e84c   0x00000124   Code   RO         2595    .text               mma7660.o
    0x0800e970   0x00000060   Code   RO         2613    .text               usbuser.o
    0x0800e9d0   0x00000460   Code   RO         2649    .text               usbhw.o
    0x0800ee30   0x000003a0   Code   RO         2705    .text               usbcore.o
    0x0800f1d0   0x0000012c   Code   RO         2770    .text               hiduser.o
    0x0800f2fc   0x000028b4   Code   RO         2793    .text               ff.o
    0x08011bb0   0x000007d0   Code   RO         2897    .text               mmc_ssp.o
    0x08012380   0x00000080   Code   RO         2951    .text               ccsbcs.o
    0x08012400   0x00000148   Code   RO         2974    .text               diskio.o
    0x08012548   0x00000360   Code   RO         2994    .text               resolv.o
    0x080128a8   0x00000034   Code   RO         2995    .text               resolv.o
    0x080128dc   0x00000090   Code   RO         3021    .text               resolver.o
    0x0801296c   0x00000002   Code   RO         3023    .text               resolver.o
    0x0801296e   0x00000002   PAD
    0x08012970   0x000000cc   Code   RO         3068    .text               tcpip.o
    0x08012a3c   0x00000040   Code   RO         3101    .text               timer.o
    0x08012a7c   0x0000130c   Code   RO         3123    .text               uip.o
    0x08013d88   0x00000174   Code   RO         3180    .text               uip_ppp.o
    0x08013efc   0x00000030   Code   RO         3196    .text               fcs.o
    0x08013f2c   0x000010f0   Code   RO         3217    .text               ppp.o
    0x0801501c   0x00000008   Code   RO         3570    .text               mc_w.l(ctype_o.o)
    0x08015024   0x00000012   Code   RO         3592    .text               mc_w.l(isspace_o.o)
    0x08015036   0x0000000c   Code   RO         3598    .text               mc_w.l(toupper.o)
    0x08015042   0x00000024   Code   RO         3600    .text               mc_w.l(memcpya.o)
    0x08015066   0x00000024   Code   RO         3602    .text               mc_w.l(memseta.o)
    0x0801508a   0x00000024   Code   RO         3604    .text               mc_w.l(strstr.o)
    0x080150ae   0x00000018   Code   RO         3606    .text               mc_w.l(strncpy.o)
    0x080150c6   0x0000000e   Code   RO         3608    .text               mc_w.l(strlen.o)
    0x080150d4   0x0000001c   Code   RO         3610    .text               mc_w.l(strcmp.o)
    0x080150f0   0x00000014   Code   RO         3612    .text               mc_w.l(memchr.o)
    0x08015104   0x0000001a   Code   RO         3614    .text               mc_w.l(memcmp.o)
    0x0801511e   0x00000012   Code   RO         3616    .text               mc_w.l(strcpy.o)
    0x08015130   0x00000038   Code   RO         3881    .text               mc_w.l(__0sscanf.o)
    0x08015168   0x00000150   Code   RO         3883    .text               mc_w.l(_scanf_int.o)
    0x080152b8   0x000000da   Code   RO         3885    .text               mc_w.l(_scanf_str.o)
    0x08015392   0x00000002   PAD
    0x08015394   0x0000033c   Code   RO         3887    .text               mc_w.l(scanf_fp.o)
    0x080156d0   0x00000070   Code   RO         3891    .text               mc_w.l(strtol.o)
    0x08015740   0x000000b0   Code   RO         3893    .text               mf_w.l(fadd.o)
    0x080157f0   0x0000006c   Code   RO         3895    .text               mf_w.l(fmul.o)
    0x0801585c   0x00000080   Code   RO         3897    .text               mf_w.l(fdiv.o)
    0x080158dc   0x0000014e   Code   RO         3899    .text               mf_w.l(dadd.o)
    0x08015a2a   0x000000e4   Code   RO         3901    .text               mf_w.l(dmul.o)
    0x08015b0e   0x000000de   Code   RO         3903    .text               mf_w.l(ddiv.o)
    0x08015bec   0x00000012   Code   RO         3905    .text               mf_w.l(fflti.o)
    0x08015bfe   0x0000000a   Code   RO         3907    .text               mf_w.l(ffltui.o)
    0x08015c08   0x0000001a   Code   RO         3909    .text               mf_w.l(dfltui.o)
    0x08015c22   0x00000028   Code   RO         3911    .text               mf_w.l(ffixui.o)
    0x08015c4a   0x00000026   Code   RO         3915    .text               mf_w.l(f2d.o)
    0x08015c70   0x00000028   Code   RO         3917    .text               mf_w.l(cdcmple.o)
    0x08015c98   0x00000028   Code   RO         3919    .text               mf_w.l(cdrcmple.o)
    0x08015cc0   0x00000038   Code   RO         3921    .text               mf_w.l(d2f.o)
    0x08015cf8   0x00000014   Code   RO         3923    .text               mf_w.l(cfcmple.o)
    0x08015d0c   0x00000014   Code   RO         3925    .text               mf_w.l(cfrcmple.o)
    0x08015d20   0x0000002c   Code   RO         3944    .text               mc_w.l(uidiv.o)
    0x08015d4c   0x00000062   Code   RO         3946    .text               mc_w.l(uldiv.o)
    0x08015dae   0x0000001e   Code   RO         3948    .text               mc_w.l(llshl.o)
    0x08015dcc   0x00000020   Code   RO         3950    .text               mc_w.l(llushr.o)
    0x08015dec   0x00000024   Code   RO         3952    .text               mc_w.l(llsshr.o)
    0x08015e10   0x0000001c   Code   RO         3961    .text               mc_w.l(_chval.o)
    0x08015e2c   0x00000028   Code   RO         3963    .text               mc_w.l(scanf_char.o)
    0x08015e54   0x00000040   Code   RO         3965    .text               mc_w.l(_sgetc.o)
    0x08015e94   0x0000009e   Code   RO         3967    .text               mc_w.l(_strtoul.o)
    0x08015f32   0x00000002   PAD
    0x08015f34   0x0000009c   Code   RO         3969    .text               mc_w.l(strtod.o)
    0x08015fd0   0x00000000   Code   RO         3971    .text               mc_w.l(iusefp.o)
    0x08015fd0   0x0000006c   Code   RO         3972    .text               mf_w.l(fepilogue.o)
    0x0801603c   0x000000be   Code   RO         3974    .text               mf_w.l(depilogue.o)
    0x080160fa   0x00000018   Code   RO         3976    .text               mf_w.l(dfltul.o)
    0x08016112   0x00000030   Code   RO         3978    .text               mf_w.l(dfixul.o)
    0x08016142   0x00000002   PAD
    0x08016144   0x00000024   Code   RO         3980    .text               mc_w.l(init.o)
    0x08016168   0x0000032c   Code   RO         3985    .text               mc_w.l(_scanf.o)
    0x08016494   0x0000005c   Code   RO         3999    .text               mc_w.l(__dczerorl2.o)
    0x080164f0   0x00000110   Code   RO         2730    i.USB_ReqGetDescriptor  usbcore.o
    0x08016600   0x000000c0   Code   RO         2718    i.USB_ReqGetStatus  usbcore.o
    0x080166c0   0x000000ec   Code   RO         2724    i.USB_ReqSetClrFeature  usbcore.o
    0x080167ac   0x000001b8   Code   RO         2736    i.USB_ReqSetConfiguration  usbcore.o
    0x08016964   0x00000130   Code   RO         2742    i.USB_ReqSetInterface  usbcore.o
    0x08016a94   0x00000028   Code   RO         3855    i.__0sprintf        mc_w.l(printfa.o)
    0x08016abc   0x00000024   Code   RO         3859    i.__0vsprintf       mc_w.l(printfa.o)
    0x08016ae0   0x00000008   Code   RO         3954    i.__aeabi_errno_addr  mc_w.l(errno.o)
    0x08016ae8   0x0000000e   Code   RO         3993    i.__scatterload_copy  mc_w.l(handlers.o)
    0x08016af6   0x00000002   Code   RO         3994    i.__scatterload_null  mc_w.l(handlers.o)
    0x08016af8   0x0000000e   Code   RO         3995    i.__scatterload_zeroinit  mc_w.l(handlers.o)
    0x08016b06   0x00000002   PAD
    0x08016b08   0x0000015c   Code   RO         3860    i._fp_digits        mc_w.l(printfa.o)
    0x08016c64   0x0000000e   Code   RO         3889    i._is_digit         mc_w.l(scanf_fp.o)
    0x08016c72   0x00000002   PAD
    0x08016c74   0x000006f0   Code   RO         3861    i._printf_core      mc_w.l(printfa.o)
    0x08017364   0x00000026   Code   RO         3862    i._printf_post_padding  mc_w.l(printfa.o)
    0x0801738a   0x00000030   Code   RO         3863    i._printf_pre_padding  mc_w.l(printfa.o)
    0x080173ba   0x0000000a   Code   RO         3865    i._sputc            mc_w.l(printfa.o)
    0x080173c4   0x000000dc   Code   RO         3560    i.floor             m_ws.l(floor.o)
    0x080174a0   0x0000001c   Code   RO         3564    i.strtod            m_ws.l(strtod.o)
    0x080174bc   0x00000015   Data   RO          476    .constdata          sms_task.o
    0x080174d1   0x00000003   PAD
    0x080174d4   0x00000004   Data   RO         1297    .constdata          rtc.o
    0x080174d8   0x00000060   Data   RO         2015    .constdata          m_time.o
    0x08017538   0x00000124   Data   RO         2304    .constdata          ampm_gsm_common.o
    0x0801765c   0x000000a4   Data   RO         2324    .constdata          ampm_gsm_dial_up.o
    0x08017700   0x00000994   Data   RO         2369    .constdata          ampm_gsm_main_task.o
    0x08018094   0x0000021c   Data   RO         2410    .constdata          ampm_gsm_sms.o
    0x080182b0   0x00000008   Data   RO         2431    .constdata          ampm_gsm_startup.o
    0x080182b8   0x0000003f   Data   RO         2451    .constdata          at_command_parser.o
    0x080182f7   0x00000001   PAD
    0x080182f8   0x00000050   Data   RO         2498    .constdata          gps.o
    0x08018348   0x00000008   Data   RO         2615    .constdata          usbuser.o
    0x08018350   0x00000134   Data   RO         2680    .constdata          usbdesc.o
    0x08018484   0x000000dc   Data   RO         2809    .constdata          ff.o
    0x08018560   0x000004c0   Data   RO         2952    .constdata          ccsbcs.o
    0x08018a20   0x00000008   Data   RO         3129    .constdata          uip.o
    0x08018a28   0x00000200   Data   RO         3198    .constdata          fcs.o
    0x08018c28   0x00000081   Data   RO         3571    .constdata          mc_w.l(ctype_o.o)
    0x08018ca9   0x00000003   PAD
    0x08018cac   0x00000004   Data   RO         3572    .constdata          mc_w.l(ctype_o.o)
    0x08018cb0   0x00000092   Data   RO         2305    .conststring        ampm_gsm_common.o
    0x08018d42   0x00000009   Data   RO         2343    .conststring        ampm_gsm_io.o
    0x08018d4b   0x00000018   Data   RO         2411    .conststring        ampm_gsm_sms.o
    0x08018d63   0x0000004b   Data   RO         2452    .conststring        at_command_parser.o
    0x08018dae   0x00000025   Data   RO         2810    .conststring        ff.o
    0x08018dd3   0x00000001   PAD
    0x08018dd4   0x00000020   Data   RO         3991    Region$$Table       anon$$obj.o


    Execution Region RW_IRAM1 (Base: 0x20000000, Size: 0x000048d0, Max: 0x00005000, ABSOLUTE, COMPRESSED[0x000000d8])

    Base Addr    Size         Type   Attr      Idx    E Section Name        Object

    0x20000000   0x0000021c   Data   RW            5    .data               main.o
    0x2000021c   0x00000006   Data   RW          323    .data               system_config.o
    0x20000222   0x00000002   PAD
    0x20000224   0x00000058   Data   RW          384    .data               tracker.o
    0x2000027c   0x00000024   Data   RW          457    .data               adc_task.o
    0x200002a0   0x00000005   Data   RW          477    .data               sms_task.o
    0x200002a5   0x00000003   PAD
    0x200002a8   0x00000028   Data   RW          528    .data               app_config_task.o
    0x200002d0   0x00000009   Data   RW          592    .data               database_app.o
    0x200002d9   0x00000007   PAD
    0x200002e0   0x00000014   Data   RW          663    .data               led.o
    0x200002f4   0x00000009   Data   RW          745    .data               tcp_ip_task.o
    0x200002fd   0x00000003   PAD
    0x20000300   0x00000022   Data   RW          781    .data               accelerometer_task.o
    0x20000322   0x00000002   PAD
    0x20000324   0x0000000c   Data   RW          801    .data               buzzer.o
    0x20000330   0x00000034   Data   RW          869    .data               tracking_server.o
    0x20000364   0x00000014   Data   RW          915    .data               system_stm32f10x.o
    0x20000378   0x00000024   Data   RW         1298    .data               rtc.o
    0x2000039c   0x00000014   Data   RW         1779    .data               stm32f10x_rcc.o
    0x200003b0   0x0000000c   Data   RW         2016    .data               m_time.o
    0x200003bc   0x00000001   Data   RW         2136    .data               sparser.o
    0x200003bd   0x00000003   PAD
    0x200003c0   0x00000010   Data   RW         2168    .data               sys_tick.o
    0x200003d0   0x00000024   Data   RW         2208    .data               sys_time.o
    0x200003f4   0x00000008   Data   RW         2242    .data               comm.o
    0x200003fc   0x00000001   Data   RW         2281    .data               ampm_gsm_call.o
    0x200003fd   0x00000003   PAD
    0x20000400   0x00000009   Data   RW         2306    .data               ampm_gsm_common.o
    0x20000409   0x00000002   Data   RW         2326    .data               ampm_gsm_dial_up.o
    0x2000040b   0x00000001   PAD
    0x2000040c   0x00000028   Data   RW         2344    .data               ampm_gsm_io.o
    0x20000434   0x00000014   Data   RW         2370    .data               ampm_gsm_main_task.o
    0x20000448   0x00000007   Data   RW         2391    .data               ampm_gsm_ring.o
    0x2000044f   0x00000001   PAD
    0x20000450   0x00000040   Data   RW         2412    .data               ampm_gsm_sms.o
    0x20000490   0x00000010   Data   RW         2432    .data               ampm_gsm_startup.o
    0x200004a0   0x00000013   Data   RW         2453    .data               at_command_parser.o
    0x200004b3   0x00000001   PAD
    0x200004b4   0x00000028   Data   RW         2499    .data               gps.o
    0x200004dc   0x00000010   Data   RW         2547    .data               db.o
    0x200004ec   0x00000008   Data   RW         2581    .data               sst25.o
    0x200004f4   0x00000008   Data   RW         2596    .data               mma7660.o
    0x200004fc   0x00000004   Data   RW         2616    .data               usbuser.o
    0x20000500   0x00000006   Data   RW         2652    .data               usbhw.o
    0x20000506   0x00000002   PAD
    0x20000508   0x00000008   Data   RW         2681    .data               usbdesc.o
    0x20000510   0x00000028   Data   RW         2707    .data               usbcore.o
    0x20000538   0x00000003   Data   RW         2772    .data               hiduser.o
    0x2000053b   0x00000001   PAD
    0x2000053c   0x00000006   Data   RW         2811    .data               ff.o
    0x20000542   0x00000002   PAD
    0x20000544   0x00000019   Data   RW         2904    .data               mmc_ssp.o
    0x2000055d   0x00000003   PAD
    0x20000560   0x00000011   Data   RW         2998    .data               resolv.o
    0x20000571   0x00000007   PAD
    0x20000578   0x00000009   Data   RW         3024    .data               resolver.o
    0x20000581   0x00000003   Data   RW         3073    .data               tcpip.o
    0x20000584   0x00000004   Data   RW         3103    .data               timer.o
    0x20000588   0x00000040   Data   RW         3130    .data               uip.o
    0x200005c8   0x0000000c   Data   RW         3182    .data               uip_ppp.o
    0x200005d4   0x0000002b   Data   RW         3219    .data               ppp.o
    0x200005ff   0x00000001   PAD
    0x20000600   0x00000004   Data   RW         3957    .data               mc_w.l(errno.o)
    0x20000604   0x00000024   Zero   RW            4    .bss                main.o
    0x20000628   0x0000064a   Zero   RW          322    .bss                system_config.o
    0x20000c72   0x00000002   PAD
    0x20000c74   0x00000020   Zero   RW          357    .bss                hw_config.o
    0x20000c94   0x000000d8   Zero   RW          383    .bss                tracker.o
    0x20000d6c   0x0000000c   Zero   RW          456    .bss                adc_task.o
    0x20000d78   0x00000358   Zero   RW          475    .bss                sms_task.o
    0x200010d0   0x00000444   Zero   RW          527    .bss                app_config_task.o
    0x20001514   0x000002dc   Zero   RW          591    .bss                database_app.o
    0x200017f0   0x00000060   Zero   RW          662    .bss                led.o
    0x20001850   0x00000018   Zero   RW          744    .bss                tcp_ip_task.o
    0x20001868   0x0000004e   Zero   RW          820    .bss                usb_config_task.o
    0x200018b6   0x00000002   PAD
    0x200018b8   0x00000334   Zero   RW          836    .bss                msc_init.o
    0x20001bec   0x0000043c   Zero   RW          868    .bss                tracking_server.o
    0x20002028   0x00000520   Zero   RW         1126    .bss                uart1.o
    0x20002548   0x00000090   Zero   RW         1163    .bss                uart2.o
    0x200025d8   0x000002a0   Zero   RW         1198    .bss                uart3.o
    0x20002878   0x00000010   Zero   RW         2280    .bss                ampm_gsm_call.o
    0x20002888   0x00000010   Zero   RW         2303    .bss                ampm_gsm_common.o
    0x20002898   0x000001e8   Zero   RW         2342    .bss                ampm_gsm_io.o
    0x20002a80   0x00000054   Zero   RW         2368    .bss                ampm_gsm_main_task.o
    0x20002ad4   0x0000015c   Zero   RW         2409    .bss                ampm_gsm_sms.o
    0x20002c30   0x000000f4   Zero   RW         2430    .bss                ampm_gsm_startup.o
    0x20002d24   0x00000020   Zero   RW         2450    .bss                at_command_parser.o
    0x20002d44   0x00000004   PAD
    0x20002d48   0x00000540   Zero   RW         2497    .bss                gps.o
    0x20003288   0x000000e0   Zero   RW         2546    .bss                db.o
    0x20003368   0x00000100   Zero   RW         2580    .bss                sst25.o
    0x20003468   0x00000040   Zero   RW         2706    .bss                usbcore.o
    0x200034a8   0x00000160   Zero   RW         2771    .bss                hiduser.o
    0x20003608   0x00000200   Zero   RW         2808    .bss                ff.o
    0x20003808   0x00000128   Zero   RW         2997    .bss                resolv.o
    0x20003930   0x0000000c   Zero   RW         3072    .bss                tcpip.o
    0x2000393c   0x00000718   Zero   RW         3128    .bss                uip.o
    0x20004054   0x00000079   Zero   RW         3218    .bss                ppp.o
    0x200040cd   0x00000003   PAD
    0x200040d0   0x00000800   Zero   RW          895    STACK               startup_stm32f10x_md.o


==============================================================================

Image component sizes


      Code (inc. data)   RO Data    RW Data    ZI Data      Debug   Object Name

       504         68          0         34          0       1869   accelerometer_task.o
       912         84          0         36         12       2074   adc_task.o
       332          0          0          1         16       2394   ampm_gsm_call.o
       244         38        438          9         16       2031   ampm_gsm_common.o
       296         48        164          2          0       2448   ampm_gsm_dial_up.o
       736         66          9         40        488       5288   ampm_gsm_io.o
      1488        242       2452         20         84       4205   ampm_gsm_main_task.o
       400         30          0          7          0       2716   ampm_gsm_ring.o
      2368        266        564         64        348      10222   ampm_gsm_sms.o
      1112        168          8         16        244       3685   ampm_gsm_startup.o
       778          0          0          0          0       2301   ampm_sprintf.o
      3168        182          0         40       1092      31710   app_config_task.o
       188         34        138         19         32       2152   at_command_parser.o
       356         36          0         12          0      16349   buzzer.o
       128         12       1216          0          0       1909   ccsbcs.o
       232         14          0          8          0       2383   comm.o
        84          0          0          0          0       1476   data_cmp.o
      4608        690          0          9        732      11021   database_app.o
      1344         18          0         16        224       6430   db.o
       328          6          0          0          0       2542   diskio.o
       296          0          0          0          0       2141   encoding.o
       976         38          0          0          0      16948   exti.o
        48          4        512          0          0        999   fcs.o
     10420        140        257          6        512      30141   ff.o
         0          0          0          0          0        392   firmware_task.o
      3664        368         80         40       1344      12529   gps.o
       300         36          0          3        352       2831   hiduser.o
       752         12          0          0         32       9035   hw_config.o
      1004         20          0          0          0       2573   i2c.o
       500         32          0         20         96       3133   led.o
       172          0          0          0          0       2289   list.o
      1584         28         96         12          0       2687   m_time.o
      1120        160          0        540         36     296640   main.o
       292          8          0          8          0       1606   mma7660.o
      2000         76          0         25          0       6855   mmc_ssp.o
       328         56          0          0        820       5188   msc_init.o
       976          0          0          0          0       3598   pdu.o
      4336        414          0         43        121       8927   ppp.o
       916         62          0         17        296       4354   resolv.o
       146         22          0          9          0      16323   resolver.o
       148          0          0          0          0       1631   ringbuf.o
      1148        166          4         36          0       4228   rtc.o
      1356        258         21          5        856       5584   sms_task.o
       788         12          0          1          0       3583   sparser.o
       688         22          0          0          0       2028   spi.o
      1440         34          0          8        256       4927   sst25.o
        28          4        236          0       2048        876   startup_stm32f10x_md.o
       516         20          0          0          0       4929   stm32f10x_adc.o
       476          8          0          0          0       3214   stm32f10x_dma.o
       300         14          0          0          0       3064   stm32f10x_flash.o
       274          0          0          0          0       1976   stm32f10x_gpio.o
        16          6          0          0          0        477   stm32f10x_iwdg.o
       292         22          0         20          0       3928   stm32f10x_rcc.o
       192         12          0         16          0       2519   sys_tick.o
       436         18          0         36          0       3121   sys_time.o
      2608        172          0          6       1610      10711   system_config.o
       320         24          0         20          0       1621   system_stm32f10x.o
        96         18          0          9         24       2130   tcp_ip_task.o
       204         20          0          3         12       3092   tcpip.o
       100         14          0          0          0      15811   tick.o
        64          4          0          4          0       1436   timer.o
      3904        664          0         88        216       9765   tracker.o
      1576        220          0         52       1084       4926   tracking_server.o
       540         40          0          0       1312      17514   uart1.o
       408         36          0          0        144       1882   uart2.o
       524         42          0          0        672       2461   uart3.o
      4876        244          8         64       1816      20711   uip.o
       372         46          0         12          0       1825   uip_ppp.o
       272         32          0          0         78       1828   usb_config_task.o
      2372        228          0         40         64      13459   usbcore.o
         0          0        308          8          0        967   usbdesc.o
      1120         48          0          6          0       5184   usbhw.o
        96         10          8          4          0       1667   usbuser.o

    ----------------------------------------------------------------------
     76992       5936       6556       1536      17100     707469   Object Totals
         0          0         32          0          0          0   (incl. Generated)
         6          0          5         42         11          0   (incl. Padding)

    ----------------------------------------------------------------------

      Code (inc. data)   RO Data    RW Data    ZI Data      Debug   Library Member Name

       220         16          0          0          0         84   floor.o
        28          0          0          0          0         80   strtod.o
        56          8          0          0          0         84   __0sscanf.o
        92          0          0          0          0          0   __dczerorl2.o
        28          0          0          0          0         68   _chval.o
       812          6          0          0          0        112   _scanf.o
       336          0          0          0          0         96   _scanf_int.o
       218          0          0          0          0         96   _scanf_str.o
        64          0          0          0          0         84   _sgetc.o
       158          0          0          0          0         92   _strtoul.o
         8          4        133          0          0         68   ctype_o.o
         0          0          0          0          0          0   entry.o
         0          0          0          0          0          0   entry10a.o
         0          0          0          0          0          0   entry11a.o
         8          4          0          0          0          0   entry2.o
         4          0          0          0          0          0   entry5.o
         0          0          0          0          0          0   entry7b.o
         0          0          0          0          0          0   entry8b.o
         8          4          0          0          0          0   entry9a.o
         8          4          0          4          0         68   errno.o
        30          0          0          0          0          0   handlers.o
        36          8          0          0          0         68   init.o
        18          0          0          0          0         76   isspace_o.o
         0          0          0          0          0          0   iusefp.o
        30          0          0          0          0         68   llshl.o
        36          0          0          0          0         68   llsshr.o
        32          0          0          0          0         68   llushr.o
        20          0          0          0          0         68   memchr.o
        26          0          0          0          0         80   memcmp.o
        36          0          0          0          0         68   memcpya.o
        36          0          0          0          0        108   memseta.o
      2296         92          0          0          0        592   printfa.o
        40          8          0          0          0         84   scanf_char.o
       842         12          0          0          0        216   scanf_fp.o
        28          0          0          0          0         76   strcmp.o
        18          0          0          0          0         68   strcpy.o
        14          0          0          0          0         68   strlen.o
        24          0          0          0          0         76   strncpy.o
        36          0          0          0          0         80   strstr.o
       156         14          0          0          0        120   strtod.o
       112          0          0          0          0         88   strtol.o
        12          0          0          0          0         68   toupper.o
        44          0          0          0          0         80   uidiv.o
        98          0          0          0          0         92   uldiv.o
        40          2          0          0          0         68   cdcmple.o
        40          2          0          0          0         68   cdrcmple.o
        20          0          0          0          0         68   cfcmple.o
        20          0          0          0          0         68   cfrcmple.o
        56          0          0          0          0         88   d2f.o
       334          0          0          0          0        148   dadd.o
       222          0          0          0          0        100   ddiv.o
       190          0          0          0          0        176   depilogue.o
        48          0          0          0          0         68   dfixul.o
        26          0          0          0          0         76   dfltui.o
        24          0          0          0          0         76   dfltul.o
       228          0          0          0          0         96   dmul.o
        38          0          0          0          0         68   f2d.o
       176          0          0          0          0        140   fadd.o
       128          0          0          0          0         88   fdiv.o
       108          0          0          0          0        168   fepilogue.o
        40          0          0          0          0         68   ffixui.o
        18          0          0          0          0         68   fflti.o
        10          0          0          0          0         68   ffltui.o
       108          0          0          0          0         76   fmul.o

    ----------------------------------------------------------------------
      7952        184        136          4          0       5156   Library Totals
        10          0          3          0          0          0   (incl. Padding)

    ----------------------------------------------------------------------

      Code (inc. data)   RO Data    RW Data    ZI Data      Debug   Library Name

       248         16          0          0          0        164   m_ws.l
      5820        164        133          4          0       3148   mc_w.l
      1874          4          0          0          0       1844   mf_w.l

    ----------------------------------------------------------------------
      7952        184        136          4          0       5156   Library Totals

    ----------------------------------------------------------------------

==============================================================================


      Code (inc. data)   RO Data    RW Data    ZI Data      Debug   

     84944       6120       6692       1540      17100     703213   Grand Totals
     84944       6120       6692        216      17100     703213   ELF Image Totals (compressed)
     84944       6120       6692        216          0          0   ROM Totals

==============================================================================

    Total RO  Size (Code + RO Data)                91636 (  89.49kB)
    Total RW  Size (RW Data + ZI Data)             18640 (  18.20kB)
    Total ROM Size (Code + RO Data + RW Data)      91852 (  89.70kB)

==============================================================================

