ARM Linker, 5.03 [Build 76] [MDK-ARM Standard]

==============================================================================

Section Cross References

    main.o(.text) refers to sms_task.o(.text) for CMD_CfgParse
    main.o(.text) refers to ampm_gsm_main_task.o(.text) for AMPM_GSM_Init
    main.o(.text) refers to tcp_ip_task.o(.text) for vTcpIpTaskInit
    main.o(.text) refers to sys_tick.o(.text) for InitTimeout
    main.o(.text) refers to tracker.o(.text) for GetDataFromLog
    main.o(.text) refers to usb_config_task.o(.text) for UsbConfigTask
    main.o(.text) refers to adc_task.o(.text) for ADC_Task
    main.o(.text) refers to system_config.o(.text) for ResetMcuTask
    main.o(.text) refers to camera.o(.text) for CAM_Input
    main.o(.text) refers to ringbuf.o(.text) for RINGBUF_Get
    main.o(.text) refers to strstr.o(.text) for strstr
    main.o(.text) refers to strcpy.o(.text) for strcpy
    main.o(.text) refers to hw_config.o(.text) for IO_Control
    main.o(.text) refers to accelerometer_task.o(.text) for Accelerometer_Task_MMA7660
    main.o(.text) refers to app_config_task.o(.text) for LoadFirmwareFile
    main.o(.text) refers to system_stm32f10x.o(.text) for SystemInit
    main.o(.text) refers to tick.o(.text) for TICK_Init
    main.o(.text) refers to rtc.o(.text) for RTC_Init
    main.o(.text) refers to exti.o(.text) for EXTI_Init
    main.o(.text) refers to led.o(.text) for IO_ToggleInit
    main.o(.text) refers to sst25.o(.text) for SST25_Init
    main.o(.text) refers to database_app.o(.text) for DB_FlashMemInit
    main.o(.text) refers to uart1.o(.text) for USART1_Init
    main.o(.text) refers to gps.o(.text) for GPSInit
    main.o(.text) refers to uart2.o(.text) for USART2_Init
    main.o(.text) refers to uart3.o(.text) for USART3_Init
    main.o(.text) refers to usbhw.o(.text) for USB_Init
    main.o(.text) refers to system_config.o(.bss) for sysCfg
    main.o(.text) refers to main.o(.bss) for tAppTimeout
    main.o(.text) refers to main.o(.data) for mainCnt
    main.o(.text) refers to rtc.o(.data) for watchdogFeed
    main.o(.text) refers to sys_time.o(.data) for rtcTimeSec
    main.o(.text) refers to uart3.o(.bss) for USART3_RxRingBuff
    main.o(.text) refers to camera.o(.data) for cameraSnapShotCnt
    main.o(.text) refers to ampm_gsm_startup.o(.data) for flagGotIMEI
    main.o(.text) refers to ampm_gsm_startup.o(.bss) for gsmIMEIBuf
    main.o(.text) refers to hw_config.o(.bss) for ioStatus
    main.o(.text) refers to tracker.o(.data) for sendStatus
    main.o(.text) refers to system_stm32f10x.o(.data) for SystemCoreClock
    main.o(.text) refers to led.o(.bss) for buzzer1Ctrl
    main.o(.text) refers to stm32f10x_iwdg.o(.text) for IWDG_WriteAccessCmd
    system_config.o(.text) refers to database_app.o(.text) for DB_SaveAll
    system_config.o(.text) refers to sys_tick.o(.text) for InitTimeout
    system_config.o(.text) refers to memcpya.o(.text) for __aeabi_memcpy4
    system_config.o(.text) refers to memcmp.o(.text) for memcmp
    system_config.o(.text) refers to stm32f10x_flash.o(.text) for FLASH_Unlock
    system_config.o(.text) refers to rtc.o(.text) for RTC_GetCounter
    system_config.o(.text) refers to memseta.o(.text) for __aeabi_memset
    system_config.o(.text) refers to strcpy.o(.text) for strcpy
    system_config.o(.text) refers to system_config.o(.data) for sysResetMcuFlag
    system_config.o(.text) refers to system_config.o(.bss) for tMcuResetTimeout
    hw_config.o(.text) refers to hw_config.o(.bss) for ioStatus
    tracker.o(.text) refers to db.o(.text) for DB_InitLog
    tracker.o(.text) refers to msc_init.o(.text) for mscInit
    tracker.o(.text) refers to gps.o(.text) for GPS_GetInfo
    tracker.o(.text) refers to sys_time.o(.text) for TIME_FromGps
    tracker.o(.text) refers to cdcmple.o(.text) for __aeabi_cdcmpeq
    tracker.o(.text) refers to cdrcmple.o(.text) for __aeabi_cdrcmple
    tracker.o(.text) refers to dfltui.o(.text) for __aeabi_ui2d
    tracker.o(.text) refers to sys_tick.o(.text) for CheckTimeout
    tracker.o(.text) refers to memcpya.o(.text) for __aeabi_memcpy4
    tracker.o(.text) refers to database_app.o(.text) for DB_Print
    tracker.o(.text) refers to d2f.o(.text) for __aeabi_d2f
    tracker.o(.text) refers to cfcmple.o(.text) for __aeabi_cfcmple
    tracker.o(.text) refers to fdiv.o(.text) for __aeabi_fdiv
    tracker.o(.text) refers to fadd.o(.text) for __aeabi_fadd
    tracker.o(.text) refers to ffltui.o(.text) for __aeabi_ui2f
    tracker.o(.text) refers to db.o(.bss) for logRecord
    tracker.o(.text) refers to tracker.o(.data) for trackerTaskRun
    tracker.o(.text) refers to db.o(.data) for ringLog
    tracker.o(.text) refers to tracker.o(.bss) for logSend
    tracker.o(.text) refers to msc_init.o(.bss) for sdfs
    tracker.o(.text) refers to mmc_ssp.o(.data) for disk_memory_size
    tracker.o(.text) refers to gps.o(.bss) for gpsInfo
    tracker.o(.text) refers to sys_time.o(.data) for sysTime
[...]
    __aeabi_ul2d                             0x0801d3eb   Thumb Code    24  dfltul.o(.text)
    __aeabi_d2ulz                            0x0801d403   Thumb Code    48  dfixul.o(.text)
    __scatterload                            0x0801d435   Thumb Code    28  init.o(.text)
    __scatterload_rt2                        0x0801d435   Thumb Code     0  init.o(.text)
    __vfscanf                                0x0801d459   Thumb Code   806  _scanf.o(.text)
    __decompress                             0x0801d785   Thumb Code     0  __dczerorl2.o(.text)
    __decompress1                            0x0801d785   Thumb Code    92  __dczerorl2.o(.text)
    USB_ReqGetDescriptor                     0x0801d7e1   Thumb Code   242  usbcore.o(i.USB_ReqGetDescriptor)
    USB_ReqGetStatus                         0x0801d8f1   Thumb Code   160  usbcore.o(i.USB_ReqGetStatus)
    USB_ReqSetClrFeature                     0x0801d9b1   Thumb Code   210  usbcore.o(i.USB_ReqSetClrFeature)
    USB_ReqSetConfiguration                  0x0801da9d   Thumb Code   402  usbcore.o(i.USB_ReqSetConfiguration)
    USB_ReqSetInterface                      0x0801dc55   Thumb Code   280  usbcore.o(i.USB_ReqSetInterface)
    __0sprintf                               0x0801dd85   Thumb Code    34  printfa.o(i.__0sprintf)
    __1sprintf                               0x0801dd85   Thumb Code     0  printfa.o(i.__0sprintf)
    __2sprintf                               0x0801dd85   Thumb Code     0  printfa.o(i.__0sprintf)
    __c89sprintf                             0x0801dd85   Thumb Code     0  printfa.o(i.__0sprintf)
    sprintf                                  0x0801dd85   Thumb Code     0  printfa.o(i.__0sprintf)
    __0vsprintf                              0x0801ddad   Thumb Code    30  printfa.o(i.__0vsprintf)
    __1vsprintf                              0x0801ddad   Thumb Code     0  printfa.o(i.__0vsprintf)
    __2vsprintf                              0x0801ddad   Thumb Code     0  printfa.o(i.__0vsprintf)
    __c89vsprintf                            0x0801ddad   Thumb Code     0  printfa.o(i.__0vsprintf)
    vsprintf                                 0x0801ddad   Thumb Code     0  printfa.o(i.__0vsprintf)
    __aeabi_errno_addr                       0x0801ddd1   Thumb Code     4  errno.o(i.__aeabi_errno_addr)
    __rt_errno_addr                          0x0801ddd1   Thumb Code     0  errno.o(i.__aeabi_errno_addr)
    __scatterload_copy                       0x0801ddd9   Thumb Code    14  handlers.o(i.__scatterload_copy)
    __scatterload_null                       0x0801dde7   Thumb Code     2  handlers.o(i.__scatterload_null)
    __scatterload_zeroinit                   0x0801dde9   Thumb Code    14  handlers.o(i.__scatterload_zeroinit)
    _is_digit                                0x0801df55   Thumb Code    14  scanf_fp.o(i._is_digit)
    floor                                    0x0801e6b5   Thumb Code   204  floor.o(i.floor)
    strtod                                   0x0801e791   Thumb Code    28  strtod.o(i.strtod)
    smsReplyOk                               0x0801e7ac   Data          14  sms_task.o(.constdata)
    addrString                               0x0801e7ba   Data           7  sms_task.o(.constdata)
    watchdogCntValueMax                      0x0801e7c4   Data           4  rtc.o(.constdata)
    _ytab                                    0x0801e7c8   Data          96  m_time.o(.constdata)
    ampmAtCmd_AT                             0x0801e828   Data          24  ampm_gsm_common.o(.constdata)
    ampmAtCmd_AT_CHLD                        0x0801e840   Data          24  ampm_gsm_common.o(.constdata)
    ampmAtCmd_ATH                            0x0801e858   Data          24  ampm_gsm_common.o(.constdata)
    ampmAtCmd_AT_CSQ                         0x0801e870   Data          24  ampm_gsm_common.o(.constdata)
    ampmAtCmd_AT_CLIP                        0x0801e888   Data          24  ampm_gsm_common.o(.constdata)
    ampmAtCmd_AT_CMGF_1                      0x0801e8a0   Data          24  ampm_gsm_common.o(.constdata)
    ampmAtCmd_AT_CMGF_0                      0x0801e8b8   Data          24  ampm_gsm_common.o(.constdata)
    ampmAtCmd_AT_CMGL                        0x0801e8d0   Data          24  ampm_gsm_common.o(.constdata)
    ampmAtCmd_AT_CGACT                       0x0801e8e8   Data          24  ampm_gsm_common.o(.constdata)
    ampmAtCmd_AT_DIALUP                      0x0801e900   Data          24  ampm_gsm_common.o(.constdata)
    ampmAtCmd_AT_CREG                        0x0801e918   Data          24  ampm_gsm_common.o(.constdata)
    ampmCmdProcess_AT                        0x0801e930   Data          28  ampm_gsm_common.o(.constdata)
    ampmAtCmd_AT_CGDCONT                     0x0801e94c   Data          24  ampm_gsm_dial_up.o(.constdata)
    dialupCmdProcess_4                       0x0801e964   Data          28  ampm_gsm_dial_up.o(.constdata)
    dialupCmdProcess_3                       0x0801e980   Data          28  ampm_gsm_dial_up.o(.constdata)
    dialupCmdProcess_2                       0x0801e99c   Data          28  ampm_gsm_dial_up.o(.constdata)
    dialupCmdProcess_1                       0x0801e9b8   Data          28  ampm_gsm_dial_up.o(.constdata)
    dialupCmdProcess_0                       0x0801e9d4   Data          28  ampm_gsm_dial_up.o(.constdata)
    ampm_AtGsmCmdStartEHS5                   0x0801e9f0   Data         739  ampm_gsm_main_task.o(.constdata)
    ampm_AtGsmCmdStartBG2_E                  0x0801ecd3   Data         465  ampm_gsm_main_task.o(.constdata)
    ampm_AtGsmCmdStartBGS2_E                 0x0801eea4   Data         465  ampm_gsm_main_task.o(.constdata)
    ampm_AtGsmCmdStartM95                    0x0801f075   Data         373  ampm_gsm_main_task.o(.constdata)
    ampm_AtGsmCmdStartUbloxG100              0x0801f1ea   Data         376  ampm_gsm_main_task.o(.constdata)
    ampmMainCmdProcess_CHLD                  0x0801f364   Data          28  ampm_gsm_main_task.o(.constdata)
    smsRecvCmd_AT_CMGR                       0x0801f380   Data          24  ampm_gsm_sms.o(.constdata)
    smsRecvCmd_AT_CMGD                       0x0801f398   Data          24  ampm_gsm_sms.o(.constdata)
    smsRecvCmdProcess_end                    0x0801f3b0   Data          28  ampm_gsm_sms.o(.constdata)
    smsRecvCmdProcess_5                      0x0801f3cc   Data          28  ampm_gsm_sms.o(.constdata)
    smsRecvCmdProcess_4                      0x0801f3e8   Data          28  ampm_gsm_sms.o(.constdata)
    smsRecvCmdProcess_3                      0x0801f404   Data          28  ampm_gsm_sms.o(.constdata)
    smsRecvCmdProcess_2                      0x0801f420   Data          28  ampm_gsm_sms.o(.constdata)
    smsRecvCmdProcess_1                      0x0801f43c   Data          28  ampm_gsm_sms.o(.constdata)
    smsRecvCmdProcess_0                      0x0801f458   Data          28  ampm_gsm_sms.o(.constdata)
    smsSendCmd_AT_CSCA                       0x0801f474   Data          24  ampm_gsm_sms.o(.constdata)
    smsSendCmd_AT_CMGS                       0x0801f48c   Data          24  ampm_gsm_sms.o(.constdata)
    smsSendMessage                           0x0801f4a4   Data          24  ampm_gsm_sms.o(.constdata)
    smsSendCmdProcess_end                    0x0801f4bc   Data          28  ampm_gsm_sms.o(.constdata)
    smsSendCmdProcess_6                      0x0801f4d8   Data          28  ampm_gsm_sms.o(.constdata)
    smsSendCmdProcess_5                      0x0801f4f4   Data          28  ampm_gsm_sms.o(.constdata)
    smsSendCmdProcess_4                      0x0801f510   Data          28  ampm_gsm_sms.o(.constdata)
    smsSendCmdProcess_3                      0x0801f52c   Data          28  ampm_gsm_sms.o(.constdata)
    smsSendCmdProcess_2                      0x0801f548   Data          28  ampm_gsm_sms.o(.constdata)
    smsSendCmdProcess_1                      0x0801f564   Data          28  ampm_gsm_sms.o(.constdata)
    smsSendCmdProcess_0                      0x0801f580   Data          28  ampm_gsm_sms.o(.constdata)
    ampm_gsm_baudrate_list                   0x0801f59c   Data           8  ampm_gsm_startup.o(.constdata)
    terminateStr                             0x0801f5dc   Data           7  at_command_parser.o(.constdata)
    USB_P_EP                                 0x0801f634   Data           8  usbuser.o(.constdata)
    HID_ReportDescriptor                     0x0801f63c   Data          28  usbdesc.o(.constdata)
    HID_ReportDescSize                       0x0801f658   Data           2  usbdesc.o(.constdata)
    USB_DeviceDescriptor_0                   0x0801f65a   Data          18  usbdesc.o(.constdata)
    USB_ConfigDescriptor_0                   0x0801f66c   Data          42  usbdesc.o(.constdata)
    USB_StringDescriptor                     0x0801f696   Data         218  usbdesc.o(.constdata)
    uip_broadcast_addr                       0x0801fd0c   Data           4  uip.o(.constdata)
    uip_all_zeroes_addr                      0x0801fd10   Data           4  uip.o(.constdata)
    fcstab                                   0x0801fd14   Data         512  fcs.o(.constdata)
    __ctype_table                            0x0801ff1c   Data         129  ctype_o.o(.constdata)
    Region$$Table$$Base                      0x080200d8   Number         0  anon$$obj.o(Region$$Table)
    Region$$Table$$Limit                     0x080200f8   Number         0  anon$$obj.o(Region$$Table)
    mainBuf                                  0x20000000   Data          64  main.o(.data)
    mainCnt                                  0x20000040   Data           4  main.o(.data)
    sleepCnt                                 0x20000044   Data           2  main.o(.data)
    reportInterVal                           0x20000048   Data           4  main.o(.data)
    smsTimeCheck                             0x2000004c   Data           4  main.o(.data)
    camTakePicture                           0x20000050   Data           4  main.o(.data)
    intervalReportWakeFlag                   0x20000054   Data           1  main.o(.data)
    sysStatus                                0x20000055   Data           1  main.o(.data)
    timer2Cnt                                0x20000058   Data           4  main.o(.data)
    alarmFlag                                0x2000005c   Data           4  main.o(.data)
    sysUploadConfig                          0x20000060   Data           1  system_config.o(.data)
    smsEnableCar                             0x20000061   Data           1  system_config.o(.data)
    smsEnableCarTimeOut                      0x20000062   Data           1  system_config.o(.data)
    protectEnable                            0x20000063   Data           1  system_config.o(.data)
    vibrationProtectEnable                   0x20000064   Data           1  system_config.o(.data)
    sysResetMcuFlag                          0x20000065   Data           1  system_config.o(.data)
    trackerTaskRun                           0x20000068   Data           1  tracker.o(.data)
    an1Voltage                               0x2000006c   Data           4  tracker.o(.data)
    trackerTaskCnt                           0x20000070   Data           4  tracker.o(.data)
    adcChannel8Value                         0x20000074   Data           4  tracker.o(.data)
    newUpdateGps                             0x20000078   Data           1  tracker.o(.data)
    gpsGetCnt                                0x2000007c   Data           4  tracker.o(.data)
    gpsFixedFlag                             0x20000080   Data           1  tracker.o(.data)
    gpsGotWhenACC_OFF                        0x20000081   Data           1  tracker.o(.data)
    gpsTryCntWhenACC_OFF                     0x20000082   Data           1  tracker.o(.data)
    getGpsTimeout                            0x20000084   Data           2  tracker.o(.data)
    buzzStatus                               0x20000088   Data           4  tracker.o(.data)
    timeOverSpeedCnt                         0x2000008c   Data           4  tracker.o(.data)
    speedRecordTimeOld                       0x20000090   Data           1  tracker.o(.data)
    timeEqualCnt                             0x20000094   Data           4  tracker.o(.data)
    startingTime                             0x20000098   Data           4  tracker.o(.data)
    sendStatus                               0x2000009c   Data           1  tracker.o(.data)
    statusSentFlag                           0x2000009d   Data           1  tracker.o(.data)
    logSendPt                                0x200000a0   Data           4  tracker.o(.data)
    timeFixed                                0x200000a4   Data           1  tracker.o(.data)
    newDayFlag                               0x200000a5   Data           1  tracker.o(.data)
    newDriverSub                             0x200000a6   Data           1  tracker.o(.data)
    flagDrivingTimeWarning                   0x200000a7   Data           1  tracker.o(.data)
    flagTotalDrivingTimeWarning              0x200000a8   Data           1  tracker.o(.data)
    printReport                              0x200000a9   Data           1  tracker.o(.data)
    gotLastRecord                            0x200000aa   Data           1  tracker.o(.data)
    carIsMoving                              0x200000ab   Data           1  tracker.o(.data)
    batteryPercent                           0x200000ac   Data           2  tracker.o(.data)
    mileage                                  0x200000b0   Data           4  tracker.o(.data)
    trackerSaveLog                           0x200000b4   Data           1  tracker.o(.data)
    flagPrint                                0x200000b8   Data           4  tracker.o(.data)
    printfReportTime                         0x200000bc   Data           8  tracker.o(.data)
    ADC1_10_Value                            0x200000c4   Data           4  adc_task.o(.data)
    ADC1_11_Value                            0x200000c8   Data           4  adc_task.o(.data)
    ADC1_Temperature                         0x200000cc   Data           4  adc_task.o(.data)
    temperature                              0x200000d0   Data           4  adc_task.o(.data)
    ADC_CntValue                             0x200000d4   Data           1  adc_task.o(.data)
    ADC_Updated                              0x200000d5   Data           1  adc_task.o(.data)
    ADC1ConvertedValue                       0x200000e0   Data           8  adc_task.o(.data)
    findCarFlag                              0x200000e8   Data           1  sms_task.o(.data)
    askAddrCnt                               0x200000e9   Data           1  sms_task.o(.data)
    getAddrFlag                              0x200000ea   Data           1  sms_task.o(.data)
    gotAddrFlag                              0x200000eb   Data           1  sms_task.o(.data)
    myAddrLen                                0x200000ec   Data           1  sms_task.o(.data)
    firmwareSendFileOffSetFlag               0x200000f0   Data           4  app_config_task.o(.data)
    firmwareSaveFileOffsetCnt                0x200000f4   Data           4  app_config_task.o(.data)
    firmwareStatus                           0x200000f8   Data           4  app_config_task.o(.data)
    logSource                                0x200000fc   Data           1  app_config_task.o(.data)
    recordFileSize                           0x20000100   Data           4  app_config_task.o(.data)
    recordFileOfset                          0x20000104   Data           4  app_config_task.o(.data)
    firmwareFileCrc                          0x20000108   Data           4  app_config_task.o(.data)
    firmwareFileSize                         0x2000010c   Data           4  app_config_task.o(.data)
    firmwareFileOffSet                       0x20000110   Data           4  app_config_task.o(.data)
    firmwareFileOffSetOld                    0x20000114   Data           4  app_config_task.o(.data)
    saveFileIsOpened                         0x20000118   Data           1  database_app.o(.data)
    saveSpeedPause                           0x20000119   Data           1  database_app.o(.data)
    pauseTimeout                             0x2000011a   Data           1  database_app.o(.data)
    res                                      0x20000120   Data           1  database_app.o(.data)
    fwServerPort                             0x2000013c   Data           2  firmware_task.o(.data)
    fwCheckDns                               0x20000140   Data           4  firmware_task.o(.data)
    fwState                                  0x20000144   Data           1  firmware_task.o(.data)
    fwTimedOutCnt                            0x20000148   Data           2  firmware_task.o(.data)
    fwLen                                    0x2000014a   Data           2  firmware_task.o(.data)
    fwLoggedIn                               0x2000014c   Data           1  firmware_task.o(.data)
    fwCallBackCnt                            0x20000150   Data           4  firmware_task.o(.data)
    fFlagSendData                            0x20000154   Data           1  firmware_task.o(.data)
    fDataLength                              0x20000156   Data           2  firmware_task.o(.data)
    fwSwitchServer                           0x20000158   Data           4  firmware_task.o(.data)
    fwServerIpAddr                           0x2000015c   Data           4  firmware_task.o(.data)
    fwServerIp                               0x20000160   Data           4  firmware_task.o(.data)
    fwConn                                   0x20000164   Data           4  firmware_task.o(.data)
    fwTick                                   0x20000168   Data           4  firmware_task.o(.data)
    fCnt                                     0x2000016c   Data           4  firmware_task.o(.data)
    gprsDataSending                          0x20000170   Data           4  tcp_ip_task.o(.data)
    tcpCnt                                   0x20000174   Data           4  tcp_ip_task.o(.data)
    tcpIpTryCnt                              0x20000178   Data           1  tcp_ip_task.o(.data)
    accelerometerAlarmCnt                    0x2000017c   Data           1  accelerometer_task.o(.data)
    accelSampleCnt                           0x20000180   Data           4  accelerometer_task.o(.data)
    accelAlarmTimes                          0x20000184   Data           1  accelerometer_task.o(.data)
    accel_x                                  0x20000186   Data           2  accelerometer_task.o(.data)
    accel_y                                  0x20000188   Data           2  accelerometer_task.o(.data)
    accel_z                                  0x2000018a   Data           2  accelerometer_task.o(.data)
    accel_x1                                 0x2000018c   Data           2  accelerometer_task.o(.data)
    accel_y1                                 0x2000018e   Data           2  accelerometer_task.o(.data)
    accel_z1                                 0x20000190   Data           2  accelerometer_task.o(.data)
    accel_x_min                              0x20000192   Data           2  accelerometer_task.o(.data)
    accel_y_min                              0x20000194   Data           2  accelerometer_task.o(.data)
    accel_z_min                              0x20000196   Data           2  accelerometer_task.o(.data)
    accel_x_max                              0x20000198   Data           2  accelerometer_task.o(.data)
    accel_y_max                              0x2000019a   Data           2  accelerometer_task.o(.data)
    accel_z_max                              0x2000019c   Data           2  accelerometer_task.o(.data)
    pwmStatus                                0x200001a0   Data           4  buzzer.o(.data)
    timer3Cnt                                0x200001a4   Data           4  buzzer.o(.data)
    trackingState                            0x200001ac   Data           1  tracking_server.o(.data)
    trackingSwitchServer                     0x200001ad   Data           1  tracking_server.o(.data)
    trackingServerPort                       0x200001ae   Data           2  tracking_server.o(.data)
    trackingCheckDns                         0x200001b0   Data           4  tracking_server.o(.data)
    trackingRexmitCnt                        0x200001b4   Data           2  tracking_server.o(.data)
    trackingLen                              0x200001b6   Data           2  tracking_server.o(.data)
    trackingCloseSocketFlag                  0x200001b8   Data           1  tracking_server.o(.data)
    tcpIpAnswerCmd                           0x200001b9   Data           1  tracking_server.o(.data)
    trackingTaskLen                          0x200001bc   Data           4  tracking_server.o(.data)
    trackingCallBackCnt                      0x200001c0   Data           4  tracking_server.o(.data)
    trackingReportCnt                        0x200001c4   Data           4  tracking_server.o(.data)
    sentDataCnt                              0x200001c8   Data           4  tracking_server.o(.data)
    recvDataCnt                              0x200001cc   Data           4  tracking_server.o(.data)
    trackingServerIpAddr                     0x200001d0   Data           4  tracking_server.o(.data)
    trackingServerIp                         0x200001d4   Data           4  tracking_server.o(.data)
    trackingConn                             0x200001d8   Data           4  tracking_server.o(.data)
    trackingTick                             0x200001dc   Data           4  tracking_server.o(.data)
    SystemCoreClock                          0x200001e0   Data           4  system_stm32f10x.o(.data)
    AHBPrescTable                            0x200001e4   Data          16  system_stm32f10x.o(.data)
    rtcCnt                                   0x200001f4   Data           4  rtc.o(.data)
    resetCnt                                 0x200001f8   Data           1  rtc.o(.data)
    watchdogEnable                           0x200001fc   Data           4  rtc.o(.data)
    watchdogCnt                              0x20000200   Data           4  rtc.o(.data)
    watchdogFeed                             0x20000204   Data           4  rtc.o(.data)
    turnOffDeviceDelayTime                   0x20000208   Data           4  rtc.o(.data)
    flagSendWarnningBeforeTurnOff            0x2000020c   Data           1  rtc.o(.data)
    resetTimeCnt                             0x20000210   Data           4  rtc.o(.data)
    sec                                      0x20000214   Data           4  rtc.o(.data)
    _daylight                                0x2000022c   Data           4  m_time.o(.data)
    _dstbias                                 0x20000230   Data           4  m_time.o(.data)
    _timezone                                0x20000234   Data           4  m_time.o(.data)
    sysTickTimeSec                           0x20000240   Data           4  sys_tick.o(.data)
    sysTickCounter32                         0x20000244   Data           4  sys_tick.o(.data)
    sysTickCounter64                         0x20000248   Data           8  sys_tick.o(.data)
    rtcTimeSec                               0x20000250   Data           4  sys_time.o(.data)
    timeZone                                 0x20000254   Data           4  sys_time.o(.data)
    sysTimeZone                              0x20000258   Data           4  sys_time.o(.data)
    rtcUpdateFlag                            0x2000025c   Data           4  sys_time.o(.data)
    rtcUpdateCnt                             0x20000260   Data           4  sys_time.o(.data)
    sysTime                                  0x20000264   Data           8  sys_time.o(.data)
    localTime                                0x2000026c   Data           8  sys_time.o(.data)
    commTxRingBuf                            0x20000274   Data           4  comm.o(.data)
    commRxRingBuf                            0x20000278   Data           4  comm.o(.data)
    ampm_GotIncomingNumberFlag               0x2000027c   Data           1  ampm_gsm_call.o(.data)
    ampm_ModemResetFlag                      0x20000280   Data           1  ampm_gsm_common.o(.data)
    csqValue                                 0x20000284   Data           4  ampm_gsm_common.o(.data)
    gsmSignal                                0x20000288   Data           1  ampm_gsm_common.o(.data)
    dialupTryCnt                             0x20000289   Data           1  ampm_gsm_dial_up.o(.data)
    ampmGsmDialupPhase                       0x2000028a   Data           1  ampm_gsm_dial_up.o(.data)
    modemOk                                  0x2000028c   Data           4  ampm_gsm_io.o(.data)
    modemError                               0x20000290   Data           4  ampm_gsm_io.o(.data)
    ampm_GprsApn                             0x20000294   Data           4  ampm_gsm_io.o(.data)
    ampm_GSM_CmdList_list                    0x20000298   Data           4  ampm_gsm_io.o(.data)
    ampm_GSM_CmdList                         0x2000029c   Data           4  ampm_gsm_io.o(.data)
    ampm_CmdParsedChar                       0x200002a0   Data           1  ampm_gsm_io.o(.data)
    gotoCmdModeFlag                          0x200002a1   Data           1  ampm_gsm_io.o(.data)
    gotoDataModeFlag                         0x200002a2   Data           1  ampm_gsm_io.o(.data)
    ampm_GSM_AtCmd                           0x200002a4   Data           4  ampm_gsm_io.o(.data)
    ampm_GSM_CmdPhase                        0x200002a8   Data           1  ampm_gsm_io.o(.data)
    ampm_AtProcessCmd                        0x200002ac   Data           8  ampm_gsm_io.o(.data)
    ampm_GSM_mode                            0x200002b4   Data           1  ampm_gsm_main_task.o(.data)
    smsCheckTime                             0x200002b8   Data           4  ampm_gsm_main_task.o(.data)
    ampmGsmModuleType                        0x200002bc   Data           1  ampm_gsm_main_task.o(.data)
    ampmGSM_TaskPhase                        0x200002bd   Data           1  ampm_gsm_main_task.o(.data)
    gsmMainTaskTryCnt                        0x200002be   Data           1  ampm_gsm_main_task.o(.data)
    Ampm_TcpIpCallback                       0x200002c0   Data           4  ampm_gsm_main_task.o(.data)
    Ampm_TcpIpInit                           0x200002c4   Data           4  ampm_gsm_main_task.o(.data)
    ampm_MissCall                            0x200002c8   Data           1  ampm_gsm_ring.o(.data)
    ampm_NewSmsFlag                          0x200002c9   Data           1  ampm_gsm_ring.o(.data)
    ampm_RingingFlagTimes                    0x200002ca   Data           1  ampm_gsm_ring.o(.data)
    ampm_RingingFlag                         0x200002cb   Data           1  ampm_gsm_ring.o(.data)
    ampm_RingingTime                         0x200002cc   Data           1  ampm_gsm_ring.o(.data)
    ampm_RingingPauseTime                    0x200002cd   Data           1  ampm_gsm_ring.o(.data)
    ampm_RingingPhase                        0x200002ce   Data           1  ampm_gsm_ring.o(.data)
    smsNewMessageFlag                        0x200002d8   Data           1  ampm_gsm_sms.o(.data)
    smsCancelAll                             0x200002d9   Data           1  ampm_gsm_sms.o(.data)
    flagSmsReadFinish                        0x200002da   Data           1  ampm_gsm_sms.o(.data)
    getServiceCenterNumber                   0x200002db   Data           1  ampm_gsm_sms.o(.data)
    smsTaskFailCnt                           0x200002dc   Data           1  ampm_gsm_sms.o(.data)
    readTryCnt                               0x200002dd   Data           1  ampm_gsm_sms.o(.data)
    smsIndex                                 0x200002de   Data           2  ampm_gsm_sms.o(.data)
    smsTryCnt                                0x200002e0   Data           1  ampm_gsm_sms.o(.data)
    smsMsg                                   0x20000304   Data           4  ampm_gsm_sms.o(.data)
    pdu_len_except_smsc                      0x20000308   Data           1  ampm_gsm_sms.o(.data)
    pdu_len                                  0x2000030a   Data           2  ampm_gsm_sms.o(.data)
    Ampm_SmsRecvCallback                     0x2000030c   Data           4  ampm_gsm_sms.o(.data)
    flagGotSimCID                            0x20000310   Data           1  ampm_gsm_startup.o(.data)
    modemCIDPass                             0x20000311   Data           1  ampm_gsm_startup.o(.data)
    flagServerUpdateSimCID                   0x20000312   Data           1  ampm_gsm_startup.o(.data)
    flagGotIMEI                              0x20000313   Data           1  ampm_gsm_startup.o(.data)
    newIMEI_IsUpdate                         0x20000314   Data           1  ampm_gsm_startup.o(.data)
    modemIMEIPass                            0x20000315   Data           1  ampm_gsm_startup.o(.data)
    ampm_GSM_StartupPhase                    0x20000316   Data           1  ampm_gsm_startup.o(.data)
    ampm_gsm_baudrate_index                  0x20000317   Data           1  ampm_gsm_startup.o(.data)
    gsmBaudrateSaved                         0x20000318   Data           4  ampm_gsm_startup.o(.data)
    ampm_AtGsmCmdStart_pt                    0x2000031c   Data           4  ampm_gsm_startup.o(.data)
    ampm_AtCommandParserEnable               0x20000320   Data           1  at_command_parser.o(.data)
    commandSeparator                         0x20000324   Data           4  at_command_parser.o(.data)
    cmdCnt                                   0x2000032c   Data           7  at_command_parser.o(.data)
    gpsCheckSum                              0x20000334   Data           1  gps.o(.data)
    gpsCheckSumX                             0x20000335   Data           1  gps.o(.data)
    gpsGetCheckSumFlag                       0x20000336   Data           1  gps.o(.data)
    GPRMC_gotDataFlag                        0x20000337   Data           1  gps.o(.data)
    GPGGA_gotDataFlag                        0x20000338   Data           1  gps.o(.data)
    GPGSA_gotDataFlag                        0x20000339   Data           1  gps.o(.data)
    GPGSV_gotDataFlag                        0x2000033a   Data           1  gps.o(.data)
    msgGpsDataGood                           0x2000033b   Data           1  gps.o(.data)
    gpsPulse                                 0x2000033c   Data           1  gps.o(.data)
    GPS_cmdState                             0x2000033d   Data           1  gps.o(.data)
    pPackGPRMC                               0x20000344   Data           4  gps.o(.data)
    pPackGPGGA                               0x20000348   Data           4  gps.o(.data)
    pPackGPGSA                               0x2000034c   Data           4  gps.o(.data)
    pPackGPGSV                               0x20000350   Data           4  gps.o(.data)
    GPS_numCmd                               0x20000354   Data           1  gps.o(.data)
    GPS_cmdRecvLength                        0x20000358   Data           4  gps.o(.data)
    flagNewLog                               0x2000035c   Data           4  db.o(.data)
    flashInUse                               0x20000360   Data           4  db.o(.data)
    ringLog                                  0x20000364   Data           8  db.o(.data)
    countErrTemp                             0x2000036c   Data           4  sst25.o(.data)
    writeErrCnt                              0x20000370   Data           4  sst25.o(.data)
    acclInit                                 0x20000374   Data           4  mma7660.o(.data)
    acclError                                0x20000378   Data           4  mma7660.o(.data)
    USB_Connected                            0x2000037c   Data           4  usbuser.o(.data)
    pBUF_DSCR                                0x20000380   Data           4  usbhw.o(.data)
    FreeBufAddr                              0x20000384   Data           2  usbhw.o(.data)
    USB_DeviceDescriptor                     0x20000388   Data           4  usbdesc.o(.data)
    USB_ConfigDescriptor                     0x2000038c   Data           4  usbdesc.o(.data)
    USB_DeviceStatus                         0x20000390   Data           2  usbcore.o(.data)
    USB_DeviceAddress                        0x20000392   Data           1  usbcore.o(.data)
    USB_Configuration                        0x20000393   Data           1  usbcore.o(.data)
    USB_EndPointMask                         0x20000394   Data           4  usbcore.o(.data)
    USB_EndPointHalt                         0x20000398   Data           4  usbcore.o(.data)
    USB_EndPointStall                        0x2000039c   Data           4  usbcore.o(.data)
    USB_NumInterfaces                        0x200003a0   Data           1  usbcore.o(.data)
    USB_AltSetting                           0x200003a1   Data           4  usbcore.o(.data)
    EP0Data                                  0x200003a8   Data           8  usbcore.o(.data)
    SetupPacket                              0x200003b0   Data           8  usbcore.o(.data)
    HID_DepInEmpty                           0x200003b8   Data           1  hiduser.o(.data)
    HID_Protocol                             0x200003b9   Data           1  hiduser.o(.data)
    HID_IdleTime                             0x200003ba   Data           1  hiduser.o(.data)
    diskBusyFlag                             0x200003c5   Data           1  mmc_ssp.o(.data)
    disk_sector_number_max                   0x200003c8   Data           4  mmc_ssp.o(.data)
    disk_sector_size                         0x200003cc   Data           4  mmc_ssp.o(.data)
    disk_memory_size                         0x200003d0   Data           4  mmc_ssp.o(.data)
    resolverTick                             0x200003f8   Data           8  resolver.o(.data)
    resolverState                            0x20000400   Data           1  resolver.o(.data)
    curr_tick                                0x20000404   Data           4  timer.o(.data)
    uip_ethaddr                              0x20000408   Data           6  uip.o(.data)
    uip_hostaddr                             0x2000040e   Data           4  uip.o(.data)
    uip_draddr                               0x20000412   Data           4  uip.o(.data)
    uip_netmask                              0x20000416   Data           4  uip.o(.data)
    uip_appdata                              0x2000041c   Data           4  uip.o(.data)
    uip_sappdata                             0x20000420   Data           4  uip.o(.data)
    uip_len                                  0x20000424   Data           2  uip.o(.data)
    uip_slen                                 0x20000426   Data           2  uip.o(.data)
    uip_flags                                0x20000428   Data           1  uip.o(.data)
    uip_conn                                 0x2000042c   Data           4  uip.o(.data)
    uip_listenports                          0x20000430   Data           2  uip.o(.data)
    uip_udp_conn                             0x20000434   Data           4  uip.o(.data)
    uip_acc32                                0x20000440   Data           4  uip.o(.data)
    uipTimer                                 0x20000448   Data           8  uip_ppp.o(.data)
    localIp                                  0x20000450   Data           4  uip_ppp.o(.data)
    pppRxBuf                                 0x20000454   Data           4  ppp.o(.data)
    pppErrCnt                                0x20000458   Data           1  ppp.o(.data)
    pppIsEsc                                 0x20000459   Data           1  ppp.o(.data)
    pppPhaseTick                             0x2000045c   Data           4  ppp.o(.data)
    pppDialAttempts                          0x20000460   Data           1  ppp.o(.data)
    pppApn_UseLoginPass                      0x20000461   Data           1  ppp.o(.data)
    pppUseESC                                0x20000462   Data           1  ppp.o(.data)
    pppRestartCount                          0x20000463   Data           1  ppp.o(.data)
    pppFrameSize                             0x20000464   Data           2  ppp.o(.data)
    pppMsgID                                 0x20000466   Data           1  ppp.o(.data)
    pppTick                                  0x20000468   Data           4  ppp.o(.data)
    pppTimerOn                               0x2000046c   Data           1  ppp.o(.data)
    pppDataPrepared                          0x2000046d   Data           1  ppp.o(.data)
    pppIpAddr                                0x2000046e   Data           4  ppp.o(.data)
    priDnsServerIp                           0x20000472   Data           4  ppp.o(.data)
    secDnsServerIp                           0x20000476   Data           4  ppp.o(.data)
    lcpState                                 0x2000047a   Data           1  ppp.o(.data)
    papState                                 0x2000047b   Data           1  ppp.o(.data)
    ipcpState                                0x2000047c   Data           1  ppp.o(.data)
    pppPhase                                 0x2000047d   Data           1  ppp.o(.data)
    pppInState                               0x2000047e   Data           1  ppp.o(.data)
    ftpState                                 0x20000480   Data           1  ftp.o(.data)
    ftpSwitchServer                          0x20000484   Data           4  ftp.o(.data)
    ftpLoggedIn                              0x20000488   Data           1  ftp.o(.data)
    filePath                                 0x2000048c   Data           4  ftp.o(.data)
    haveOnlyOneFileInDisk                    0x20000490   Data           1  ftp.o(.data)
    ftpFileName                              0x20000491   Data          32  ftp.o(.data)
    ftpDirIsOk                               0x200004b1   Data           1  ftp.o(.data)
    ftpProcessPhase                          0x200004b2   Data           1  ftp.o(.data)
    ftpServerIpAddr                          0x200004b4   Data           4  ftp.o(.data)
    ftpServerIp                              0x200004b8   Data           4  ftp.o(.data)
    ftpServerPort                            0x200004bc   Data           2  ftp.o(.data)
    ftpTick                                  0x200004c0   Data           4  ftp.o(.data)
    ftpTimesSendCnt                          0x200004c4   Data           1  ftp.o(.data)
    fileNameChangeCnt                        0x200004c5   Data           1  ftp.o(.data)
    filePermissionDenied                     0x200004c8   Data           1  ftpc.o(.data)
    ftpc_control_appcall_cnt                 0x200004cc   Data           4  ftpc.o(.data)
    ftpc_data_appcall_cnt                    0x200004d0   Data           4  ftpc.o(.data)
    ftp_data_acked                           0x200004d4   Data           4  ftpc.o(.data)
    fileOpened                               0x200004d8   Data           1  ftpc.o(.data)
    pictureTime                              0x200004dc   Data           4  camera.o(.data)
    cameraID                                 0x200004e0   Data           1  camera.o(.data)
    cameraSnapShotCnt                        0x200004e1   Data           1  camera.o(.data)
    cmdSetCompression                        0x200004e2   Data           5  camera.o(.data)
    cmdSnapshot                              0x200004e7   Data           7  camera.o(.data)
    cmdGetPacket                             0x200004ee   Data           6  camera.o(.data)
    cmdSetBaudRate                           0x200004f4   Data           5  camera.o(.data)
    cmdChangeId                              0x200004f9   Data           5  camera.o(.data)
    cameraShotFlag                           0x200004fe   Data           1  camera.o(.data)
    camCurrentId                             0x200004ff   Data           1  camera.o(.data)
    camRespondedCmd                          0x20000500   Data           1  camera.o(.data)
    camRespondedId                           0x20000501   Data           1  camera.o(.data)
    camStopFlag                              0x20000502   Data           1  camera.o(.data)
    camTimeCmt                               0x20000504   Data           4  camera.o(.data)
    f_close_flag                             0x20000508   Data           1  camera.o(.data)
    camState                                 0x2000050c   Data           1  camera.o(.data)
    camManState                              0x2000050d   Data           1  camera.o(.data)
    camRespondedDataLen                      0x2000050e   Data           2  camera.o(.data)
    camRespondedCrc                          0x20000510   Data           2  camera.o(.data)
    camSnapshotMap                           0x20000512   Data           2  camera.o(.data)
    camRespondedPacketId                     0x20000514   Data           2  camera.o(.data)
    camRespondedPacketLen                    0x20000516   Data           2  camera.o(.data)
    camAcked                                 0x20000518   Data           1  camera.o(.data)
    camGetDataRetryCnt                       0x20000519   Data           1  camera.o(.data)
    camTick                                  0x2000051c   Data           4  camera.o(.data)
    camIntervalTick                          0x20000520   Data           4  camera.o(.data)
    camTime                                  0x20000524   Data           8  camera.o(.data)
    fre_sect                                 0x2000052c   Data           4  camera.o(.data)
    tFwDownload                              0x20000534   Data          12  main.o(.bss)
    tResetApp                                0x20000540   Data          12  main.o(.bss)
    tAppTimeout                              0x2000054c   Data          12  main.o(.bss)
    sysCfg                                   0x20000564   Data        1590  system_config.o(.bss)
    firmware                                 0x20000b9a   Data          20  system_config.o(.bss)
    ioStatus                                 0x20000bb0   Data          32  hw_config.o(.bss)
    logSend                                  0x20000be4   Data         112  tracker.o(.bss)
    speedRecord                              0x20000c54   Data          71  tracker.o(.bss)
    tSpeedAlarmTimeout                       0x20000c9c   Data          12  tracker.o(.bss)
    ADC1ConvertedValueTotal                  0x20000ca8   Data          12  adc_task.o(.bss)
    smsReplyBuf                              0x20000cb4   Data          32  sms_task.o(.bss)
    replySms                                 0x20000cd4   Data          20  sms_task.o(.bss)
    forwardSms                               0x20000ce8   Data          20  sms_task.o(.bss)
    guestPhoneNumber                         0x20000cfc   Data          16  sms_task.o(.bss)
    forwardToNumber                          0x20000d0c   Data          16  sms_task.o(.bss)
    lastRecvSmsPhone                         0x20000d1c   Data          16  sms_task.o(.bss)
    replySmsBuf                              0x20000d2c   Data         160  sms_task.o(.bss)
    forwardSmsBuf                            0x20000dcc   Data         160  sms_task.o(.bss)
    myAddr                                   0x20000e6c   Data         160  sms_task.o(.bss)
    smsSendBuff                              0x20000f0c   Data         256  sms_task.o(.bss)
    tFirmwareTryToUpdate                     0x2000110c   Data          12  app_config_task.o(.bss)
    configTaskBuf                            0x20001118   Data          64  app_config_task.o(.bss)
    configTaskRingBuf                        0x20001158   Data          16  app_config_task.o(.bss)
    currentTimeSave                          0x20001168   Data          12  database_app.o(.bss)
    beginTimeSave                            0x20001174   Data          12  database_app.o(.bss)
    endTimeSave                              0x20001180   Data          12  database_app.o(.bss)
    gpsLatSave                               0x2000118c   Data          12  database_app.o(.bss)
    gpsLonSave                               0x20001198   Data          12  database_app.o(.bss)
    mileageSave                              0x200011a4   Data          12  database_app.o(.bss)
    drivingTimeSave                          0x200011b0   Data          12  database_app.o(.bss)
    parkingTimeSave                          0x200011bc   Data          12  database_app.o(.bss)
    overDrivingTimeCntSave_totalDrivingTimeCntSave 0x200011c8   Data          12  database_app.o(.bss)
    totalDrivingTimeSave                     0x200011d4   Data          12  database_app.o(.bss)
    overSpeedCntSave_openDoorCntSave         0x200011e0   Data          12  database_app.o(.bss)
    closeDoorCntSave_onEngineCntSave         0x200011ec   Data          12  database_app.o(.bss)
    offEngineCntSave_parkCntSave             0x200011f8   Data          12  database_app.o(.bss)
    statusSave_crcSave                       0x20001204   Data          12  database_app.o(.bss)
    gpsHDOPSave                              0x20001210   Data          12  database_app.o(.bss)
    gpsDirSave                               0x2000121c   Data          12  database_app.o(.bss)
    timeSave                                 0x20001228   Data          12  database_app.o(.bss)
    sysTimeSave                              0x20001234   Data          12  database_app.o(.bss)
    currentPath                              0x20001240   Data          48  database_app.o(.bss)
    saveFile                                 0x20001270   Data         552  database_app.o(.bss)
    led1Ctrl                                 0x20001498   Data          24  led.o(.bss)
    buzzer1Ctrl                              0x200014b0   Data          24  led.o(.bss)
    dout1Ctrl                                0x200014c8   Data          24  led.o(.bss)
    dout2Ctrl                                0x200014e0   Data          24  led.o(.bss)
    fwBuf                                    0x200014f8   Data          64  firmware_task.o(.bss)
    fInfo                                    0x20001538   Data          52  firmware_task.o(.bss)
    loginSendBuff                            0x2000156c   Data          57  firmware_task.o(.bss)
    fdummySendPacket                         0x200015a8   Data          12  firmware_task.o(.bss)
    tFrimwareUpdateTimeout                   0x200015b4   Data          12  firmware_task.o(.bss)
    fwCallbackTimeout                        0x200015c0   Data          12  firmware_task.o(.bss)
    tFwTcpDataOut                            0x200015cc   Data          12  firmware_task.o(.bss)
    fSendBuff                                0x200015d8   Data          64  firmware_task.o(.bss)
    GPRS_ProtoRecv                           0x20001618   Data          16  firmware_task.o(.bss)
    GPRS_ProtoSend                           0x20001628   Data          16  firmware_task.o(.bss)
    GPRS_parserPacket                        0x20001638   Data          10  firmware_task.o(.bss)
    tcpIpReset                               0x20001644   Data          12  tcp_ip_task.o(.bss)
    tTcpDataIsBusy                           0x20001650   Data          12  tcp_ip_task.o(.bss)
    USB_ProtoRecv                            0x2000165c   Data          16  usb_config_task.o(.bss)
    USB_ProtoSend                            0x2000166c   Data          16  usb_config_task.o(.bss)
    USB_DataBuff                             0x2000167c   Data          36  usb_config_task.o(.bss)
    USB_parserPacket                         0x200016a0   Data          10  usb_config_task.o(.bss)
    sdfs                                     0x200017ac   Data         564  msc_init.o(.bss)
    tTrackingTimeReconnect                   0x200019e0   Data          12  tracking_server.o(.bss)
    tTrackingCloseSocket                     0x200019ec   Data          12  tracking_server.o(.bss)
    tTrackingTimeKeepConnect                 0x200019f8   Data          12  tracking_server.o(.bss)
    tTrackingTcpDataOut                      0x20001a04   Data          12  tracking_server.o(.bss)
    tTrackingCallbackTimeout                 0x20001a10   Data          12  tracking_server.o(.bss)
    trackingBuf                              0x20001a1c   Data         512  tracking_server.o(.bss)
    USART1_RxBuff                            0x20001c1c   Data         900  uart1.o(.bss)
    USART1_TxBuff                            0x20001fa0   Data         900  uart1.o(.bss)
    USART1_RxRingBuff                        0x20002324   Data          16  uart1.o(.bss)
    USART1_TxRingBuff                        0x20002334   Data          16  uart1.o(.bss)
    USART2_RxBuff                            0x20002344   Data          16  uart2.o(.bss)
    USART2_RxRingBuff                        0x20002354   Data          16  uart2.o(.bss)
    USART3_RxBuff                            0x20002364   Data         570  uart3.o(.bss)
    USART3_TxBuff                            0x2000259e   Data          64  uart3.o(.bss)
    USART3_RxRingBuff                        0x200025e0   Data          16  uart3.o(.bss)
    USART3_TxRingBuff                        0x200025f0   Data          16  uart3.o(.bss)
    ampm_IncomingCallPhoneNo                 0x20002600   Data          16  ampm_gsm_call.o(.bss)
    csqBuff                                  0x20002610   Data          16  ampm_gsm_common.o(.bss)
    ampmGSM_CmdSend                          0x200026a0   Data          28  ampm_gsm_io.o(.bss)
    ampm_GSM_TaskTimeout                     0x200026bc   Data          12  ampm_gsm_io.o(.bss)
    ampmCommonAppStruct                      0x200026c8   Data          24  ampm_gsm_io.o(.bss)
    ampmAtCmdBuf                             0x200026e0   Data         256  ampm_gsm_io.o(.bss)
    ampmGSM_CmdOk                            0x200027e0   Data          12  ampm_gsm_io.o(.bss)
    ampmGSM_CmdFails                         0x200027ec   Data          12  ampm_gsm_io.o(.bss)
    ampm_AtCallBackParser                    0x200027f8   Data          16  ampm_gsm_io.o(.bss)
    tRingTask                                0x20002808   Data          12  ampm_gsm_main_task.o(.bss)
    cmpEHS5                                  0x20002814   Data          12  ampm_gsm_main_task.o(.bss)
    cmpBGS2_E                                0x20002820   Data          12  ampm_gsm_main_task.o(.bss)
    cmpBG2_E                                 0x2000282c   Data          12  ampm_gsm_main_task.o(.bss)
    cmpM95                                   0x20002838   Data          12  ampm_gsm_main_task.o(.bss)
    cmpUbloxG100                             0x20002844   Data          12  ampm_gsm_main_task.o(.bss)
    cmp                                      0x20002850   Data          12  ampm_gsm_main_task.o(.bss)
    smsUnreadBuff                            0x2000285c   Data          32  ampm_gsm_sms.o(.bss)
    tSmsTaskTimeOut                          0x2000287c   Data          12  ampm_gsm_sms.o(.bss)
    smsUnreadRingBuff                        0x20002888   Data          16  ampm_gsm_sms.o(.bss)
    smsSender                                0x20002898   Data          16  ampm_gsm_sms.o(.bss)
    smsDataBuf                               0x200028a8   Data         256  ampm_gsm_sms.o(.bss)
    serviceCenterNumber                      0x200029a8   Data          16  ampm_gsm_sms.o(.bss)
    gsmSimCIDBuf                             0x200029b8   Data          32  ampm_gsm_startup.o(.bss)
    gsmIMEIBuf                               0x200029d8   Data          18  ampm_gsm_startup.o(.bss)
    tAmpm_GsmStartupTaskDelay                0x200029ec   Data          12  ampm_gsm_startup.o(.bss)
    at_cmd                                   0x200029f8   Data         180  ampm_gsm_startup.o(.bss)
    AT_CmdParser                             0x20002abc   Data          16  at_command_parser.o(.bss)
    buffGPRMC                                0x20002ad0   Data          80  gps.o(.bss)
    buffGPGGA                                0x20002b20   Data          80  gps.o(.bss)
    buffGPGSA                                0x20002b70   Data          80  gps.o(.bss)
    buffGPGSV                                0x20002bc0   Data          80  gps.o(.bss)
    msgTerm                                  0x20002c10   Data          80  gps.o(.bss)
    GPS_Buff                                 0x20002c60   Data         128  gps.o(.bss)
    gpsInfo                                  0x20002ce0   Data         400  gps.o(.bss)
    lastGpsInfo                              0x20002e70   Data         400  gps.o(.bss)
    GPS_cmdCnt                               0x20003000   Data          16  gps.o(.bss)
    logRecord                                0x20003010   Data         112  db.o(.bss)
    newestLog                                0x20003080   Data         112  db.o(.bss)
    sst25buf                                 0x200030f0   Data         256  sst25.o(.bss)
    EP0Buf                                   0x200031f0   Data          64  usbcore.o(.bss)
    HID_TxBuff                               0x20003230   Data         128  hiduser.o(.bss)
    HID_RxBuff                               0x200032b0   Data          64  hiduser.o(.bss)
    HID_TxRingBuff                           0x200032f0   Data          16  hiduser.o(.bss)
    HID_RxRingBuff                           0x20003300   Data          16  hiduser.o(.bss)
    uip_aligned_buf                          0x20003644   Data        1516  uip.o(.bss)
    uip_conns                                0x20003c30   Data         240  uip.o(.bss)
    uip_udp_conns                            0x20003d20   Data          60  uip.o(.bss)
    pppTxBuf                                 0x20003d5c   Data          89  ppp.o(.bss)
    pppUsr                                   0x20003db5   Data          16  ppp.o(.bss)
    pppPwd                                   0x20003dc5   Data          16  ppp.o(.bss)
    ftpFile                                  0x20003ed8   Data         552  ftp.o(.bss)
    connection                               0x20004100   Data          92  ftp.o(.bss)
    ftpProcessTimeout                        0x2000415c   Data          12  ftp.o(.bss)
    ftpCheckFilesTimeout                     0x20004168   Data          12  ftp.o(.bss)
    ftplogRecord                             0x20004174   Data         112  ftp.o(.bss)
    tFtpConnectionTimeout                    0x200041e4   Data          12  ftpc.o(.bss)
    ssInfo                                   0x200041f0   Data          48  camera.o(.bss)
    tCamSnapShot                             0x20004220   Data          12  camera.o(.bss)
    cameraJpegFile                           0x2000422c   Data         640  camera.o(.bss)
    camFile                                  0x200044ac   Data         552  camera.o(.bss)
    __initial_sp                             0x20004ed8   Data           0  startup_stm32f10x_md.o(STACK)



==============================================================================

Memory Map of the image

  Image Entry point : 0x080028ed

  Load Region LR_IROM1 (Base: 0x08002800, Size: 0x0001de2c, Max: 0x00020000, ABSOLUTE, COMPRESSED[0x0001d9f8])

    Execution Region ER_IROM1 (Base: 0x08002800, Size: 0x0001d8f8, Max: 0x00020000, ABSOLUTE)

    Base Addr    Size         Type   Attr      Idx    E Section Name        Object

    0x08002800   0x000000ec   Data   RO          818    RESET               startup_stm32f10x_md.o
    0x080028ec   0x00000000   Code   RO         2111  * .ARM.Collect$$$$00000000  mc_w.l(entry.o)
    0x080028ec   0x00000004   Code   RO         2475    .ARM.Collect$$$$00000001  mc_w.l(entry2.o)
    0x080028f0   0x00000004   Code   RO         2478    .ARM.Collect$$$$00000004  mc_w.l(entry5.o)
    0x080028f4   0x00000000   Code   RO         2480    .ARM.Collect$$$$00000008  mc_w.l(entry7b.o)
    0x080028f4   0x00000000   Code   RO         2482    .ARM.Collect$$$$0000000A  mc_w.l(entry8b.o)
    0x080028f4   0x00000008   Code   RO         2483    .ARM.Collect$$$$0000000B  mc_w.l(entry9a.o)
    0x080028fc   0x00000000   Code   RO         2485    .ARM.Collect$$$$0000000D  mc_w.l(entry10a.o)
    0x080028fc   0x00000000   Code   RO         2487    .ARM.Collect$$$$0000000F  mc_w.l(entry11a.o)
    0x080028fc   0x00000004   Code   RO         2476    .ARM.Collect$$$$00002712  mc_w.l(entry2.o)
    0x08002900   0x00000564   Code   RO            1    .text               main.o
    0x08002e64   0x00000acc   Code   RO          312    .text               system_config.o
    0x08003930   0x000002fc   Code   RO          341    .text               hw_config.o
    0x08003c2c   0x000010a4   Code   RO          363    .text               tracker.o
    0x08004cd0   0x00000390   Code   RO          425    .text               adc_task.o
    0x08005060   0x00000ebc   Code   RO          444    .text               sms_task.o
    0x08005f1c   0x00000d14   Code   RO          496    .text               app_config_task.o
    0x08006c30   0x0000160c   Code   RO          545    .text               database_app.o
    0x0800823c   0x0000006c   Code   RO          585    .text               tick.o
    0x080082a8   0x000001f4   Code   RO          608    .text               led.o
    0x0800849c   0x000008ec   Code   RO          627    .text               firmware_task.o
    0x08008d88   0x00000084   Code   RO          660    .text               tcp_ip_task.o
    0x08008e0c   0x000001f8   Code   RO          701    .text               accelerometer_task.o
    0x08009004   0x00000164   Code   RO          721    .text               buzzer.o
    0x08009168   0x00000110   Code   RO          740    .text               usb_config_task.o
    0x08009278   0x00000104   Code   RO          756    .text               msc_init.o
    0x0800937c   0x00000890   Code   RO          788    .text               tracking_server.o
    0x08009c0c   0x0000001c   Code   RO          819    .text               startup_stm32f10x_md.o
    0x08009c28   0x000001e0   Code   RO          834    .text               system_stm32f10x.o
    0x08009e08   0x000005bc   Code   RO          852    .text               stm32f10x_flash.o
    0x0800a3c4   0x00000040   Code   RO          864    .text               stm32f10x_iwdg.o
    0x0800a404   0x00000254   Code   RO          876    .text               uart1.o
    0x0800a658   0x000001e0   Code   RO          900    .text               uart2.o
    0x0800a838   0x00000244   Code   RO          922    .text               uart3.o
    0x0800aa7c   0x000005d8   Code   RO          944    .text               i2c.o
    0x0800b054   0x000002d4   Code   RO          956    .text               spi.o
    0x0800b328   0x00000438   Code   RO          980    .text               rtc.o
    0x0800b760   0x000003d0   Code   RO         1007    .text               exti.o
    0x0800bb30   0x00000358   Code   RO         1024    .text               stm32f10x_gpio.o
    0x0800be88   0x00000250   Code   RO         1036    .text               stm32f10x_dma.o
    0x0800c0d8   0x0000044e   Code   RO         1063    .text               stm32f10x_adc.o
    0x0800c526   0x00000002   PAD
    0x0800c528   0x000003a4   Code   RO         1075    .text               stm32f10x_rcc.o
    0x0800c8cc   0x0000030a   Code   RO         1089    .text               ampm_sprintf.o
    0x0800cbd6   0x00000054   Code   RO         1101    .text               data_cmp.o
    0x0800cc2a   0x00000002   PAD
    0x0800cc2c   0x000001e4   Code   RO         1116    .text               encoding.o
    0x0800ce10   0x00000114   Code   RO         1128    .text               list.o
    0x0800cf24   0x00000630   Code   RO         1140    .text               m_time.o
    0x0800d554   0x00000094   Code   RO         1199    .text               ringbuf.o
    0x0800d5e8   0x00000340   Code   RO         1211    .text               sparser.o
    0x0800d928   0x000000fc   Code   RO         1224    .text               sys_tick.o
    0x0800da24   0x000002a4   Code   RO         1242    .text               sys_time.o
    0x0800dcc8   0x00000108   Code   RO         1263    .text               comm.o
    0x0800ddd0   0x0000014c   Code   RO         1286    .text               ampm_gsm_call.o
    0x0800df1c   0x000000f4   Code   RO         1309    .text               ampm_gsm_common.o
    0x0800e010   0x00000200   Code   RO         1330    .text               ampm_gsm_dial_up.o
    0x0800e210   0x00000388   Code   RO         1347    .text               ampm_gsm_io.o
    0x0800e598   0x00000a6c   Code   RO         1367    .text               ampm_gsm_main_task.o
    0x0800f004   0x00000274   Code   RO         1385    .text               ampm_gsm_ring.o
    0x0800f278   0x000009c4   Code   RO         1403    .text               ampm_gsm_sms.o
    0x0800fc3c   0x000005d0   Code   RO         1424    .text               ampm_gsm_startup.o
    0x0801020c   0x000000bc   Code   RO         1444    .text               at_command_parser.o
    0x080102c8   0x00000504   Code   RO         1465    .text               pdu.o
    0x080107cc   0x00000f3c   Code   RO         1480    .text               gps.o
    0x08011708   0x00000598   Code   RO         1501    .text               db.o
    0x08011ca0   0x000005a0   Code   RO         1520    .text               sst25.o
    0x08012240   0x00000124   Code   RO         1536    .text               mma7660.o
    0x08012364   0x00000060   Code   RO         1554    .text               usbuser.o
    0x080123c4   0x0000046c   Code   RO         1584    .text               usbhw.o
    0x08012830   0x000003a0   Code   RO         1628    .text               usbcore.o
    0x08012bd0   0x0000012c   Code   RO         1693    .text               hiduser.o
    0x08012cfc   0x000033ce   Code   RO         1716    .text               ff.o
    0x080160ca   0x00000002   PAD
    0x080160cc   0x000008a4   Code   RO         1736    .text               mmc_ssp.o
    0x08016970   0x00000080   Code   RO         1754    .text               ccsbcs.o
    0x080169f0   0x00000148   Code   RO         1796    .text               diskio.o
    0x08016b38   0x000003a0   Code   RO         1812    .text               resolv.o
    0x08016ed8   0x0000009c   Code   RO         1827    .text               resolver.o
    0x08016f74   0x00000158   Code   RO         1862    .text               tcpip.o
    0x080170cc   0x0000004c   Code   RO         1877    .text               timer.o
    0x08017118   0x000013dc   Code   RO         1892    .text               uip.o
    0x080184f4   0x00000174   Code   RO         1920    .text               uip_ppp.o
    0x08018668   0x00000044   Code   RO         1936    .text               fcs.o
    0x080186ac   0x00001744   Code   RO         1951    .text               ppp.o
    0x08019df0   0x00000bf0   Code   RO         1985    .text               ftp.o
    0x0801a9e0   0x00000db4   Code   RO         2012    .text               ftpc.o
    0x0801b794   0x00000b14   Code   RO         2083    .text               camera.o
    0x0801c2a8   0x00000008   Code   RO         2114    .text               mc_w.l(ctype_o.o)
    0x0801c2b0   0x00000012   Code   RO         2136    .text               mc_w.l(isspace_o.o)
    0x0801c2c2   0x0000000c   Code   RO         2142    .text               mc_w.l(toupper.o)
    0x0801c2ce   0x00000024   Code   RO         2144    .text               mc_w.l(memcpya.o)
    0x0801c2f2   0x00000024   Code   RO         2146    .text               mc_w.l(memseta.o)
    0x0801c316   0x00000018   Code   RO         2148    .text               mc_w.l(strcat.o)
    0x0801c32e   0x00000024   Code   RO         2150    .text               mc_w.l(strstr.o)
    0x0801c352   0x00000018   Code   RO         2152    .text               mc_w.l(strncpy.o)
    0x0801c36a   0x0000000e   Code   RO         2154    .text               mc_w.l(strlen.o)
    0x0801c378   0x0000001c   Code   RO         2156    .text               mc_w.l(strcmp.o)
    0x0801c394   0x00000014   Code   RO         2158    .text               mc_w.l(memchr.o)
    0x0801c3a8   0x0000001a   Code   RO         2160    .text               mc_w.l(memcmp.o)
    0x0801c3c2   0x00000012   Code   RO         2162    .text               mc_w.l(strcpy.o)
    0x0801c3d4   0x00000038   Code   RO         2427    .text               mc_w.l(__0sscanf.o)
    0x0801c40c   0x00000150   Code   RO         2429    .text               mc_w.l(_scanf_int.o)
    0x0801c55c   0x000000da   Code   RO         2431    .text               mc_w.l(_scanf_str.o)
    0x0801c636   0x00000002   PAD
    0x0801c638   0x0000033c   Code   RO         2433    .text               mc_w.l(scanf_fp.o)
    0x0801c974   0x00000070   Code   RO         2437    .text               mc_w.l(strtol.o)
    0x0801c9e4   0x0000001a   Code   RO         2439    .text               mc_w.l(atoi.o)
    0x0801c9fe   0x000000b0   Code   RO         2441    .text               mf_w.l(fadd.o)
    0x0801caae   0x0000006c   Code   RO         2443    .text               mf_w.l(fmul.o)
    0x0801cb1a   0x00000080   Code   RO         2445    .text               mf_w.l(fdiv.o)
    0x0801cb9a   0x0000014e   Code   RO         2447    .text               mf_w.l(dadd.o)
    0x0801cce8   0x000000e4   Code   RO         2449    .text               mf_w.l(dmul.o)
    0x0801cdcc   0x000000de   Code   RO         2451    .text               mf_w.l(ddiv.o)
    0x0801ceaa   0x00000012   Code   RO         2453    .text               mf_w.l(fflti.o)
    0x0801cebc   0x0000000a   Code   RO         2455    .text               mf_w.l(ffltui.o)
    0x0801cec6   0x0000001a   Code   RO         2457    .text               mf_w.l(dfltui.o)
    0x0801cee0   0x00000028   Code   RO         2459    .text               mf_w.l(ffixui.o)
    0x0801cf08   0x00000032   Code   RO         2461    .text               mf_w.l(dfixui.o)
    0x0801cf3a   0x00000026   Code   RO         2463    .text               mf_w.l(f2d.o)
    0x0801cf60   0x00000028   Code   RO         2465    .text               mf_w.l(cdcmple.o)
    0x0801cf88   0x00000028   Code   RO         2467    .text               mf_w.l(cdrcmple.o)
    0x0801cfb0   0x00000038   Code   RO         2469    .text               mf_w.l(d2f.o)
    0x0801cfe8   0x00000014   Code   RO         2471    .text               mf_w.l(cfcmple.o)
    0x0801cffc   0x00000014   Code   RO         2473    .text               mf_w.l(cfrcmple.o)
    0x0801d010   0x0000002c   Code   RO         2492    .text               mc_w.l(uidiv.o)
    0x0801d03c   0x00000062   Code   RO         2494    .text               mc_w.l(uldiv.o)
    0x0801d09e   0x0000001e   Code   RO         2496    .text               mc_w.l(llshl.o)
    0x0801d0bc   0x00000020   Code   RO         2498    .text               mc_w.l(llushr.o)
    0x0801d0dc   0x00000024   Code   RO         2500    .text               mc_w.l(llsshr.o)
    0x0801d100   0x0000001c   Code   RO         2509    .text               mc_w.l(_chval.o)
    0x0801d11c   0x00000028   Code   RO         2511    .text               mc_w.l(scanf_char.o)
    0x0801d144   0x00000040   Code   RO         2513    .text               mc_w.l(_sgetc.o)
    0x0801d184   0x0000009e   Code   RO         2515    .text               mc_w.l(_strtoul.o)
    0x0801d222   0x00000002   PAD
    0x0801d224   0x0000009c   Code   RO         2517    .text               mc_w.l(strtod.o)
    0x0801d2c0   0x00000000   Code   RO         2519    .text               mc_w.l(iusefp.o)
    0x0801d2c0   0x0000006c   Code   RO         2520    .text               mf_w.l(fepilogue.o)
    0x0801d32c   0x000000be   Code   RO         2522    .text               mf_w.l(depilogue.o)
    0x0801d3ea   0x00000018   Code   RO         2524    .text               mf_w.l(dfltul.o)
    0x0801d402   0x00000030   Code   RO         2526    .text               mf_w.l(dfixul.o)
    0x0801d432   0x00000002   PAD
    0x0801d434   0x00000024   Code   RO         2528    .text               mc_w.l(init.o)
    0x0801d458   0x0000032c   Code   RO         2533    .text               mc_w.l(_scanf.o)
    0x0801d784   0x0000005c   Code   RO         2547    .text               mc_w.l(__dczerorl2.o)
    0x0801d7e0   0x00000110   Code   RO         1653    i.USB_ReqGetDescriptor  usbcore.o
    0x0801d8f0   0x000000c0   Code   RO         1641    i.USB_ReqGetStatus  usbcore.o
    0x0801d9b0   0x000000ec   Code   RO         1647    i.USB_ReqSetClrFeature  usbcore.o
    0x0801da9c   0x000001b8   Code   RO         1659    i.USB_ReqSetConfiguration  usbcore.o
    0x0801dc54   0x00000130   Code   RO         1665    i.USB_ReqSetInterface  usbcore.o
    0x0801dd84   0x00000028   Code   RO         2401    i.__0sprintf        mc_w.l(printfa.o)
    0x0801ddac   0x00000024   Code   RO         2405    i.__0vsprintf       mc_w.l(printfa.o)
    0x0801ddd0   0x00000008   Code   RO         2502    i.__aeabi_errno_addr  mc_w.l(errno.o)
    0x0801ddd8   0x0000000e   Code   RO         2541    i.__scatterload_copy  mc_w.l(handlers.o)
    0x0801dde6   0x00000002   Code   RO         2542    i.__scatterload_null  mc_w.l(handlers.o)
    0x0801dde8   0x0000000e   Code   RO         2543    i.__scatterload_zeroinit  mc_w.l(handlers.o)
    0x0801ddf6   0x00000002   PAD
    0x0801ddf8   0x0000015c   Code   RO         2406    i._fp_digits        mc_w.l(printfa.o)
    0x0801df54   0x0000000e   Code   RO         2435    i._is_digit         mc_w.l(scanf_fp.o)
    0x0801df62   0x00000002   PAD
    0x0801df64   0x000006f0   Code   RO         2407    i._printf_core      mc_w.l(printfa.o)
    0x0801e654   0x00000026   Code   RO         2408    i._printf_post_padding  mc_w.l(printfa.o)
    0x0801e67a   0x00000030   Code   RO         2409    i._printf_pre_padding  mc_w.l(printfa.o)
    0x0801e6aa   0x0000000a   Code   RO         2411    i._sputc            mc_w.l(printfa.o)
    0x0801e6b4   0x000000dc   Code   RO         2104    i.floor             m_ws.l(floor.o)
    0x0801e790   0x0000001c   Code   RO         2108    i.strtod            m_ws.l(strtod.o)
    0x0801e7ac   0x00000015   Data   RO          446    .constdata          sms_task.o
    0x0801e7c1   0x00000003   PAD
    0x0801e7c4   0x00000004   Data   RO          981    .constdata          rtc.o
    0x0801e7c8   0x00000060   Data   RO         1142    .constdata          m_time.o
    0x0801e828   0x00000124   Data   RO         1311    .constdata          ampm_gsm_common.o
    0x0801e94c   0x000000a4   Data   RO         1331    .constdata          ampm_gsm_dial_up.o
    0x0801e9f0   0x00000990   Data   RO         1369    .constdata          ampm_gsm_main_task.o
    0x0801f380   0x0000021c   Data   RO         1405    .constdata          ampm_gsm_sms.o
    0x0801f59c   0x00000008   Data   RO         1426    .constdata          ampm_gsm_startup.o
    0x0801f5a4   0x0000003f   Data   RO         1446    .constdata          at_command_parser.o
    0x0801f5e3   0x00000001   PAD
    0x0801f5e4   0x00000050   Data   RO         1482    .constdata          gps.o
    0x0801f634   0x00000008   Data   RO         1555    .constdata          usbuser.o
    0x0801f63c   0x00000134   Data   RO         1603    .constdata          usbdesc.o
    0x0801f770   0x000000dc   Data   RO         1718    .constdata          ff.o
    0x0801f84c   0x000004c0   Data   RO         1755    .constdata          ccsbcs.o
    0x0801fd0c   0x00000008   Data   RO         1894    .constdata          uip.o
    0x0801fd14   0x00000200   Data   RO         1937    .constdata          fcs.o
    0x0801ff14   0x00000008   Data   RO         2014    .constdata          ftpc.o
    0x0801ff1c   0x00000081   Data   RO         2115    .constdata          mc_w.l(ctype_o.o)
    0x0801ff9d   0x00000003   PAD
    0x0801ffa0   0x00000004   Data   RO         2116    .constdata          mc_w.l(ctype_o.o)
    0x0801ffa4   0x00000092   Data   RO         1312    .conststring        ampm_gsm_common.o
    0x08020036   0x00000009   Data   RO         1349    .conststring        ampm_gsm_io.o
    0x0802003f   0x00000018   Data   RO         1406    .conststring        ampm_gsm_sms.o
    0x08020057   0x0000004b   Data   RO         1447    .conststring        at_command_parser.o
    0x080200a2   0x00000025   Data   RO         1719    .conststring        ff.o
    0x080200c7   0x00000006   Data   RO         1987    .conststring        ftp.o
    0x080200cd   0x00000009   Data   RO         2015    .conststring        ftpc.o
    0x080200d6   0x00000002   PAD
    0x080200d8   0x00000020   Data   RO         2539    Region$$Table       anon$$obj.o


    Execution Region RW_IRAM1 (Base: 0x20000000, Size: 0x00004ed8, Max: 0x00005000, ABSOLUTE, COMPRESSED[0x00000100])

    Base Addr    Size         Type   Attr      Idx    E Section Name        Object

    0x20000000   0x00000060   Data   RW            3    .data               main.o
    0x20000060   0x00000006   Data   RW          314    .data               system_config.o
    0x20000066   0x00000002   PAD
    0x20000068   0x0000005c   Data   RW          365    .data               tracker.o
    0x200000c4   0x00000024   Data   RW          427    .data               adc_task.o
    0x200000e8   0x00000005   Data   RW          447    .data               sms_task.o
    0x200000ed   0x00000003   PAD
    0x200000f0   0x00000028   Data   RW          498    .data               app_config_task.o
    0x20000118   0x00000009   Data   RW          547    .data               database_app.o
    0x20000121   0x00000007   PAD
    0x20000128   0x00000014   Data   RW          610    .data               led.o
    0x2000013c   0x00000034   Data   RW          629    .data               firmware_task.o
    0x20000170   0x00000009   Data   RW          662    .data               tcp_ip_task.o
    0x20000179   0x00000003   PAD
    0x2000017c   0x00000022   Data   RW          702    .data               accelerometer_task.o
    0x2000019e   0x00000002   PAD
    0x200001a0   0x0000000c   Data   RW          722    .data               buzzer.o
    0x200001ac   0x00000034   Data   RW          790    .data               tracking_server.o
    0x200001e0   0x00000014   Data   RW          835    .data               system_stm32f10x.o
    0x200001f4   0x00000024   Data   RW          982    .data               rtc.o
    0x20000218   0x00000014   Data   RW         1076    .data               stm32f10x_rcc.o
    0x2000022c   0x0000000c   Data   RW         1143    .data               m_time.o
    0x20000238   0x00000001   Data   RW         1212    .data               sparser.o
    0x20000239   0x00000007   PAD
    0x20000240   0x00000010   Data   RW         1225    .data               sys_tick.o
    0x20000250   0x00000024   Data   RW         1243    .data               sys_time.o
    0x20000274   0x00000008   Data   RW         1264    .data               comm.o
    0x2000027c   0x00000001   Data   RW         1288    .data               ampm_gsm_call.o
    0x2000027d   0x00000003   PAD
    0x20000280   0x00000009   Data   RW         1313    .data               ampm_gsm_common.o
    0x20000289   0x00000002   Data   RW         1333    .data               ampm_gsm_dial_up.o
    0x2000028b   0x00000001   PAD
    0x2000028c   0x00000028   Data   RW         1350    .data               ampm_gsm_io.o
    0x200002b4   0x00000014   Data   RW         1370    .data               ampm_gsm_main_task.o
    0x200002c8   0x00000007   Data   RW         1386    .data               ampm_gsm_ring.o
    0x200002cf   0x00000001   PAD
    0x200002d0   0x00000040   Data   RW         1407    .data               ampm_gsm_sms.o
    0x20000310   0x00000010   Data   RW         1427    .data               ampm_gsm_startup.o
    0x20000320   0x00000013   Data   RW         1448    .data               at_command_parser.o
    0x20000333   0x00000001   PAD
    0x20000334   0x00000028   Data   RW         1483    .data               gps.o
    0x2000035c   0x00000010   Data   RW         1503    .data               db.o
    0x2000036c   0x00000008   Data   RW         1522    .data               sst25.o
    0x20000374   0x00000008   Data   RW         1537    .data               mma7660.o
    0x2000037c   0x00000004   Data   RW         1556    .data               usbuser.o
    0x20000380   0x00000006   Data   RW         1585    .data               usbhw.o
    0x20000386   0x00000002   PAD
    0x20000388   0x00000008   Data   RW         1604    .data               usbdesc.o
    0x20000390   0x00000028   Data   RW         1630    .data               usbcore.o
    0x200003b8   0x00000003   Data   RW         1695    .data               hiduser.o
    0x200003bb   0x00000001   PAD
    0x200003bc   0x00000006   Data   RW         1720    .data               ff.o
    0x200003c2   0x00000002   PAD
    0x200003c4   0x00000019   Data   RW         1737    .data               mmc_ssp.o
    0x200003dd   0x00000003   PAD
    0x200003e0   0x00000011   Data   RW         1814    .data               resolv.o
    0x200003f1   0x00000007   PAD
    0x200003f8   0x00000009   Data   RW         1828    .data               resolver.o
    0x20000401   0x00000003   Data   RW         1864    .data               tcpip.o
    0x20000404   0x00000004   Data   RW         1878    .data               timer.o
    0x20000408   0x00000040   Data   RW         1895    .data               uip.o
    0x20000448   0x0000000c   Data   RW         1922    .data               uip_ppp.o
    0x20000454   0x0000002b   Data   RW         1953    .data               ppp.o
    0x2000047f   0x00000001   PAD
    0x20000480   0x00000046   Data   RW         1988    .data               ftp.o
    0x200004c6   0x00000002   PAD
    0x200004c8   0x00000011   Data   RW         2016    .data               ftpc.o
    0x200004d9   0x00000003   PAD
    0x200004dc   0x00000054   Data   RW         2085    .data               camera.o
    0x20000530   0x00000004   Data   RW         2505    .data               mc_w.l(errno.o)
    0x20000534   0x00000024   Zero   RW            2    .bss                main.o
    0x20000558   0x00000656   Zero   RW          313    .bss                system_config.o
    0x20000bae   0x00000002   PAD
    0x20000bb0   0x00000020   Zero   RW          342    .bss                hw_config.o
    0x20000bd0   0x000000d8   Zero   RW          364    .bss                tracker.o
    0x20000ca8   0x0000000c   Zero   RW          426    .bss                adc_task.o
    0x20000cb4   0x00000358   Zero   RW          445    .bss                sms_task.o
    0x2000100c   0x0000015c   Zero   RW          497    .bss                app_config_task.o
    0x20001168   0x00000330   Zero   RW          546    .bss                database_app.o
    0x20001498   0x00000060   Zero   RW          609    .bss                led.o
    0x200014f8   0x0000014a   Zero   RW          628    .bss                firmware_task.o
    0x20001642   0x00000002   PAD
    0x20001644   0x00000018   Zero   RW          661    .bss                tcp_ip_task.o
    0x2000165c   0x0000004e   Zero   RW          741    .bss                usb_config_task.o
    0x200016aa   0x00000002   PAD
    0x200016ac   0x00000334   Zero   RW          757    .bss                msc_init.o
    0x200019e0   0x0000023c   Zero   RW          789    .bss                tracking_server.o
    0x20001c1c   0x00000728   Zero   RW          877    .bss                uart1.o
    0x20002344   0x00000020   Zero   RW          901    .bss                uart2.o
    0x20002364   0x0000029c   Zero   RW          923    .bss                uart3.o
    0x20002600   0x00000010   Zero   RW         1287    .bss                ampm_gsm_call.o
    0x20002610   0x00000010   Zero   RW         1310    .bss                ampm_gsm_common.o
    0x20002620   0x000001e8   Zero   RW         1348    .bss                ampm_gsm_io.o
    0x20002808   0x00000054   Zero   RW         1368    .bss                ampm_gsm_main_task.o
    0x2000285c   0x0000015c   Zero   RW         1404    .bss                ampm_gsm_sms.o
    0x200029b8   0x000000f4   Zero   RW         1425    .bss                ampm_gsm_startup.o
    0x20002aac   0x00000020   Zero   RW         1445    .bss                at_command_parser.o
    0x20002acc   0x00000004   PAD
    0x20002ad0   0x00000540   Zero   RW         1481    .bss                gps.o
    0x20003010   0x000000e0   Zero   RW         1502    .bss                db.o
    0x200030f0   0x00000100   Zero   RW         1521    .bss                sst25.o
    0x200031f0   0x00000040   Zero   RW         1629    .bss                usbcore.o
    0x20003230   0x000000e0   Zero   RW         1694    .bss                hiduser.o
    0x20003310   0x00000200   Zero   RW         1717    .bss                ff.o
    0x20003510   0x00000128   Zero   RW         1813    .bss                resolv.o
    0x20003638   0x0000000c   Zero   RW         1863    .bss                tcpip.o
    0x20003644   0x00000718   Zero   RW         1893    .bss                uip.o
    0x20003d5c   0x00000079   Zero   RW         1952    .bss                ppp.o
    0x20003dd5   0x00000003   PAD
    0x20003dd8   0x0000040c   Zero   RW         1986    .bss                ftp.o
    0x200041e4   0x0000000c   Zero   RW         2013    .bss                ftpc.o
    0x200041f0   0x000004e4   Zero   RW         2084    .bss                camera.o
    0x200046d4   0x00000004   PAD
    0x200046d8   0x00000800   Zero   RW          816    STACK               startup_stm32f10x_md.o


==============================================================================

Image component sizes


      Code (inc. data)   RO Data    RW Data    ZI Data      Debug   Object Name

       504         68          0         34          0       1853   accelerometer_task.o
       912         84          0         36         12       2046   adc_task.o
       332          0          0          1         16       2370   ampm_gsm_call.o
       244         38        438          9         16       2011   ampm_gsm_common.o
       512        240        164          2          0       2440   ampm_gsm_dial_up.o
       904        120          9         40        488       5749   ampm_gsm_io.o
      2668       1122       2448         20         84       4563   ampm_gsm_main_task.o
       628        214          0          7          0       2800   ampm_gsm_ring.o
      2500        280        564         64        348      10650   ampm_gsm_sms.o
      1488        466          8         16        244       3829   ampm_gsm_startup.o
       778          0          0          0          0       2297   ampm_sprintf.o
      3348        202          0         40        348      17022   app_config_task.o
       188         34        138         19         32       2132   at_command_parser.o
       356         36          0         12          0      16329   buzzer.o
      2836        560          0         84       1252       6986   camera.o
       128         12       1216          0          0       1885   ccsbcs.o
       264         12          0          8          0       2653   comm.o
        84          0          0          0          0       1452   data_cmp.o
      5644        774          0          9        816      12123   database_app.o
      1432         20          0         16        224       6951   db.o
       328          6          0          0          0       2526   diskio.o
       484          6          0          0          0       2470   encoding.o
       976         38          0          0          0      16936   exti.o
        68          4        512          0          0       1169   fcs.o
     13262        164        257          6        512      37083   ff.o
      2284        492          0         52        330       4985   firmware_task.o
      3056        916          6         70       1036       6682   ftp.o
      3508       1026         17         17         12      10948   ftpc.o
      3900        388         80         40       1344      13154   gps.o
       300         38          0          3        224       2811   hiduser.o
       764         12          0          0         32       9107   hw_config.o
      1496         34          0          0          0       3723   i2c.o
       500         32          0         20         96       3109   led.o
       276          0          0          0          0       3147   list.o
      1584         28         96         12          0       2679   m_time.o
      1380        194          0         96         36     298044   main.o
       292          8          0          8          0       1590   mma7660.o
      2212         94          0         25          0       8274   mmc_ssp.o
       260         40          0          0        820       5124   msc_init.o
      1284          0          0          0          0       5289   pdu.o
      5956       1438          0         43        121       9271   ppp.o
       928         56          0         17        296       4245   resolv.o
       156         20          0          9          0      16164   resolver.o
       148          0          0          0          0       1619   ringbuf.o
      1080        156          4         36          0       4284   rtc.o
      3772        884         21          5        856       6758   sms_task.o
       832         14          0          1          0       4153   sparser.o
       724         22          0          0          0       2167   spi.o
      1440         34          0          8        256       4911   sst25.o
        28          4        236          0       2048        876   startup_stm32f10x_md.o
      1102         26          0          0          0      10857   stm32f10x_adc.o
       592          8          0          0          0       4350   stm32f10x_dma.o
      1468         34          0          0          0       8050   stm32f10x_flash.o
       856         40          0          0          0       5669   stm32f10x_gpio.o
        64          6          0          0          0       1265   stm32f10x_iwdg.o
       932         44          0         20          0       8816   stm32f10x_rcc.o
       252         12          0         16          0       3166   sys_tick.o
       676         22          0         36          0       3651   sys_time.o
      2764        192          0          6       1622      26700   system_config.o
       480         42          0         20          0       1871   system_stm32f10x.o
       132         22          0          9         24       2134   tcp_ip_task.o
       344         28          0          3         12       2827   tcpip.o
       108         12          0          0          0      15939   tick.o
        76          6          0          4          0       1596   timer.o
      4260        700          0         92        216      10757   tracker.o
      2192        660          0         52        572       5077   tracking_server.o
       596         40          0          0       1832      17827   uart1.o
       480         36          0          0         32       2362   uart2.o
       580         44          0          0        668       2778   uart3.o
      5084        240          8         64       1816      21480   uip.o
       372         46          0         12          0       1805   uip_ppp.o
       272         32          0          0         78       1828   usb_config_task.o
      2372        228          0         40         64      13367   usbcore.o
         0          0        308          8          0        955   usbdesc.o
      1132         46          0          6          0       5416   usbhw.o
        96          8          8          4          0       1796   usbuser.o

    ----------------------------------------------------------------------
    106316      13004       6576       1328      18852     783778   Object Totals
         0          0         32          0          0          0   (incl. Generated)
         6          0          6         51         17          0   (incl. Padding)

    ----------------------------------------------------------------------

      Code (inc. data)   RO Data    RW Data    ZI Data      Debug   Library Member Name

       220         16          0          0          0         84   floor.o
        28          0          0          0          0         80   strtod.o
        56          8          0          0          0         84   __0sscanf.o
        92          0          0          0          0          0   __dczerorl2.o
        28          0          0          0          0         68   _chval.o
       812          6          0          0          0        112   _scanf.o
       336          0          0          0          0         96   _scanf_int.o
       218          0          0          0          0         96   _scanf_str.o
        64          0          0          0          0         84   _sgetc.o
       158          0          0          0          0         92   _strtoul.o
        26          0          0          0          0         80   atoi.o
         8          4        133          0          0         68   ctype_o.o
         0          0          0          0          0          0   entry.o
         0          0          0          0          0          0   entry10a.o
         0          0          0          0          0          0   entry11a.o
         8          4          0          0          0          0   entry2.o
         4          0          0          0          0          0   entry5.o
         0          0          0          0          0          0   entry7b.o
         0          0          0          0          0          0   entry8b.o
         8          4          0          0          0          0   entry9a.o
         8          4          0          4          0         68   errno.o
        30          0          0          0          0          0   handlers.o
        36          8          0          0          0         68   init.o
        18          0          0          0          0         76   isspace_o.o
         0          0          0          0          0          0   iusefp.o
        30          0          0          0          0         68   llshl.o
        36          0          0          0          0         68   llsshr.o
        32          0          0          0          0         68   llushr.o
        20          0          0          0          0         68   memchr.o
        26          0          0          0          0         80   memcmp.o
        36          0          0          0          0         68   memcpya.o
        36          0          0          0          0        108   memseta.o
      2296         92          0          0          0        592   printfa.o
        40          8          0          0          0         84   scanf_char.o
       842         12          0          0          0        216   scanf_fp.o
        24          0          0          0          0         68   strcat.o
        28          0          0          0          0         76   strcmp.o
        18          0          0          0          0         68   strcpy.o
        14          0          0          0          0         68   strlen.o
        24          0          0          0          0         76   strncpy.o
        36          0          0          0          0         80   strstr.o
       156         14          0          0          0        120   strtod.o
       112          0          0          0          0         88   strtol.o
        12          0          0          0          0         68   toupper.o
        44          0          0          0          0         80   uidiv.o
        98          0          0          0          0         92   uldiv.o
        40          2          0          0          0         68   cdcmple.o
        40          2          0          0          0         68   cdrcmple.o
        20          0          0          0          0         68   cfcmple.o
        20          0          0          0          0         68   cfrcmple.o
        56          0          0          0          0         88   d2f.o
       334          0          0          0          0        148   dadd.o
       222          0          0          0          0        100   ddiv.o
       190          0          0          0          0        176   depilogue.o
        50          0          0          0          0         76   dfixui.o
        48          0          0          0          0         68   dfixul.o
        26          0          0          0          0         76   dfltui.o
        24          0          0          0          0         76   dfltul.o
       228          0          0          0          0         96   dmul.o
        38          0          0          0          0         68   f2d.o
       176          0          0          0          0        140   fadd.o
       128          0          0          0          0         88   fdiv.o
       108          0          0          0          0        168   fepilogue.o
        40          0          0          0          0         68   ffixui.o
        18          0          0          0          0         68   fflti.o
        10          0          0          0          0         68   ffltui.o
       108          0          0          0          0         76   fmul.o

    ----------------------------------------------------------------------
      8052        184        136          4          0       5380   Library Totals
        10          0          3          0          0          0   (incl. Padding)

    ----------------------------------------------------------------------

      Code (inc. data)   RO Data    RW Data    ZI Data      Debug   Library Name

       248         16          0          0          0        164   m_ws.l
      5870        164        133          4          0       3296   mc_w.l
      1924          4          0          0          0       1920   mf_w.l

    ----------------------------------------------------------------------
      8052        184        136          4          0       5380   Library Totals

    ----------------------------------------------------------------------

==============================================================================


      Code (inc. data)   RO Data    RW Data    ZI Data      Debug   

    114368      13188       6712       1332      18852     777458   Grand Totals
    114368      13188       6712        256      18852     777458   ELF Image Totals (compressed)
    114368      13188       6712        256          0          0   ROM Totals

==============================================================================

    Total RO  Size (Code + RO Data)               121080 ( 118.24kB)
    Total RW  Size (RW Data + ZI Data)             20184 (  19.71kB)
    Total ROM Size (Code + RO Data + RW Data)     121336 ( 118.49kB)

==============================================================================

